Archive member included because of file (symbol)

C:\Users\ouroborus\Documents\BACHELOR\AimBot\Pixy\gcc\video\src\libfalcon_m4_spifi_drv.a(spifi_rom_api.o)
                              ./src/flash.o (spifi_program)
C:\Users\ouroborus\Documents\BACHELOR\AimBot\Pixy\gcc\video\src\libfalcon_m4_spifi_drv.a(falcon_details.o)
                              C:\Users\ouroborus\Documents\BACHELOR\AimBot\Pixy\gcc\video\src\libfalcon_m4_spifi_drv.a(spifi_rom_api.o) (pullMISO)
C:\Users\ouroborus\Documents\BACHELOR\AimBot\Pixy\gcc\video\src\libfalcon_m4_spifi_drv.a(amic.o)
                              C:\Users\ouroborus\Documents\BACHELOR\AimBot\Pixy\gcc\video\src\libfalcon_m4_spifi_drv.a(spifi_rom_api.o) (amic)
C:\Users\ouroborus\Documents\BACHELOR\AimBot\Pixy\gcc\video\src\libfalcon_m4_spifi_drv.a(atmel.o)
                              C:\Users\ouroborus\Documents\BACHELOR\AimBot\Pixy\gcc\video\src\libfalcon_m4_spifi_drv.a(spifi_rom_api.o) (atm)
C:\Users\ouroborus\Documents\BACHELOR\AimBot\Pixy\gcc\video\src\libfalcon_m4_spifi_drv.a(chi.o)
                              C:\Users\ouroborus\Documents\BACHELOR\AimBot\Pixy\gcc\video\src\libfalcon_m4_spifi_drv.a(spifi_rom_api.o) (chi)
C:\Users\ouroborus\Documents\BACHELOR\AimBot\Pixy\gcc\video\src\libfalcon_m4_spifi_drv.a(eon.o)
                              C:\Users\ouroborus\Documents\BACHELOR\AimBot\Pixy\gcc\video\src\libfalcon_m4_spifi_drv.a(spifi_rom_api.o) (eon)
C:\Users\ouroborus\Documents\BACHELOR\AimBot\Pixy\gcc\video\src\libfalcon_m4_spifi_drv.a(esmt.o)
                              C:\Users\ouroborus\Documents\BACHELOR\AimBot\Pixy\gcc\video\src\libfalcon_m4_spifi_drv.a(spifi_rom_api.o) (esmt)
C:\Users\ouroborus\Documents\BACHELOR\AimBot\Pixy\gcc\video\src\libfalcon_m4_spifi_drv.a(giga.o)
                              C:\Users\ouroborus\Documents\BACHELOR\AimBot\Pixy\gcc\video\src\libfalcon_m4_spifi_drv.a(spifi_rom_api.o) (giga)
C:\Users\ouroborus\Documents\BACHELOR\AimBot\Pixy\gcc\video\src\libfalcon_m4_spifi_drv.a(macronix.o)
                              C:\Users\ouroborus\Documents\BACHELOR\AimBot\Pixy\gcc\video\src\libfalcon_m4_spifi_drv.a(spifi_rom_api.o) (mxic)
C:\Users\ouroborus\Documents\BACHELOR\AimBot\Pixy\gcc\video\src\libfalcon_m4_spifi_drv.a(numonyx.o)
                              C:\Users\ouroborus\Documents\BACHELOR\AimBot\Pixy\gcc\video\src\libfalcon_m4_spifi_drv.a(spifi_rom_api.o) (numo)
C:\Users\ouroborus\Documents\BACHELOR\AimBot\Pixy\gcc\video\src\libfalcon_m4_spifi_drv.a(spansion.o)
                              C:\Users\ouroborus\Documents\BACHELOR\AimBot\Pixy\gcc\video\src\libfalcon_m4_spifi_drv.a(spifi_rom_api.o) (span)
C:\Users\ouroborus\Documents\BACHELOR\AimBot\Pixy\gcc\video\src\libfalcon_m4_spifi_drv.a(sst.o)
                              C:\Users\ouroborus\Documents\BACHELOR\AimBot\Pixy\gcc\video\src\libfalcon_m4_spifi_drv.a(spifi_rom_api.o) (sst)
C:\Users\ouroborus\Documents\BACHELOR\AimBot\Pixy\gcc\video\src\libfalcon_m4_spifi_drv.a(winbond.o)
                              C:\Users\ouroborus\Documents\BACHELOR\AimBot\Pixy\gcc\video\src\libfalcon_m4_spifi_drv.a(spifi_rom_api.o) (wbd)
C:\Users\ouroborus\Documents\BACHELOR\AimBot\Pixy\gcc\pixy_m4\Release\libpixy_m4.a(camera.o)
                              ./src/proggreyshades.o (cam_setMode(unsigned char const&))
C:\Users\ouroborus\Documents\BACHELOR\AimBot\Pixy\gcc\pixy_m4\Release\libpixy_m4.a(chirp.o)
                              C:\Users\ouroborus\Documents\BACHELOR\AimBot\Pixy\gcc\pixy_m4\Release\libpixy_m4.a(camera.o) (Chirp::useBuffer(unsigned char*, unsigned long))
C:\Users\ouroborus\Documents\BACHELOR\AimBot\Pixy\gcc\pixy_m4\Release\libpixy_m4.a(lpc43xx_cgu.o)
                              ./src/system_LPC43xx.o (CGU_Init)
C:\Users\ouroborus\Documents\BACHELOR\AimBot\Pixy\gcc\pixy_m4\Release\libpixy_m4.a(lpc43xx_scu.o)
                              ./src/proggreyshades.o (scu_pinmux)
C:\Users\ouroborus\Documents\BACHELOR\AimBot\Pixy\gcc\pixy_m4\Release\libpixy_m4.a(lpc43xx_uart.o)
                              ./src/proggreyshades.o (UART_Init)
C:\Users\ouroborus\Documents\BACHELOR\AimBot\Pixy\gcc\pixy_m4\Release\libpixy_m4.a(param.o)
                              ./src/exec.o (prm_get(char const*, ...))
C:\Users\ouroborus\Documents\BACHELOR\AimBot\Pixy\gcc\pixy_m4\Release\libpixy_m4.a(pixy_init.o)
                              ./src/exec.o (periodic())
C:\Users\ouroborus\Documents\BACHELOR\AimBot\Pixy\gcc\pixy_m4\Release\libpixy_m4.a(platform_config.o)
                              ./src/flash.o (g_spifi)
C:\Users\ouroborus\Documents\BACHELOR\AimBot\Pixy\gcc\pixy_m4\Release\libpixy_m4.a(power.o)
                              C:\Users\ouroborus\Documents\BACHELOR\AimBot\Pixy\gcc\pixy_m4\Release\libpixy_m4.a(pixy_init.o) (pwr_init())
C:\Users\ouroborus\Documents\BACHELOR\AimBot\Pixy\gcc\pixy_m4\Release\libpixy_m4.a(sccb.o)
                              C:\Users\ouroborus\Documents\BACHELOR\AimBot\Pixy\gcc\pixy_m4\Release\libpixy_m4.a(camera.o) (CSccb::CSccb(unsigned char))
[...]
Memory Configuration

Name             Origin             Length             Attributes
SPIflash         0x14000000         0x00020000         xr
RamLoc128        0x10000000         0x00020000         xrw
RamAHB32         0x20000000         0x00008000         xrw
RamLoc72         0x10080000         0x00012000         xrw
RamAHB16         0x20008000         0x00004000         xrw
RamAHB_ETB16     0x2000c000         0x00004000         xrw
*default*        0x00000000         0xffffffff

Linker script and memory map

LOAD ./src/cr_cpp_config.o
LOAD ./src/cr_start_m0.o
LOAD ./src/cr_startup_lpc43xx.o
LOAD ./src/exec.o
LOAD ./src/flash.o
LOAD ./src/main_m4.o
LOAD ./src/proggreyshades.o
LOAD ./src/system_LPC43xx.o
LOAD C:/Users/ouroborus/Documents/BACHELOR/AimBot/Pixy/gcc/m0/Release/m0.axf.o
LOAD C:\Users\ouroborus\Documents\BACHELOR\AimBot\Pixy\gcc\video\src\libfalcon_m4_spifi_drv.a
LOAD C:\Users\ouroborus\Documents\BACHELOR\AimBot\Pixy\gcc\pixy_m4\Release\libpixy_m4.a
START GROUP
LOAD c:/nxp/lpcxpresso_7.6.2_326/lpcxpresso/tools/bin/../lib/gcc/arm-none-eabi/4.9.3/armv7e-m/softfp\libgcc.a
LOAD c:/nxp/lpcxpresso_7.6.2_326/lpcxpresso/tools/bin/../lib/gcc/arm-none-eabi/4.9.3/../../../../arm-none-eabi/lib/armv7e-m/softfp\libc_nano.a
LOAD c:/nxp/lpcxpresso_7.6.2_326/lpcxpresso/tools/bin/../lib/gcc/arm-none-eabi/4.9.3/../../../../arm-none-eabi/lib/armv7e-m/softfp\libstdc++_nano.a
LOAD c:/nxp/lpcxpresso_7.6.2_326/lpcxpresso/tools/bin/../lib/gcc/arm-none-eabi/4.9.3/../../../../arm-none-eabi/lib/armv7e-m/softfp\libm.a
LOAD c:/nxp/lpcxpresso_7.6.2_326/lpcxpresso/tools/bin/../lib/gcc/arm-none-eabi/4.9.3/../../../../arm-none-eabi/lib/armv7e-m/softfp\libcr_newlib_nohost.a
LOAD c:/nxp/lpcxpresso_7.6.2_326/lpcxpresso/tools/bin/../lib/gcc/arm-none-eabi/4.9.3/armv7e-m/softfp\crti.o
LOAD c:/nxp/lpcxpresso_7.6.2_326/lpcxpresso/tools/bin/../lib/gcc/arm-none-eabi/4.9.3/armv7e-m/softfp\crtn.o
LOAD c:/nxp/lpcxpresso_7.6.2_326/lpcxpresso/tools/bin/../lib/gcc/arm-none-eabi/4.9.3/armv7e-m/softfp\crtbegin.o
LOAD c:/nxp/lpcxpresso_7.6.2_326/lpcxpresso/tools/bin/../lib/gcc/arm-none-eabi/4.9.3/armv7e-m/softfp\crtend.o
END GROUP
START GROUP
LOAD c:/nxp/lpcxpresso_7.6.2_326/lpcxpresso/tools/bin/../lib/gcc/arm-none-eabi/4.9.3/../../../../arm-none-eabi/lib/armv7e-m/softfp\libcr_nohost.a
LOAD c:/nxp/lpcxpresso_7.6.2_326/lpcxpresso/tools/bin/../lib/gcc/arm-none-eabi/4.9.3/armv7e-m/softfp\libcr_eabihelpers.a
END GROUP
                0x14020000                __top_SPIflash = 0x14020000
                0x10020000                __top_RamLoc128 = 0x10020000
                0x20008000                __top_RamAHB32 = 0x20008000
                0x10092000                __top_RamLoc72 = 0x10092000
                0x2000c000                __top_RamAHB16 = 0x2000c000
                0x20010000                __top_RamAHB_ETB16 = 0x20010000

.text           0x14000000      0x278
 FILL mask 0xff
                0x14000000                __vectors_start__ = ABSOLUTE (.)
 *(.isr_vector)
 .isr_vector    0x14000000      0x114 ./src/cr_startup_lpc43xx.o
                0x14000000                g_pfnVectors
                0x14000114                . = ALIGN (0x4)
                0x14000114                __section_table_start = .
                0x14000114                __data_section_table = .
                0x14000114        0x4 LONG 0x14008b0c LOADADDR (.data)
                0x14000118        0x4 LONG 0x10006630 ADDR (.data)
                0x1400011c        0x4 LONG 0xcc SIZEOF (.data)
                0x14000120        0x4 LONG 0x140068a8 LOADADDR (.data_RAM2)
                0x14000124        0x4 LONG 0x20000000 ADDR (.data_RAM2)
                0x14000128        0x4 LONG 0x0 SIZEOF (.data_RAM2)
                0x1400012c        0x4 LONG 0x140068a8 LOADADDR (.data_RAM3)
                0x14000130        0x4 LONG 0x10080000 ADDR (.data_RAM3)
                0x14000134        0x4 LONG 0x0 SIZEOF (.data_RAM3)
                0x14000138        0x4 LONG 0x140068a8 LOADADDR (.data_RAM4)
                0x1400013c        0x4 LONG 0x20008000 ADDR (.data_RAM4)
                0x14000140        0x4 LONG 0x2264 SIZEOF (.data_RAM4)
                0x14000144        0x4 LONG 0x14008b0c LOADADDR (.data_RAM5)
                0x14000148        0x4 LONG 0x2000c000 ADDR (.data_RAM5)
                0x1400014c        0x4 LONG 0x0 SIZEOF (.data_RAM5)
                0x14000150        0x4 LONG 0x14000278 LOADADDR (.text_ram)
                0x14000154        0x4 LONG 0x10000000 ADDR (.text_ram)
                0x14000158        0x4 LONG 0x6628 SIZEOF (.text_ram)
                0x1400015c                __data_section_table_end = .
                0x1400015c                __bss_section_table = .
                0x1400015c        0x4 LONG 0x10006800 ADDR (.bss)
                0x14000160        0x4 LONG 0xb48 SIZEOF (.bss)
                0x14000164        0x4 LONG 0x20000000 ADDR (.bss_RAM2)
                0x14000168        0x4 LONG 0x0 SIZEOF (.bss_RAM2)
                0x1400016c        0x4 LONG 0x10080000 ADDR (.bss_RAM3)
                0x14000170        0x4 LONG 0x0 SIZEOF (.bss_RAM3)
                0x14000174        0x4 LONG 0x2000a264 ADDR (.bss_RAM4)
                0x14000178        0x4 LONG 0x0 SIZEOF (.bss_RAM4)
                0x1400017c        0x4 LONG 0x2000c000 ADDR (.bss_RAM5)
                0x14000180        0x4 LONG 0x0 SIZEOF (.bss_RAM5)
                0x14000184                __bss_section_table_end = .
                0x14000184                __section_table_end = .
 *(.after_vectors*)
 .after_vectors
                0x14000184       0x3c ./src/cr_startup_lpc43xx.o
                0x14000184                NMI_Handler
                0x14000186                HardFault_Handler
                0x14000188                MemManage_Handler
                0x1400018a                BusFault_Handler
                0x1400018c                UsageFault_Handler
                0x1400018e                SVC_Handler
                0x14000190                DebugMon_Handler
                0x14000192                PendSV_Handler
                0x14000194                SysTick_Handler
                0x14000196                ATIMER_IRQHandler
                0x14000196                I2C0_IRQHandler
                0x14000196                I2C1_IRQHandler
                0x14000196                UART1_IRQHandler
                0x14000196                GPIO5_IRQHandler
                0x14000196                CAN1_IRQHandler
                0x14000196                USB1_IRQHandler
                0x14000196                I2S0_IRQHandler
                0x14000196                TIMER3_IRQHandler
                0x14000196                UART0_IRQHandler
                0x14000196                SGPIO_IRQHandler
                0x14000196                ADC0_IRQHandler
                0x14000196                FLASH_EEPROM_IRQHandler
                0x14000196                RIT_IRQHandler
                0x14000196                SDIO_IRQHandler
                0x14000196                GPIO1_IRQHandler
                0x14000196                SSP0_IRQHandler
                0x14000196                ADC1_IRQHandler
                0x14000196                RTC_IRQHandler
                0x14000196                TIMER0_IRQHandler
                0x14000196                SPI_IRQHandler
                0x14000196                LCD_IRQHandler
                0x14000196                VADC_IRQHandler
                0x14000196                TIMER1_IRQHandler
                0x14000196                UART2_IRQHandler
                0x14000196                GPIO2_IRQHandler
                0x14000196                I2S1_IRQHandler
                0x14000196                SSP1_IRQHandler
                0x14000196                GINT1_IRQHandler
                0x14000196                GPIO3_IRQHandler
                0x14000196                SCT_IRQHandler
                0x14000196                IntDefaultHandler
                0x14000196                MCPWM_IRQHandler
                0x14000196                WDT_IRQHandler
                0x14000196                GPIO6_IRQHandler
                0x14000196                GPIO7_IRQHandler
                0x14000196                SPIFI_IRQHandler
                0x14000196                QEI_IRQHandler
                0x14000196                ETH_IRQHandler
                0x14000196                CAN0_IRQHandler
                0x14000196                GINT0_IRQHandler
                0x14000196                DAC_IRQHandler
                0x14000196                M0SUB_IRQHandler
                0x14000196                GPIO0_IRQHandler
                0x14000196                DMA_IRQHandler
                0x14000196                EVRT_IRQHandler
                0x14000196                TIMER2_IRQHandler
                0x14000196                UART3_IRQHandler
                0x14000196                GPIO4_IRQHandler
                0x14000198                data_init(unsigned int, unsigned int, unsigned int)
                0x140001ae                bss_init(unsigned int, unsigned int)
 *cr_startup_lpc43xx.o(.text* .rodata .rodata.* .constdata .constdata.*)
 .text.ResetISR
                0x140001c0       0x98 ./src/cr_startup_lpc43xx.o
                0x140001c0                ResetISR
 .text.ResetISR.__stub
                0x14000258       0x20 linker stubs
 *(.text.main)

.glue_7         0x14000278        0x0
 .glue_7        0x00000000        0x0 linker stubs

.glue_7t        0x14000278        0x0
 .glue_7t       0x00000000        0x0 linker stubs

.vfp11_veneer   0x14000278        0x0
 .vfp11_veneer  0x00000000        0x0 linker stubs

.v4_bx          0x14000278        0x0
 .v4_bx         0x00000000        0x0 linker stubs

.iplt           0x14000278        0x0
 .iplt          0x00000000        0x0 ./src/cr_cpp_config.o

.text_ram       0x10000000     0x6628 load address 0x14000278
 *(.text*)
 .text._Znwj    0x10000000        0x4 ./src/cr_cpp_config.o
                0x10000000                operator new(unsigned int)
 .text._ZdlPv   0x10000004        0x4 ./src/cr_cpp_config.o
                0x10000004                operator delete(void*)
 .text._ZdaPv   0x10000008        0x4 ./src/cr_cpp_config.o
                0x10000008                operator delete[](void*)
 .text.__aeabi_atexit
                0x1000000c        0x4 ./src/cr_cpp_config.o
                0x1000000c                __aeabi_atexit
 .text.cr_start_m0
                0x10000010       0x9c ./src/cr_start_m0.o
                0x10000010                cr_start_m0
 .text._Z8exec_runv
                0x100000ac       0x18 ./src/exec.o
                0x100000ac                exec_run()
 .text._ZL10loadParamsv
                0x100000c4       0x20 ./src/exec.o
 .text._Z12exec_runprogRKh
                0x100000e4       0x5c ./src/exec.o
                0x100000e4                exec_runprog(unsigned char const&)
 .text._Z12exec_addProgP7Programb
                0x10000140       0x20 ./src/exec.o
                0x10000140                exec_addProg(Program*, bool)
 .text._Z11exec_stopM0v
                0x10000160       0x2c ./src/exec.o
                0x10000160                exec_stopM0()
 .text._Z15exec_loadParamsv
                0x1000018c        0xe ./src/exec.o
                0x1000018c                exec_loadParams()
 .text._Z13exec_periodicv
                0x1000019a       0x16 ./src/exec.o
                0x1000019a                exec_periodic()
 .text._Z9exec_loopv
                0x100001b0       0x88 ./src/exec.o
                0x100001b0                exec_loop()
 .text._Z13flash_programmPKhm
                0x10000238       0x54 ./src/flash.o
                0x10000238                flash_program(unsigned long, unsigned char const*, unsigned long)
 .text.startup.main
                0x1000028c       0x1c ./src/main_m4.o
                0x1000028c                main
 .text._ZN13AimBot_Serial8echoBackEPhh.isra.1
                0x100002a8       0x30 ./src/proggreyshades.o
 .text._ZN13AimBot_SerialD2Ev
                0x100002d8       0x3c ./src/proggreyshades.o
                0x100002d8                AimBot_Serial::~AimBot_Serial()
                0x100002d8                AimBot_Serial::~AimBot_Serial()
 .text._ZN13AimBot_Serial11setupSerialEv
                0x10000314       0x98 ./src/proggreyshades.o
                0x10000314                AimBot_Serial::setupSerial()
 .text._ZN10GreyShadesC2EPh
                0x100003ac       0x14 ./src/proggreyshades.o
                0x100003ac                GreyShades::GreyShades(unsigned char*)
                0x100003ac                GreyShades::GreyShades(unsigned char*)
 .text._ZN10GreyShades9setParamsEht
                0x100003c0       0x20 ./src/proggreyshades.o
                0x100003c0                GreyShades::setParams(unsigned char, unsigned short)
 .text._ZN10GreyShades16convertRawToGreyEb
                0x100003e0       0xa0 ./src/proggreyshades.o
                0x100003e0                GreyShades::convertRawToGrey(bool)
 .text._ZN10GreyShades15separateObjectsEv
                0x10000480       0xc0 ./src/proggreyshades.o
                0x10000480                GreyShades::separateObjects()
 .text._Z14greyLoadParamsv
                0x10000540       0x14 ./src/proggreyshades.o
                0x10000540                greyLoadParams()
 .text._Z9greySetupv
                0x10000554       0x40 ./src/proggreyshades.o
                0x10000554                greySetup()
 .text._ZNSt4listIiSaIiEE9pop_frontEv
                0x10000594       0x14 ./src/proggreyshades.o
                0x10000594                std::list<int, std::allocator<int> >::pop_front()
 .text._ZNSt10_List_baseI14DetectedObjectSaIS0_EE8_M_clearEv
                0x100005a8       0x16 ./src/proggreyshades.o
                0x100005a8                std::_List_base<DetectedObject, std::allocator<DetectedObject> >::_M_clear()
 .text._ZNSt10_List_baseI8sPoint16SaIS0_EE8_M_clearEv
                0x100005be       0x16 ./src/proggreyshades.o
                0x100005be                std::_List_base<sPoint16, std::allocator<sPoint16> >::_M_clear()
 .text._ZN10GreyShadesD2Ev
                0x100005d4       0x16 ./src/proggreyshades.o
                0x100005d4                GreyShades::~GreyShades()
                0x100005d4                GreyShades::~GreyShades()
 *fill*         0x100005ea        0x2 
 .text._ZN10GreyShades5resetEv
                0x100005ec       0x2c ./src/proggreyshades.o
                0x100005ec                GreyShades::reset()
 .text._ZN13AimBot_Serial12updateSerialEv
                0x10000618       0xf8 ./src/proggreyshades.o
                0x10000618                AimBot_Serial::updateSerial()
 .text._ZNSt10_List_baseIiSaIiEE8_M_clearEv
                0x10000710       0x16 ./src/proggreyshades.o
                0x10000710                std::_List_base<int, std::allocator<int> >::_M_clear()
 .text._ZNSt4listIiSaIiEE5mergeERS1_
                0x10000726       0x44 ./src/proggreyshades.o
                0x10000726                std::list<int, std::allocator<int> >::merge(std::list<int, std::allocator<int> >&)
 .text._ZNSt4listIiSaIiEE4sortEv
                0x1000076a       0xbc ./src/proggreyshades.o
                0x1000076a                std::list<int, std::allocator<int> >::sort()
 *fill*         0x10000826        0x2 
 .text._ZN10GreyShades8objCalcsEv
                0x10000828      0x1a0 ./src/proggreyshades.o
                0x10000828                GreyShades::objCalcs()
 .text._ZN10GreyShades11handleImageEv
                0x100009c8      0x13c ./src/proggreyshades.o
                0x100009c8                GreyShades::handleImage()
 .text._Z8greyLoopv
                0x10000b04       0x24 ./src/proggreyshades.o
                0x10000b04                greyLoop()
 .text.startup._GLOBAL__sub_I_g_progGreyshades
                0x10000b28       0x4c ./src/proggreyshades.o
 .text.SystemInit
                0x10000b74       0x34 ./src/system_LPC43xx.o
                0x10000b74                SystemInit
 .text          0x10000ba8     0x12ec C:\Users\ouroborus\Documents\BACHELOR\AimBot\Pixy\gcc\video\src\libfalcon_m4_spifi_drv.a(spifi_rom_api.o)
                0x10000ba8                memcpy_spifi_lib
                0x10000bd2                memset_spifi_lib
                0x10000be4                spifi_get_version
                0x10000bea                read_flash
                0x10000c1c                cmd
                0x10000c32                all_quad
                0x10000c42                read04
                0x10000c64                readAd
                0x10000c76                send04
                0x10000ca2                wren
                0x10000ca8                wren_send04
                0x10000cc4                wren_sendAd
                0x10000d0e                cancel_mem_mode
                0x10000d4e                wait_busy
                0x10000e28                write_stat
                0x10000e5a                set_mem_mode
                0x10000eea                setWPSEL
                0x10000f1c                setProtEnts
                0x10000f58                getProtBytes
                0x10000f74                readProt
                0x10000fe4                setSize
                0x10000ffa                setDev
                0x100011a6                spifi_init
                0x10001378                setProt
                0x10001798                checkAd
                0x100017e0                send_erase_cmd
                0x10001822                send_prog_cmd
                0x1000183a                prog_block
                0x1000192a                ck_erase
                0x10001942                ck_setup
                0x10001958                ck_prog
                0x100019ba                check_block
                0x10001a38                spifi_program
                0x10001c8e                spifi_erase
 .text          0x10001e94      0x160 C:\Users\ouroborus\Documents\BACHELOR\AimBot\Pixy\gcc\video\src\libfalcon_m4_spifi_drv.a(falcon_details.o)
                0x10001e94                set_uart
                0x10001eca                pullMISO
                0x10001ee0                set_spifi_io
                0x10001ef8                set_spifi_clk
 .text          0x10001ff4       0xa0 C:\Users\ouroborus\Documents\BACHELOR\AimBot\Pixy\gcc\video\src\libfalcon_m4_spifi_drv.a(amic.o)
                0x10001ff4                amic
 .text          0x10002094      0x114 C:\Users\ouroborus\Documents\BACHELOR\AimBot\Pixy\gcc\video\src\libfalcon_m4_spifi_drv.a(atmel.o)
                0x10002094                atm
 .text          0x100021a8       0xdc C:\Users\ouroborus\Documents\BACHELOR\AimBot\Pixy\gcc\video\src\libfalcon_m4_spifi_drv.a(chi.o)
                0x100021a8                chi
 .text          0x10002284       0xb8 C:\Users\ouroborus\Documents\BACHELOR\AimBot\Pixy\gcc\video\src\libfalcon_m4_spifi_drv.a(eon.o)
                0x10002284                eon
 .text          0x1000233c       0xbc C:\Users\ouroborus\Documents\BACHELOR\AimBot\Pixy\gcc\video\src\libfalcon_m4_spifi_drv.a(esmt.o)
                0x1000233c                esmt
 .text          0x100023f8       0xb0 C:\Users\ouroborus\Documents\BACHELOR\AimBot\Pixy\gcc\video\src\libfalcon_m4_spifi_drv.a(giga.o)
                0x100023f8                giga
 .text          0x100024a8      0x194 C:\Users\ouroborus\Documents\BACHELOR\AimBot\Pixy\gcc\video\src\libfalcon_m4_spifi_drv.a(macronix.o)
                0x100024a8                mxic
 .text          0x1000263c      0x178 C:\Users\ouroborus\Documents\BACHELOR\AimBot\Pixy\gcc\video\src\libfalcon_m4_spifi_drv.a(numonyx.o)
                0x1000263c                numo_dummies
                0x1000266e                numo
 .text          0x100027b4       0xec C:\Users\ouroborus\Documents\BACHELOR\AimBot\Pixy\gcc\video\src\libfalcon_m4_spifi_drv.a(spansion.o)
                0x100027b4                moreId
                0x100027f6                span
 .text          0x100028a0       0xb8 C:\Users\ouroborus\Documents\BACHELOR\AimBot\Pixy\gcc\video\src\libfalcon_m4_spifi_drv.a(sst.o)
                0x100028a0                sst
 .text          0x10002958       0xfc C:\Users\ouroborus\Documents\BACHELOR\AimBot\Pixy\gcc\video\src\libfalcon_m4_spifi_drv.a(winbond.o)
                0x10002958                wbd_dummies
                0x10002976                wbd
 .text._Z10cam_setAWBRKh
                0x10002a54       0x48 C:\Users\ouroborus\Documents\BACHELOR\AimBot\Pixy\gcc\pixy_m4\Release\libpixy_m4.a(camera.o)
                0x10002a54                cam_setAWB(unsigned char const&)
 .text._Z17cam_setBrightnessRKh
                0x10002a9c       0x38 C:\Users\ouroborus\Documents\BACHELOR\AimBot\Pixy\gcc\pixy_m4\Release\libpixy_m4.a(camera.o)
                0x10002a9c                cam_setBrightness(unsigned char const&)
 .text._ZL11cam_setRegsPKhi
                0x10002ad4       0x5c C:\Users\ouroborus\Documents\BACHELOR\AimBot\Pixy\gcc\pixy_m4\Release\libpixy_m4.a(camera.o)
 .text._Z11cam_setModeRKh
                0x10002b30       0x38 C:\Users\ouroborus\Documents\BACHELOR\AimBot\Pixy\gcc\pixy_m4\Release\libpixy_m4.a(camera.o)
                0x10002b30                cam_setMode(unsigned char const&)
 .text._Z12cam_getFramePhmhtttt
                0x10002b68       0xdc C:\Users\ouroborus\Documents\BACHELOR\AimBot\Pixy\gcc\pixy_m4\Release\libpixy_m4.a(camera.o)
                0x10002b68                cam_getFrame(unsigned char*, unsigned long, unsigned char, unsigned short, unsigned short, unsigned short, unsigned short)
 .text._Z14cam_loadParamsv
                0x10002c44       0x3c C:\Users\ouroborus\Documents\BACHELOR\AimBot\Pixy\gcc\pixy_m4\Release\libpixy_m4.a(camera.o)
                0x10002c44                cam_loadParams()
 .text._Z8cam_initv
                0x10002c80       0x68 C:\Users\ouroborus\Documents\BACHELOR\AimBot\Pixy\gcc\pixy_m4\Release\libpixy_m4.a(camera.o)
                0x10002c80                cam_init()
 .text.startup._GLOBAL__sub_I_g_sccb
                0x10002ce8       0x10 C:\Users\ouroborus\Documents\BACHELOR\AimBot\Pixy\gcc\pixy_m4\Release\libpixy_m4.a(camera.o)
 .text._ZN5Chirp11handleXdataEPPv
                0x10002cf8        0x2 C:\Users\ouroborus\Documents\BACHELOR\AimBot\Pixy\gcc\pixy_m4\Release\libpixy_m4.a(chirp.o)
                0x10002cf8                Chirp::handleXdata(void**)
 .text._ZN5Chirp4initEb
                0x10002cfa        0x4 C:\Users\ouroborus\Documents\BACHELOR\AimBot\Pixy\gcc\pixy_m4\Release\libpixy_m4.a(chirp.o)
                0x10002cfa                Chirp::init(bool)
 .text._Z9copyAlignPcPKci
                0x10002cfe       0x12 C:\Users\ouroborus\Documents\BACHELOR\AimBot\Pixy\gcc\pixy_m4\Release\libpixy_m4.a(chirp.o)
                0x10002cfe                copyAlign(char*, char const*, int)
 .text._ZN5Chirp13restoreBufferEv
                0x10002d10        0xc C:\Users\ouroborus\Documents\BACHELOR\AimBot\Pixy\gcc\pixy_m4\Release\libpixy_m4.a(chirp.o)
                0x10002d10                Chirp::restoreBuffer()
 .text._ZN5Chirp8loadArgsEPSt9__va_listPPv
                0x10002d1c       0x84 C:\Users\ouroborus\Documents\BACHELOR\AimBot\Pixy\gcc\pixy_m4\Release\libpixy_m4.a(chirp.o)
                0x10002d1c                Chirp::loadArgs(std::__va_list*, void**)
 .text._ZN5Chirp14sendChirpRetryEhs
                0x10002da0       0x58 C:\Users\ouroborus\Documents\BACHELOR\AimBot\Pixy\gcc\pixy_m4\Release\libpixy_m4.a(chirp.o)
                0x10002da0                Chirp::sendChirpRetry(unsigned char, short)
 .text._ZN5Chirp12reallocTableEv
                0x10002df8       0x44 C:\Users\ouroborus\Documents\BACHELOR\AimBot\Pixy\gcc\pixy_m4\Release\libpixy_m4.a(chirp.o)
                0x10002df8                Chirp::reallocTable()
 .text._ZN5Chirp11lookupTableEPKc
                0x10002e3c       0x32 C:\Users\ouroborus\Documents\BACHELOR\AimBot\Pixy\gcc\pixy_m4\Release\libpixy_m4.a(chirp.o)
                0x10002e3c                Chirp::lookupTable(char const*)
 .text._ZN5Chirp11updateTableEPKcPFmPS_E
                0x10002e6e       0x54 C:\Users\ouroborus\Documents\BACHELOR\AimBot\Pixy\gcc\pixy_m4\Release\libpixy_m4.a(chirp.o)
                0x10002e6e                Chirp::updateTable(char const*, unsigned long (*)(Chirp*))
 .text._ZN5Chirp15handleEnumerateEPcPs
                0x10002ec2       0x16 C:\Users\ouroborus\Documents\BACHELOR\AimBot\Pixy\gcc\pixy_m4\Release\libpixy_m4.a(chirp.o)
                0x10002ec2                Chirp::handleEnumerate(char*, short*)
 .text._ZN5Chirp7reallocEm
                0x10002ed8       0x44 C:\Users\ouroborus\Documents\BACHELOR\AimBot\Pixy\gcc\pixy_m4\Release\libpixy_m4.a(chirp.o)
                0x10002ed8                Chirp::realloc(unsigned long)
 .text._ZN5Chirp10vserializeEPS_PhmPSt9__va_list
                0x10002f1c      0x206 C:\Users\ouroborus\Documents\BACHELOR\AimBot\Pixy\gcc\pixy_m4\Release\libpixy_m4.a(chirp.o)
                0x10002f1c                Chirp::vserialize(Chirp*, unsigned char*, unsigned long, std::__va_list*)
 .text._ZN5Chirp9vassembleEPSt9__va_list
                0x10003122       0x1c C:\Users\ouroborus\Documents\BACHELOR\AimBot\Pixy\gcc\pixy_m4\Release\libpixy_m4.a(chirp.o)
                0x10003122                Chirp::vassemble(std::__va_list*)
 .text._ZN5Chirp8assembleEhz
                0x1000313e       0x4e C:\Users\ouroborus\Documents\BACHELOR\AimBot\Pixy\gcc\pixy_m4\Release\libpixy_m4.a(chirp.o)
                0x1000313e                Chirp::assemble(unsigned char, ...)
 .text._ZN5Chirp10handleInitEPtPh
                0x1000318c       0x48 C:\Users\ouroborus\Documents\BACHELOR\AimBot\Pixy\gcc\pixy_m4\Release\libpixy_m4.a(chirp.o)
                0x1000318c                Chirp::handleInit(unsigned short*, unsigned char*)
 .text._ZN5Chirp19handleEnumerateInfoEPs
                0x100031d4       0x64 C:\Users\ouroborus\Documents\BACHELOR\AimBot\Pixy\gcc\pixy_m4\Release\libpixy_m4.a(chirp.o)
                0x100031d4                Chirp::handleEnumerateInfo(short*)
 .text._ZN5Chirp11handleChirpEhsPPv
                0x10003238      0x1a2 C:\Users\ouroborus\Documents\BACHELOR\AimBot\Pixy\gcc\pixy_m4\Release\libpixy_m4.a(chirp.o)
                0x10003238                Chirp::handleChirp(unsigned char, short, void**)
 .text._ZN5Chirp16deserializeParseEPhmPPv
                0x100033da       0xb8 C:\Users\ouroborus\Documents\BACHELOR\AimBot\Pixy\gcc\pixy_m4\Release\libpixy_m4.a(chirp.o)
                0x100033da                Chirp::deserializeParse(unsigned char*, unsigned long, void**)
 .text._ZN5Chirp12vdeserializeEPhmPSt9__va_list
                0x10003492       0x1c C:\Users\ouroborus\Documents\BACHELOR\AimBot\Pixy\gcc\pixy_m4\Release\libpixy_m4.a(chirp.o)
                0x10003492                Chirp::vdeserialize(unsigned char*, unsigned long, std::__va_list*)
 .text._ZN5Chirp7calcCrcEPhm
                0x100034ae       0x1a C:\Users\ouroborus\Documents\BACHELOR\AimBot\Pixy\gcc\pixy_m4\Release\libpixy_m4.a(chirp.o)
                0x100034ae                Chirp::calcCrc(unsigned char*, unsigned long)
 .text._ZN5Chirp8sendFullEhs
                0x100034c8       0x50 C:\Users\ouroborus\Documents\BACHELOR\AimBot\Pixy\gcc\pixy_m4\Release\libpixy_m4.a(chirp.o)
                0x100034c8                Chirp::sendFull(unsigned char, short)
 .text._ZN5Chirp7sendAckEb
                0x10003518       0x2e C:\Users\ouroborus\Documents\BACHELOR\AimBot\Pixy\gcc\pixy_m4\Release\libpixy_m4.a(chirp.o)
                0x10003518                Chirp::sendAck(bool)
 *fill*         0x10003546        0x2 
 .text._ZN5Chirp10recvHeaderEPhPsb
                0x10003548       0xf4 C:\Users\ouroborus\Documents\BACHELOR\AimBot\Pixy\gcc\pixy_m4\Release\libpixy_m4.a(chirp.o)
                0x10003548                Chirp::recvHeader(unsigned char*, short*, bool)
 .text._ZN5Chirp8recvFullEPhPsb
                0x1000363c       0x94 C:\Users\ouroborus\Documents\BACHELOR\AimBot\Pixy\gcc\pixy_m4\Release\libpixy_m4.a(chirp.o)
                0x1000363c                Chirp::recvFull(unsigned char*, short*, bool)
 .text._ZN5Chirp8recvDataEv
                0x100036d0       0xd4 C:\Users\ouroborus\Documents\BACHELOR\AimBot\Pixy\gcc\pixy_m4\Release\libpixy_m4.a(chirp.o)
                0x100036d0                Chirp::recvData()
 .text._ZN5Chirp9recvChirpEPhPsPPvb
                0x100037a4       0x92 C:\Users\ouroborus\Documents\BACHELOR\AimBot\Pixy\gcc\pixy_m4\Release\libpixy_m4.a(chirp.o)
                0x100037a4                Chirp::recvChirp(unsigned char*, short*, void**, bool)
 .text._ZN5Chirp4callEhsz
                0x10003836       0xf0 C:\Users\ouroborus\Documents\BACHELOR\AimBot\Pixy\gcc\pixy_m4\Release\libpixy_m4.a(chirp.o)
                0x10003836                Chirp::call(unsigned char, short, ...)
 .text._ZN5Chirp7getProcEPKcPFmPS_E
                0x10003926       0x44 C:\Users\ouroborus\Documents\BACHELOR\AimBot\Pixy\gcc\pixy_m4\Release\libpixy_m4.a(chirp.o)
                0x10003926                Chirp::getProc(char const*, unsigned long (*)(Chirp*))
 .text._ZN5Chirp10remoteInitEb
                0x1000396a       0x4e C:\Users\ouroborus\Documents\BACHELOR\AimBot\Pixy\gcc\pixy_m4\Release\libpixy_m4.a(chirp.o)
                0x1000396a                Chirp::remoteInit(bool)
 .text._ZN5Chirp7setLinkEP4Link
                0x100039b8       0x7c C:\Users\ouroborus\Documents\BACHELOR\AimBot\Pixy\gcc\pixy_m4\Release\libpixy_m4.a(chirp.o)
                0x100039b8                Chirp::setLink(Link*)
 .text._ZN5ChirpC2EbbP4Link
                0x10003a34       0x70 C:\Users\ouroborus\Documents\BACHELOR\AimBot\Pixy\gcc\pixy_m4\Release\libpixy_m4.a(chirp.o)
                0x10003a34                Chirp::Chirp(bool, bool, Link*)
                0x10003a34                Chirp::Chirp(bool, bool, Link*)
 .text._ZN5Chirp7recvAckEPbt
                0x10003aa4       0x3c C:\Users\ouroborus\Documents\BACHELOR\AimBot\Pixy\gcc\pixy_m4\Release\libpixy_m4.a(chirp.o)
                0x10003aa4                Chirp::recvAck(bool*, unsigned short)
 .text._ZN5Chirp10sendHeaderEhs
                0x10003ae0       0xb8 C:\Users\ouroborus\Documents\BACHELOR\AimBot\Pixy\gcc\pixy_m4\Release\libpixy_m4.a(chirp.o)
                0x10003ae0                Chirp::sendHeader(unsigned char, short)
 .text._ZN5Chirp8sendDataEv
                0x10003b98       0xa2 C:\Users\ouroborus\Documents\BACHELOR\AimBot\Pixy\gcc\pixy_m4\Release\libpixy_m4.a(chirp.o)
                0x10003b98                Chirp::sendData()
 .text._ZN5Chirp9sendChirpEhs
                0x10003c3a       0x30 C:\Users\ouroborus\Documents\BACHELOR\AimBot\Pixy\gcc\pixy_m4\Release\libpixy_m4.a(chirp.o)
                0x10003c3a                Chirp::sendChirp(unsigned char, short)
 *fill*         0x10003c6a        0x2 
 .text.CGU_GetPCLKFrequency
                0x10003c6c       0x7c C:\Users\ouroborus\Documents\BACHELOR\AimBot\Pixy\gcc\pixy_m4\Release\libpixy_m4.a(lpc43xx_cgu.o)
                0x10003c6c                CGU_GetPCLKFrequency
 .text.CGU_UpdateClock
                0x10003ce8       0x8c C:\Users\ouroborus\Documents\BACHELOR\AimBot\Pixy\gcc\pixy_m4\Release\libpixy_m4.a(lpc43xx_cgu.o)
                0x10003ce8                CGU_UpdateClock
 .text.CGU_SetXTALOSC
                0x10003d74       0x3c C:\Users\ouroborus\Documents\BACHELOR\AimBot\Pixy\gcc\pixy_m4\Release\libpixy_m4.a(lpc43xx_cgu.o)
                0x10003d74                CGU_SetXTALOSC
 .text.CGU_SetDIV
                0x10003db0       0x38 C:\Users\ouroborus\Documents\BACHELOR\AimBot\Pixy\gcc\pixy_m4\Release\libpixy_m4.a(lpc43xx_cgu.o)
                0x10003db0                CGU_SetDIV
 .text.CGU_EnableEntity
                0x10003de8       0xc4 C:\Users\ouroborus\Documents\BACHELOR\AimBot\Pixy\gcc\pixy_m4\Release\libpixy_m4.a(lpc43xx_cgu.o)
                0x10003de8                CGU_EnableEntity
 .text.CGU_EntityConnect
                0x10003eac       0x74 C:\Users\ouroborus\Documents\BACHELOR\AimBot\Pixy\gcc\pixy_m4\Release\libpixy_m4.a(lpc43xx_cgu.o)
                0x10003eac                CGU_EntityConnect
 .text.CGU_SetPLL1
                0x10003f20       0x7c C:\Users\ouroborus\Documents\BACHELOR\AimBot\Pixy\gcc\pixy_m4\Release\libpixy_m4.a(lpc43xx_cgu.o)
                0x10003f20                CGU_SetPLL1
 .text.CGU_Init
                0x10003f9c       0x40 C:\Users\ouroborus\Documents\BACHELOR\AimBot\Pixy\gcc\pixy_m4\Release\libpixy_m4.a(lpc43xx_cgu.o)
                0x10003f9c                CGU_Init
 .text.scu_pinmux
                0x10003fdc       0x14 C:\Users\ouroborus\Documents\BACHELOR\AimBot\Pixy\gcc\pixy_m4\Release\libpixy_m4.a(lpc43xx_scu.o)
                0x10003fdc                scu_pinmux
 .text.UART_Send.part.0
                0x10003ff0       0x40 C:\Users\ouroborus\Documents\BACHELOR\AimBot\Pixy\gcc\pixy_m4\Release\libpixy_m4.a(lpc43xx_uart.o)
 .text.UART_setBaudRate
                0x10004030      0x144 C:\Users\ouroborus\Documents\BACHELOR\AimBot\Pixy\gcc\pixy_m4\Release\libpixy_m4.a(lpc43xx_uart.o)
                0x10004030                UART_setBaudRate
 .text.UART_Init
                0x10004174      0x104 C:\Users\ouroborus\Documents\BACHELOR\AimBot\Pixy\gcc\pixy_m4\Release\libpixy_m4.a(lpc43xx_uart.o)
                0x10004174                UART_Init
 .text.UART_ConfigStructInit
                0x10004278       0x14 C:\Users\ouroborus\Documents\BACHELOR\AimBot\Pixy\gcc\pixy_m4\Release\libpixy_m4.a(lpc43xx_uart.o)
                0x10004278                UART_ConfigStructInit
 .text.UART_ReceiveByte
                0x1000428c        0x6 C:\Users\ouroborus\Documents\BACHELOR\AimBot\Pixy\gcc\pixy_m4\Release\libpixy_m4.a(lpc43xx_uart.o)
                0x1000428c                UART_ReceiveByte
 .text.UART_Send
                0x10004292       0x4a C:\Users\ouroborus\Documents\BACHELOR\AimBot\Pixy\gcc\pixy_m4\Release\libpixy_m4.a(lpc43xx_uart.o)
                0x10004292                UART_Send
 .text.UART_CheckBusy
                0x100042dc        0xc C:\Users\ouroborus\Documents\BACHELOR\AimBot\Pixy\gcc\pixy_m4\Release\libpixy_m4.a(lpc43xx_uart.o)
                0x100042dc                UART_CheckBusy
 .text.UART_FIFOConfig
                0x100042e8       0x3c C:\Users\ouroborus\Documents\BACHELOR\AimBot\Pixy\gcc\pixy_m4\Release\libpixy_m4.a(lpc43xx_uart.o)
                0x100042e8                UART_FIFOConfig
 .text.UART_TxCmd
                0x10004324       0x34 C:\Users\ouroborus\Documents\BACHELOR\AimBot\Pixy\gcc\pixy_m4\Release\libpixy_m4.a(lpc43xx_uart.o)
                0x10004324                UART_TxCmd
 .text._Z17prm_getDataOffsetPK11ParamRecord
                0x10004358       0x26 C:\Users\ouroborus\Documents\BACHELOR\AimBot\Pixy\gcc\pixy_m4\Release\libpixy_m4.a(param.o)
                0x10004358                prm_getDataOffset(ParamRecord const*)
 .text._Z7prm_crcPK11ParamRecord
                0x1000437e       0x28 C:\Users\ouroborus\Documents\BACHELOR\AimBot\Pixy\gcc\pixy_m4\Release\libpixy_m4.a(param.o)
                0x1000437e                prm_crc(ParamRecord const*)
 *fill*         0x100043a6        0x2 
 .text._Z8prm_findPKcPh
                0x100043a8       0x4c C:\Users\ouroborus\Documents\BACHELOR\AimBot\Pixy\gcc\pixy_m4\Release\libpixy_m4.a(param.o)
                0x100043a8                prm_find(char const*, unsigned char*)
 .text._Z12prm_nextFreev
                0x100043f4       0x30 C:\Users\ouroborus\Documents\BACHELOR\AimBot\Pixy\gcc\pixy_m4\Release\libpixy_m4.a(param.o)
                0x100043f4                prm_nextFree()
 .text._Z7prm_getPKcz
                0x10004424       0x36 C:\Users\ouroborus\Documents\BACHELOR\AimBot\Pixy\gcc\pixy_m4\Release\libpixy_m4.a(param.o)
                0x10004424                prm_get(char const*, ...)
 .text._Z7prm_addPKcmS0_z
                0x1000445a       0xc4 C:\Users\ouroborus\Documents\BACHELOR\AimBot\Pixy\gcc\pixy_m4\Release\libpixy_m4.a(param.o)
                0x1000445a                prm_add(char const*, unsigned long, char const*, ...)
 *fill*         0x1000451e        0x2 
 .text._Z9prm_dirtyv
                0x10004520       0x10 C:\Users\ouroborus\Documents\BACHELOR\AimBot\Pixy\gcc\pixy_m4\Release\libpixy_m4.a(param.o)
                0x10004520                prm_dirty()
 .text._Z7ADCInitv
                0x10004530       0x24 C:\Users\ouroborus\Documents\BACHELOR\AimBot\Pixy\gcc\pixy_m4\Release\libpixy_m4.a(pixy_init.o)
                0x10004530                ADCInit()
 .text._Z10CameraInitv
                0x10004554       0x58 C:\Users\ouroborus\Documents\BACHELOR\AimBot\Pixy\gcc\pixy_m4\Release\libpixy_m4.a(pixy_init.o)
                0x10004554                CameraInit()
 .text._Z8GPIOInitv
                0x100045ac       0x24 C:\Users\ouroborus\Documents\BACHELOR\AimBot\Pixy\gcc\pixy_m4\Release\libpixy_m4.a(pixy_init.o)
                0x100045ac                GPIOInit()
 .text._Z9timerInitv
                0x100045d0       0x20 C:\Users\ouroborus\Documents\BACHELOR\AimBot\Pixy\gcc\pixy_m4\Release\libpixy_m4.a(pixy_init.o)
                0x100045d0                timerInit()
 .text._Z10commonInitv
                0x100045f0       0x1c C:\Users\ouroborus\Documents\BACHELOR\AimBot\Pixy\gcc\pixy_m4\Release\libpixy_m4.a(pixy_init.o)
                0x100045f0                commonInit()
 .text._Z9handleAWBv
                0x1000460c       0x48 C:\Users\ouroborus\Documents\BACHELOR\AimBot\Pixy\gcc\pixy_m4\Release\libpixy_m4.a(pixy_init.o)
                0x1000460c                handleAWB()
 .text._Z8periodicv
                0x10004654        0x4 C:\Users\ouroborus\Documents\BACHELOR\AimBot\Pixy\gcc\pixy_m4\Release\libpixy_m4.a(pixy_init.o)
                0x10004654                periodic()
 .text._Z8pixyInitv
                0x10004658       0x50 C:\Users\ouroborus\Documents\BACHELOR\AimBot\Pixy\gcc\pixy_m4\Release\libpixy_m4.a(pixy_init.o)
                0x10004658                pixyInit()
 .text.delayus.constprop.0
                0x100046a8       0x2a C:\Users\ouroborus\Documents\BACHELOR\AimBot\Pixy\gcc\pixy_m4\Release\libpixy_m4.a(platform_config.o)
 *fill*         0x100046d2        0x2 
 .text.vIOInit  0x100046d4      0x234 C:\Users\ouroborus\Documents\BACHELOR\AimBot\Pixy\gcc\pixy_m4\Release\libpixy_m4.a(platform_config.o)
                0x100046d4                vIOInit
 .text.clockInit
                0x10004908      0x12c C:\Users\ouroborus\Documents\BACHELOR\AimBot\Pixy\gcc\pixy_m4\Release\libpixy_m4.a(platform_config.o)
                0x10004908                clockInit
 .text.platformInit
                0x10004a34       0x16 C:\Users\ouroborus\Documents\BACHELOR\AimBot\Pixy\gcc\pixy_m4\Release\libpixy_m4.a(platform_config.o)
                0x10004a34                platformInit
 .text._Z10pwr_getVinv
                0x10004a4a       0x16 C:\Users\ouroborus\Documents\BACHELOR\AimBot\Pixy\gcc\pixy_m4\Release\libpixy_m4.a(power.o)
                0x10004a4a                pwr_getVin()
 .text._Z8pwr_initv
                0x10004a60       0x34 C:\Users\ouroborus\Documents\BACHELOR\AimBot\Pixy\gcc\pixy_m4\Release\libpixy_m4.a(power.o)
                0x10004a60                pwr_init()
 .text._ZN5CSccb9PortWriteEhh.isra.0
                0x10004a94       0x38 C:\Users\ouroborus\Documents\BACHELOR\AimBot\Pixy\gcc\pixy_m4\Release\libpixy_m4.a(sccb.o)
 .text._ZN5CSccb5DriveEv.isra.1
                0x10004acc       0x24 C:\Users\ouroborus\Documents\BACHELOR\AimBot\Pixy\gcc\pixy_m4\Release\libpixy_m4.a(sccb.o)
 .text._ZN5CSccb8TriStateEv.isra.2
                0x10004af0       0x24 C:\Users\ouroborus\Documents\BACHELOR\AimBot\Pixy\gcc\pixy_m4\Release\libpixy_m4.a(sccb.o)
 .text._ZN5CSccb5StartEv.isra.3
                0x10004b14       0x22 C:\Users\ouroborus\Documents\BACHELOR\AimBot\Pixy\gcc\pixy_m4\Release\libpixy_m4.a(sccb.o)
 .text._ZN5CSccb4StopEv.isra.4
                0x10004b36       0x1a C:\Users\ouroborus\Documents\BACHELOR\AimBot\Pixy\gcc\pixy_m4\Release\libpixy_m4.a(sccb.o)
 .text._ZN5CSccbC2Eh
                0x10004b50       0x24 C:\Users\ouroborus\Documents\BACHELOR\AimBot\Pixy\gcc\pixy_m4\Release\libpixy_m4.a(sccb.o)
                0x10004b50                CSccb::CSccb(unsigned char)
                0x10004b50                CSccb::CSccb(unsigned char)
 .text._ZN5CSccb5WriteEh
                0x10004b74       0x68 C:\Users\ouroborus\Documents\BACHELOR\AimBot\Pixy\gcc\pixy_m4\Release\libpixy_m4.a(sccb.o)
                0x10004b74                CSccb::Write(unsigned char)
 .text._ZN5CSccb5WriteEhh
                0x10004bdc       0x2c C:\Users\ouroborus\Documents\BACHELOR\AimBot\Pixy\gcc\pixy_m4\Release\libpixy_m4.a(sccb.o)
                0x10004bdc                CSccb::Write(unsigned char, unsigned char)
 .text._ZN5CSccb4ReadEh
                0x10004c08       0x88 C:\Users\ouroborus\Documents\BACHELOR\AimBot\Pixy\gcc\pixy_m4\Release\libpixy_m4.a(sccb.o)
                0x10004c08                CSccb::Read(unsigned char)
 .text._ZN4Link9blockSizeEv
                0x10004c90        0x4 C:\Users\ouroborus\Documents\BACHELOR\AimBot\Pixy\gcc\pixy_m4\Release\libpixy_m4.a(smlink.o)
                0x10004c90                Link::blockSize()
 .text._ZN4Link9getBufferEPPhPm
                0x10004c94        0x6 C:\Users\ouroborus\Documents\BACHELOR\AimBot\Pixy\gcc\pixy_m4\Release\libpixy_m4.a(smlink.o)
                0x10004c94                Link::getBuffer(unsigned char**, unsigned long*)
 *fill*         0x10004c9a        0x2 
 .text._ZN6SMLink4sendEPKhmt
                0x10004c9c       0x38 C:\Users\ouroborus\Documents\BACHELOR\AimBot\Pixy\gcc\pixy_m4\Release\libpixy_m4.a(smlink.o)
                0x10004c9c                SMLink::send(unsigned char const*, unsigned long, unsigned short)
 .text._ZN6SMLink7receiveEPhmt
                0x10004cd4       0x38 C:\Users\ouroborus\Documents\BACHELOR\AimBot\Pixy\gcc\pixy_m4\Release\libpixy_m4.a(smlink.o)
                0x10004cd4                SMLink::receive(unsigned char*, unsigned long, unsigned short)
 .text._ZN6SMLink8setTimerEv
                0x10004d0c        0x6 C:\Users\ouroborus\Documents\BACHELOR\AimBot\Pixy\gcc\pixy_m4\Release\libpixy_m4.a(smlink.o)
                0x10004d0c                SMLink::setTimer()
 .text._ZN6SMLink8getTimerEv
                0x10004d12        0x6 C:\Users\ouroborus\Documents\BACHELOR\AimBot\Pixy\gcc\pixy_m4\Release\libpixy_m4.a(smlink.o)
                0x10004d12                SMLink::getTimer()
 .text._ZN6SMLink8getFlagsEh
                0x10004d18       0x20 C:\Users\ouroborus\Documents\BACHELOR\AimBot\Pixy\gcc\pixy_m4\Release\libpixy_m4.a(smlink.o)
                0x10004d18                SMLink::getFlags(unsigned char)
 .text._ZN6SMLinkC2Ev
                0x10004d38       0x1c C:\Users\ouroborus\Documents\BACHELOR\AimBot\Pixy\gcc\pixy_m4\Release\libpixy_m4.a(smlink.o)
                0x10004d38                SMLink::SMLink()
                0x10004d38                SMLink::SMLink()
 .text.debug_frmwrk_init_clk
                0x10004d54       0x2c C:\Users\ouroborus\Documents\BACHELOR\AimBot\Pixy\gcc\pixy_m4\Release\libpixy_m4.a(debug_frmwrk.o)
                0x10004d54                debug_frmwrk_init_clk
 .text.fpuInit  0x10004d80       0x48 C:\Users\ouroborus\Documents\BACHELOR\AimBot\Pixy\gcc\pixy_m4\Release\libpixy_m4.a(fpu_init.o)
                0x10004d80                fpuInit
 .text._mbxProcess
                0x10004dc8       0x20 C:\Users\ouroborus\Documents\BACHELOR\AimBot\Pixy\gcc\pixy_m4\Release\libpixy_m4.a(ipc_mbx.o)
 .text.IPC_queryLocalMbx
                0x10004de8       0x10 C:\Users\ouroborus\Documents\BACHELOR\AimBot\Pixy\gcc\pixy_m4\Release\libpixy_m4.a(ipc_mbx.o)
                0x10004de8                IPC_queryLocalMbx
 .text.IPC_haltSlave
                0x10004df8       0x2c C:\Users\ouroborus\Documents\BACHELOR\AimBot\Pixy\gcc\pixy_m4\Release\libpixy_m4.a(ipc_mbx.o)
                0x10004df8                IPC_haltSlave
 .text.M0CORE_IRQHandler
                0x10004e24       0x30 C:\Users\ouroborus\Documents\BACHELOR\AimBot\Pixy\gcc\pixy_m4\Release\libpixy_m4.a(ipc_mbx.o)
                0x10004e24                M0CORE_IRQHandler
 .text.ADC_Init
                0x10004e54       0x4c C:\Users\ouroborus\Documents\BACHELOR\AimBot\Pixy\gcc\pixy_m4\Release\libpixy_m4.a(lpc43xx_adc.o)
                0x10004e54                ADC_Init
 .text.ADC_StartCmd
                0x10004ea0       0x12 C:\Users\ouroborus\Documents\BACHELOR\AimBot\Pixy\gcc\pixy_m4\Release\libpixy_m4.a(lpc43xx_adc.o)
                0x10004ea0                ADC_StartCmd
 .text.ADC_IntConfig
                0x10004eb2       0x18 C:\Users\ouroborus\Documents\BACHELOR\AimBot\Pixy\gcc\pixy_m4\Release\libpixy_m4.a(lpc43xx_adc.o)
                0x10004eb2                ADC_IntConfig
 .text.ADC_ChannelCmd
                0x10004eca       0x1e C:\Users\ouroborus\Documents\BACHELOR\AimBot\Pixy\gcc\pixy_m4\Release\libpixy_m4.a(lpc43xx_adc.o)
                0x10004eca                ADC_ChannelCmd
 .text.ADC_ChannelGetData
                0x10004ee8        0xc C:\Users\ouroborus\Documents\BACHELOR\AimBot\Pixy\gcc\pixy_m4\Release\libpixy_m4.a(lpc43xx_adc.o)
                0x10004ee8                ADC_ChannelGetData
 .text.ADC_ChannelGetStatus
                0x10004ef4       0x1a C:\Users\ouroborus\Documents\BACHELOR\AimBot\Pixy\gcc\pixy_m4\Release\libpixy_m4.a(lpc43xx_adc.o)
                0x10004ef4                ADC_ChannelGetStatus
 *fill*         0x10004f0e        0x2 
 .text.delayus  0x10004f10       0x14 C:\Users\ouroborus\Documents\BACHELOR\AimBot\Pixy\gcc\pixy_m4\Release\libpixy_m4.a(misc.o)
                0x10004f10                delayus
 .text.adc_get  0x10004f24       0x48 C:\Users\ouroborus\Documents\BACHELOR\AimBot\Pixy\gcc\pixy_m4\Release\libpixy_m4.a(misc.o)
                0x10004f24                adc_get
 .text.setTimer
                0x10004f6c        0xc C:\Users\ouroborus\Documents\BACHELOR\AimBot\Pixy\gcc\pixy_m4\Release\libpixy_m4.a(misc.o)
                0x10004f6c                setTimer
 .text.getTimer
                0x10004f78        0xc C:\Users\ouroborus\Documents\BACHELOR\AimBot\Pixy\gcc\pixy_m4\Release\libpixy_m4.a(misc.o)
                0x10004f78                getTimer
 .text.USB_Reset
                0x10004f84       0xf8 C:\Users\ouroborus\Documents\BACHELOR\AimBot\Pixy\gcc\pixy_m4\Release\libpixy_m4.a(usbhw.o)
                0x10004f84                USB_Reset
 .text.USB0_IRQHandler
                0x1000507c      0x15c C:\Users\ouroborus\Documents\BACHELOR\AimBot\Pixy\gcc\pixy_m4\Release\libpixy_m4.a(usbhw.o)
                0x1000507c                USB0_IRQHandler
 .text          0x100051d8       0xa0 c:/nxp/lpcxpresso_7.6.2_326/lpcxpresso/tools/bin/../lib/gcc/arm-none-eabi/4.9.3/armv7e-m/softfp\libgcc.a(_arm_truncdfsf2.o)
                0x100051d8                __truncdfsf2
                0x100051d8                __aeabi_d2f
 .text          0x10005278       0x2c c:/nxp/lpcxpresso_7.6.2_326/lpcxpresso/tools/bin/../lib/gcc/arm-none-eabi/4.9.3/armv7e-m/softfp\libgcc.a(_aeabi_uldivmod.o)
                0x10005278                __aeabi_uldivmod
 .text          0x100052a4       0x60 c:/nxp/lpcxpresso_7.6.2_326/lpcxpresso/tools/bin/../lib/gcc/arm-none-eabi/4.9.3/armv7e-m/softfp\libgcc.a(bpabi.o)
                0x100052a4                __gnu_ldivmod_helper
                0x100052d4                __gnu_uldivmod_helper
 .text          0x10005304        0x4 c:/nxp/lpcxpresso_7.6.2_326/lpcxpresso/tools/bin/../lib/gcc/arm-none-eabi/4.9.3/armv7e-m/softfp\libgcc.a(_dvmd_tls.o)
                0x10005304                __aeabi_idiv0
                0x10005304                __aeabi_ldiv0
 .text          0x10005308      0x29c c:/nxp/lpcxpresso_7.6.2_326/lpcxpresso/tools/bin/../lib/gcc/arm-none-eabi/4.9.3/armv7e-m/softfp\libgcc.a(_divdi3.o)
                0x10005308                __divdi3
 .text          0x100055a4      0x26c c:/nxp/lpcxpresso_7.6.2_326/lpcxpresso/tools/bin/../lib/gcc/arm-none-eabi/4.9.3/armv7e-m/softfp\libgcc.a(_udivdi3.o)
                0x100055a4                __udivdi3
 .text.abs      0x10005810        0x8 c:/nxp/lpcxpresso_7.6.2_326/lpcxpresso/tools/bin/../lib/gcc/arm-none-eabi/4.9.3/../../../../arm-none-eabi/lib/armv7e-m/softfp\libc_nano.a(lib_a-abs.o)
                0x10005810                abs
 .text.__aeabi_memcpy
                0x10005818        0x4 c:/nxp/lpcxpresso_7.6.2_326/lpcxpresso/tools/bin/../lib/gcc/arm-none-eabi/4.9.3/../../../../arm-none-eabi/lib/armv7e-m/softfp\libc_nano.a(lib_a-aeabi_memcpy.o)
                0x10005818                __aeabi_memcpy4
                0x10005818                __aeabi_memcpy8
                0x10005818                __aeabi_memcpy
 .text.__libc_init_array
                0x1000581c       0x4c c:/nxp/lpcxpresso_7.6.2_326/lpcxpresso/tools/bin/../lib/gcc/arm-none-eabi/4.9.3/../../../../arm-none-eabi/lib/armv7e-m/softfp\libc_nano.a(lib_a-init.o)
                0x1000581c                __libc_init_array
 .text.malloc   0x10005868       0x10 c:/nxp/lpcxpresso_7.6.2_326/lpcxpresso/tools/bin/../lib/gcc/arm-none-eabi/4.9.3/../../../../arm-none-eabi/lib/armv7e-m/softfp\libc_nano.a(lib_a-malloc.o)
                0x10005868                malloc
 .text.free     0x10005878       0x10 c:/nxp/lpcxpresso_7.6.2_326/lpcxpresso/tools/bin/../lib/gcc/arm-none-eabi/4.9.3/../../../../arm-none-eabi/lib/armv7e-m/softfp\libc_nano.a(lib_a-malloc.o)
                0x10005878                free
 .text.memcpy   0x10005888       0x16 c:/nxp/lpcxpresso_7.6.2_326/lpcxpresso/tools/bin/../lib/gcc/arm-none-eabi/4.9.3/../../../../arm-none-eabi/lib/armv7e-m/softfp\libc_nano.a(lib_a-memcpy.o)
                0x10005888                memcpy
 .text.memset   0x1000589e       0x10 c:/nxp/lpcxpresso_7.6.2_326/lpcxpresso/tools/bin/../lib/gcc/arm-none-eabi/4.9.3/../../../../arm-none-eabi/lib/armv7e-m/softfp\libc_nano.a(lib_a-memset.o)
                0x1000589e                memset
 *fill*         0x100058ae        0x2 
 .text._free_r  0x100058b0       0x88 c:/nxp/lpcxpresso_7.6.2_326/lpcxpresso/tools/bin/../lib/gcc/arm-none-eabi/4.9.3/../../../../arm-none-eabi/lib/armv7e-m/softfp\libc_nano.a(lib_a-nano-freer.o)
                0x100058b0                _free_r
 .text._malloc_r
                0x10005938       0xac c:/nxp/lpcxpresso_7.6.2_326/lpcxpresso/tools/bin/../lib/gcc/arm-none-eabi/4.9.3/../../../../arm-none-eabi/lib/armv7e-m/softfp\libc_nano.a(lib_a-nano-mallocr.o)
                0x10005938                _malloc_r
 .text._sbrk_r  0x100059e4       0x20 c:/nxp/lpcxpresso_7.6.2_326/lpcxpresso/tools/bin/../lib/gcc/arm-none-eabi/4.9.3/../../../../arm-none-eabi/lib/armv7e-m/softfp\libc_nano.a(lib_a-sbrkr.o)
                0x100059e4                _sbrk_r
 .text          0x10005a04       0x14 c:/nxp/lpcxpresso_7.6.2_326/lpcxpresso/tools/bin/../lib/gcc/arm-none-eabi/4.9.3/../../../../arm-none-eabi/lib/armv7e-m/softfp\libc_nano.a(lib_a-strcmp.o)
                0x10005a04                strcmp
 .text.strcpy   0x10005a18       0x10 c:/nxp/lpcxpresso_7.6.2_326/lpcxpresso/tools/bin/../lib/gcc/arm-none-eabi/4.9.3/../../../../arm-none-eabi/lib/armv7e-m/softfp\libc_nano.a(lib_a-strcpy.o)
                0x10005a18                strcpy
 .text.strlen   0x10005a28       0x10 c:/nxp/lpcxpresso_7.6.2_326/lpcxpresso/tools/bin/../lib/gcc/arm-none-eabi/4.9.3/../../../../arm-none-eabi/lib/armv7e-m/softfp\libc_nano.a(lib_a-strlen.o)
                0x10005a28                strlen
 .text._ZSt15get_new_handlerv
                0x10005a38       0x10 c:/nxp/lpcxpresso_7.6.2_326/lpcxpresso/tools/bin/../lib/gcc/arm-none-eabi/4.9.3/../../../../arm-none-eabi/lib/armv7e-m/softfp\libstdc++_nano.a(new_handler.o)
                0x10005a38                std::get_new_handler()
 .text._ZnajRKSt9nothrow_t
                0x10005a48        0x4 c:/nxp/lpcxpresso_7.6.2_326/lpcxpresso/tools/bin/../lib/gcc/arm-none-eabi/4.9.3/../../../../arm-none-eabi/lib/armv7e-m/softfp\libstdc++_nano.a(new_opvnt.o)
                0x10005a48                operator new[](unsigned int, std::nothrow_t const&)
 .text._ZNSt8__detail15_List_node_base4swapERS0_S1_
                0x10005a4c       0x4e c:/nxp/lpcxpresso_7.6.2_326/lpcxpresso/tools/bin/../lib/gcc/arm-none-eabi/4.9.3/../../../../arm-none-eabi/lib/armv7e-m/softfp\libstdc++_nano.a(list.o)
                0x10005a4c                std::__detail::_List_node_base::swap(std::__detail::_List_node_base&, std::__detail::_List_node_base&)
 .text._ZNSt8__detail15_List_node_base11_M_transferEPS0_S1_
                0x10005a9a       0x1c c:/nxp/lpcxpresso_7.6.2_326/lpcxpresso/tools/bin/../lib/gcc/arm-none-eabi/4.9.3/../../../../arm-none-eabi/lib/armv7e-m/softfp\libstdc++_nano.a(list.o)
                0x10005a9a                std::__detail::_List_node_base::_M_transfer(std::__detail::_List_node_base*, std::__detail::_List_node_base*)
 .text._ZNSt8__detail15_List_node_base7_M_hookEPS0_
                0x10005ab6        0xe c:/nxp/lpcxpresso_7.6.2_326/lpcxpresso/tools/bin/../lib/gcc/arm-none-eabi/4.9.3/../../../../arm-none-eabi/lib/armv7e-m/softfp\libstdc++_nano.a(list.o)
                0x10005ab6                std::__detail::_List_node_base::_M_hook(std::__detail::_List_node_base*)
 .text._ZNSt8__detail15_List_node_base9_M_unhookEv
                0x10005ac4        0xa c:/nxp/lpcxpresso_7.6.2_326/lpcxpresso/tools/bin/../lib/gcc/arm-none-eabi/4.9.3/../../../../arm-none-eabi/lib/armv7e-m/softfp\libstdc++_nano.a(list.o)
                0x10005ac4                std::__detail::_List_node_base::_M_unhook()
 .text._ZnwjRKSt9nothrow_t
                0x10005ace       0x22 c:/nxp/lpcxpresso_7.6.2_326/lpcxpresso/tools/bin/../lib/gcc/arm-none-eabi/4.9.3/../../../../arm-none-eabi/lib/armv7e-m/softfp\libstdc++_nano.a(new_opnt.o)
                0x10005ace                operator new(unsigned int, std::nothrow_t const&)
 .text._sbrk    0x10005af0       0x3c c:/nxp/lpcxpresso_7.6.2_326/lpcxpresso/tools/bin/../lib/gcc/arm-none-eabi/4.9.3/../../../../arm-none-eabi/lib/armv7e-m/softfp\libcr_newlib_nohost.a(_cr_sbrk.o)
                0x10005af0                _sbrk
 .text.__check_heap_overflow
                0x10005b2c       0x18 c:/nxp/lpcxpresso_7.6.2_326/lpcxpresso/tools/bin/../lib/gcc/arm-none-eabi/4.9.3/../../../../arm-none-eabi/lib/armv7e-m/softfp\libcr_newlib_nohost.a(_cr_check_heap.o)
                0x10005b2c                __check_heap_overflow
 .text          0x10005b44       0x5c c:/nxp/lpcxpresso_7.6.2_326/lpcxpresso/tools/bin/../lib/gcc/arm-none-eabi/4.9.3/armv7e-m/softfp\crtbegin.o
 .text.__errno  0x10005ba0        0xc c:/nxp/lpcxpresso_7.6.2_326/lpcxpresso/tools/bin/../lib/gcc/arm-none-eabi/4.9.3/../../../../arm-none-eabi/lib/armv7e-m/softfp\libc_nano.a(lib_a-errno.o)
                0x10005ba0                __errno
 *(.rodata .rodata.* .constdata .constdata.*)
 .rodata.str1.1
                0x10005bac      0x2ff ./src/exec.o
 .rodata.str1.1
                0x10005eab       0x25 ./src/proggreyshades.o
 .constdata     0x10005ed0       0x40 C:\Users\ouroborus\Documents\BACHELOR\AimBot\Pixy\gcc\video\src\libfalcon_m4_spifi_drv.a(atmel.o)
                0x10005ed0                AT25DF041E
                0x10005ef0                AT2xDF081AE
 .constdata     0x10005f10       0x82 C:\Users\ouroborus\Documents\BACHELOR\AimBot\Pixy\gcc\video\src\libfalcon_m4_spifi_drv.a(macronix.o)
                0x10005f10                MX25U80E
                0x10005f20                MX25U16E
                0x10005f30                MX25U32E
                0x10005f40                MX25L64E
                0x10005f58                MX25L128E
                0x10005f70                MX25L256E
                0x10005f88                mxMasks
 *fill*         0x10005f92        0x2 
 .constdata     0x10005f94       0x78 C:\Users\ouroborus\Documents\BACHELOR\AimBot\Pixy\gcc\video\src\libfalcon_m4_spifi_drv.a(sst.o)
                0x10005f94                SST16MbE
                0x10005fbc                SST32MbE
                0x10005fe4                SST64MbE
 .rodata._ZL11g_mode0Regs
                0x1000600c       0x1e C:\Users\ouroborus\Documents\BACHELOR\AimBot\Pixy\gcc\pixy_m4\Release\libpixy_m4.a(camera.o)
 .rodata._ZL11g_mode1Regs
                0x1000602a       0x1e C:\Users\ouroborus\Documents\BACHELOR\AimBot\Pixy\gcc\pixy_m4\Release\libpixy_m4.a(camera.o)
 .rodata.str1.1
                0x10006048       0x65 C:\Users\ouroborus\Documents\BACHELOR\AimBot\Pixy\gcc\pixy_m4\Release\libpixy_m4.a(camera.o)
 .rodata._ZL10g_baseRegs
                0x100060ad       0x28 C:\Users\ouroborus\Documents\BACHELOR\AimBot\Pixy\gcc\pixy_m4\Release\libpixy_m4.a(camera.o)
 *fill*         0x100060d5        0x3 
 .rodata._ZTV5Chirp
                0x100060d8       0x18 C:\Users\ouroborus\Documents\BACHELOR\AimBot\Pixy\gcc\pixy_m4\Release\libpixy_m4.a(chirp.o)
                0x100060d8                vtable for Chirp
 .rodata.CGU_ConnectAlloc_Tbl
                0x100060f0      0x2fd C:\Users\ouroborus\Documents\BACHELOR\AimBot\Pixy\gcc\pixy_m4\Release\libpixy_m4.a(lpc43xx_cgu.o)
                0x100060f0                CGU_ConnectAlloc_Tbl
 *fill*         0x100063ed        0x1 
 .rodata.CGU_PERIPHERAL_Info
                0x100063ee      0x186 C:\Users\ouroborus\Documents\BACHELOR\AimBot\Pixy\gcc\pixy_m4\Release\libpixy_m4.a(lpc43xx_cgu.o)
                0x100063ee                CGU_PERIPHERAL_Info
 .rodata.CGU_Entity_ControlReg_Offset
                0x10006574       0x5a C:\Users\ouroborus\Documents\BACHELOR\AimBot\Pixy\gcc\pixy_m4\Release\libpixy_m4.a(lpc43xx_cgu.o)
                0x10006574                CGU_Entity_ControlReg_Offset
 .rodata.CSWTCH.19
                0x100065ce        0x3 C:\Users\ouroborus\Documents\BACHELOR\AimBot\Pixy\gcc\pixy_m4\Release\libpixy_m4.a(lpc43xx_uart.o)
 *fill*         0x100065d1        0x7 
 .rodata._ZTV6SMLink
                0x100065d8       0x28 C:\Users\ouroborus\Documents\BACHELOR\AimBot\Pixy\gcc\pixy_m4\Release\libpixy_m4.a(smlink.o)
                0x100065d8                vtable for SMLink
 .rodata.str1.1
                0x10006600        0x2 c:/nxp/lpcxpresso_7.6.2_326/lpcxpresso/tools/bin/../lib/gcc/arm-none-eabi/4.9.3/../../../../arm-none-eabi/lib/armv7e-m/softfp\libc_nano.a(lib_a-impure.o)
 .rodata._ZSt7nothrow
                0x10006602        0x1 c:/nxp/lpcxpresso_7.6.2_326/lpcxpresso/tools/bin/../lib/gcc/arm-none-eabi/4.9.3/../../../../arm-none-eabi/lib/armv7e-m/softfp\libstdc++_nano.a(new_handler.o)
                0x10006602                std::nothrow
                0x10006604                . = ALIGN (0x4)
 *fill*         0x10006603        0x1 
                0x10006604                . = ALIGN (0x4)
 *(.init)
 .init          0x10006604        0x4 c:/nxp/lpcxpresso_7.6.2_326/lpcxpresso/tools/bin/../lib/gcc/arm-none-eabi/4.9.3/armv7e-m/softfp\crti.o
                0x10006604                _init
 .init          0x10006608        0x8 c:/nxp/lpcxpresso_7.6.2_326/lpcxpresso/tools/bin/../lib/gcc/arm-none-eabi/4.9.3/armv7e-m/softfp\crtn.o
                0x10006610                . = ALIGN (0x4)
                0x10006610                __preinit_array_start = .
 *(.preinit_array)
                0x10006610                __preinit_array_end = .
                0x10006610                . = ALIGN (0x4)
                0x10006610                __init_array_start = .
 *(SORT(.init_array.*))
 *(.init_array)
 .init_array    0x10006610        0x4 ./src/proggreyshades.o
 .init_array    0x10006614        0x4 C:\Users\ouroborus\Documents\BACHELOR\AimBot\Pixy\gcc\pixy_m4\Release\libpixy_m4.a(camera.o)
 .init_array    0x10006618        0x4 c:/nxp/lpcxpresso_7.6.2_326/lpcxpresso/tools/bin/../lib/gcc/arm-none-eabi/4.9.3/armv7e-m/softfp\crtbegin.o
                0x1000661c                __init_array_end = .
 *(.fini)
 .fini          0x1000661c        0x4 c:/nxp/lpcxpresso_7.6.2_326/lpcxpresso/tools/bin/../lib/gcc/arm-none-eabi/4.9.3/armv7e-m/softfp\crti.o
                0x1000661c                _fini
 .fini          0x10006620        0x8 c:/nxp/lpcxpresso_7.6.2_326/lpcxpresso/tools/bin/../lib/gcc/arm-none-eabi/4.9.3/armv7e-m/softfp\crtn.o
                0x10006628                . = ALIGN (0x4)
 *crtbegin.o(.ctors)
 *(EXCLUDE_FILE(*crtend.o) .ctors)
 *(SORT(.ctors.*))
 *crtend.o(.ctors)
                0x10006628                . = ALIGN (0x4)
 *crtbegin.o(.dtors)
 *(EXCLUDE_FILE(*crtend.o) .dtors)
 *(SORT(.dtors.*))
 *crtend.o(.dtors)
                0x10006628                . = ALIGN (0x4)

.ARM.extab
 *(.ARM.extab* .gnu.linkonce.armextab.*)
                0x10006628                __exidx_start = .

.ARM.exidx      0x10006628        0x8 load address 0x140068a0
 *(.ARM.exidx* .gnu.linkonce.armexidx.*)
 .ARM.exidx     0x10006628        0x8 c:/nxp/lpcxpresso_7.6.2_326/lpcxpresso/tools/bin/../lib/gcc/arm-none-eabi/4.9.3/armv7e-m/softfp\libgcc.a(_divdi3.o)
 .ARM.exidx     0x10006630        0x0 c:/nxp/lpcxpresso_7.6.2_326/lpcxpresso/tools/bin/../lib/gcc/arm-none-eabi/4.9.3/armv7e-m/softfp\libgcc.a(_udivdi3.o)
                                  0x8 (size before relaxing)
                0x10006630                __exidx_end = .
                0x10006630                _etext = .

.data_RAM2      0x20000000        0x0 load address 0x140068a8
 FILL mask 0xff
 *(.ramfunc.$RAM2)
 *(.ramfunc.$RamAHB32)
 *(.data.$RAM2*)
 *(.data.$RamAHB32*)
                0x20000000                . = ALIGN (0x4)

.data_RAM3      0x10080000        0x0 load address 0x140068a8
 FILL mask 0xff
 *(.ramfunc.$RAM3)
 *(.ramfunc.$RamLoc72)
 *(.data.$RAM3*)
 *(.data.$RamLoc72*)
                0x10080000                . = ALIGN (0x4)

.data_RAM4      0x20008000     0x2264 load address 0x140068a8
 FILL mask 0xff
                0x20008000                __core_m0app_START__ = .
 *(.core_m0app)
 .core_m0app    0x20008000     0x2264 C:/Users/ouroborus/Documents/BACHELOR/AimBot/Pixy/gcc/m0/Release/m0.axf.o
                0x2000a264                __core_m0app_END__ = .
                0x00000001                ASSERT (! ((__core_m0app_START__ == __core_m0app_END__)), No slave code for _core_m0app)
                0x00000001                ASSERT ((ABSOLUTE (__core_m0app_START__) == __vectors_start___core_m0app), M0APP execute address differs from address provided in source image)
 *(.ramfunc.$RAM4)
 *(.ramfunc.$RamAHB16)
 *(.data.$RAM4*)
 *(.data.$RamAHB16*)
                0x2000a264                . = ALIGN (0x4)

.eh_frame       0x2000a264        0x0 load address 0x14008b0c
 .eh_frame      0x2000a264        0x0 c:/nxp/lpcxpresso_7.6.2_326/lpcxpresso/tools/bin/../lib/gcc/arm-none-eabi/4.9.3/armv7e-m/softfp\crtbegin.o

.rel.dyn        0x2000a264        0x0 load address 0x14008b0c
 .rel.iplt      0x00000000        0x0 ./src/cr_cpp_config.o

.data_RAM5      0x2000c000        0x0 load address 0x14008b0c
 FILL mask 0xff
 *(.ramfunc.$RAM5)
 *(.ramfunc.$RamAHB_ETB16)
 *(.data.$RAM5*)
 *(.data.$RamAHB_ETB16*)
                0x2000c000                . = ALIGN (0x4)

.uninit_RESERVED
                0x10006630        0x0
 *(.bss.$RESERVED*)
                0x10006630                . = ALIGN (0x4)
                0x10006630                _end_uninit_RESERVED = .

.data           0x10006630       0xcc load address 0x14008b0c
 FILL mask 0xff
                0x10006630                _data = .
 *(vtable)
 *(.ramfunc*)
 *(.data*)
 .data._ZL8g_stopM0
                0x10006630        0x2 ./src/exec.o
 *fill*         0x10006632        0x2 
 .data.g_progGreyshades
                0x10006634       0x10 ./src/proggreyshades.o
                0x10006634                g_progGreyshades
 .data.SystemCoreClock
                0x10006644        0x4 ./src/system_LPC43xx.o
                0x10006644                SystemCoreClock
 .data._ZL12g_getFrameM0
                0x10006648        0x2 C:\Users\ouroborus\Documents\BACHELOR\AimBot\Pixy\gcc\pixy_m4\Release\libpixy_m4.a(camera.o)
 .data._ZL5g_awb
                0x1000664a        0x1 C:\Users\ouroborus\Documents\BACHELOR\AimBot\Pixy\gcc\pixy_m4\Release\libpixy_m4.a(camera.o)
 .data._ZL12g_brightness
                0x1000664b        0x1 C:\Users\ouroborus\Documents\BACHELOR\AimBot\Pixy\gcc\pixy_m4\Release\libpixy_m4.a(camera.o)
 .data._ZL6g_mode
                0x1000664c        0x1 C:\Users\ouroborus\Documents\BACHELOR\AimBot\Pixy\gcc\pixy_m4\Release\libpixy_m4.a(camera.o)
 *fill*         0x1000664d        0x3 
 .data.CGU_ClockSourceFrequency
                0x10006650       0x44 C:\Users\ouroborus\Documents\BACHELOR\AimBot\Pixy\gcc\pixy_m4\Release\libpixy_m4.a(lpc43xx_cgu.o)
                0x10006650                CGU_ClockSourceFrequency
 .data.impure_data
                0x10006694       0x60 c:/nxp/lpcxpresso_7.6.2_326/lpcxpresso/tools/bin/../lib/gcc/arm-none-eabi/4.9.3/../../../../arm-none-eabi/lib/armv7e-m/softfp\libc_nano.a(lib_a-impure.o)
 .data._impure_ptr
                0x100066f4        0x4 c:/nxp/lpcxpresso_7.6.2_326/lpcxpresso/tools/bin/../lib/gcc/arm-none-eabi/4.9.3/../../../../arm-none-eabi/lib/armv7e-m/softfp\libc_nano.a(lib_a-impure.o)
                0x100066f4                _impure_ptr
 .data          0x100066f8        0x4 c:/nxp/lpcxpresso_7.6.2_326/lpcxpresso/tools/bin/../lib/gcc/arm-none-eabi/4.9.3/armv7e-m/softfp\crtbegin.o
                0x100066f8                __dso_handle
                0x100066fc                . = ALIGN (0x4)
                0x100066fc                _edata = .

.igot.plt       0x100066fc        0x0 load address 0x14008bd8
 .igot.plt      0x00000000        0x0 ./src/cr_cpp_config.o

.jcr            0x100066fc        0x0 load address 0x14008bd8
 .jcr           0x100066fc        0x0 c:/nxp/lpcxpresso_7.6.2_326/lpcxpresso/tools/bin/../lib/gcc/arm-none-eabi/4.9.3/armv7e-m/softfp\crtbegin.o

.bss_RAM2       0x20000000        0x0
 *(.bss.$RAM2*)
 *(.bss.$RamAHB32*)
                0x20000000                . = ALIGN (0x4)

.bss_RAM3       0x10080000        0x0
 *(.bss.$RAM3*)
 *(.bss.$RamLoc72*)
                0x10080000                . = ALIGN (0x4)

.bss_RAM4       0x2000a264        0x0
 *(.bss.$RAM4*)
 *(.bss.$RamAHB16*)
                0x2000a264                . = ALIGN (0x4)

.bss_RAM5       0x2000c000        0x0
 *(.bss.$RAM5*)
 *(.bss.$RamAHB_ETB16*)
                0x2000c000                . = ALIGN (0x4)

.bss            0x10006800      0xb48
                0x10006800                _bss = .
 *(.bss*)
 .bss.g_execArg
                0x10006800        0x4 ./src/exec.o
                0x10006800                g_execArg
 .bss.g_running
                0x10006804        0x1 ./src/exec.o
                0x10006804                g_running
 .bss.g_program
                0x10006805        0x1 ./src/exec.o
                0x10006805                g_program
 *fill*         0x10006806        0x2 
 .bss._ZL11g_progTable
                0x10006808       0x20 ./src/exec.o
 .bss.g_run     0x10006828        0x1 ./src/exec.o
                0x10006828                g_run
 *fill*         0x10006829        0x3 
 .bss.m_serial  0x1000682c        0x8 ./src/proggreyshades.o
                0x1000682c                m_serial
 .bss.g_greyShades
                0x10006834       0x18 ./src/proggreyshades.o
 .bss.running   0x1000684c        0x1 ./src/proggreyshades.o
                0x1000684c                running
 .bss.currentRegion
                0x1000684d        0x1 ./src/proggreyshades.o
                0x1000684d                currentRegion
 .bss.m_medianVector
                0x1000684e        0x4 ./src/proggreyshades.o
                0x1000684e                m_medianVector
 *fill*         0x10006852        0x2 
 .bss.g_rawFrame
                0x10006854        0x8 C:\Users\ouroborus\Documents\BACHELOR\AimBot\Pixy\gcc\pixy_m4\Release\libpixy_m4.a(camera.o)
                0x10006854                g_rawFrame
 .bss.g_sccb    0x1000685c        0x4 C:\Users\ouroborus\Documents\BACHELOR\AimBot\Pixy\gcc\pixy_m4\Release\libpixy_m4.a(camera.o)
                0x1000685c                g_sccb
 .bss._ZL7g_dirty
                0x10006860        0x1 C:\Users\ouroborus\Documents\BACHELOR\AimBot\Pixy\gcc\pixy_m4\Release\libpixy_m4.a(param.o)
 .bss._ZZ9handleAWBvE5state
                0x10006861        0x1 C:\Users\ouroborus\Documents\BACHELOR\AimBot\Pixy\gcc\pixy_m4\Release\libpixy_m4.a(pixy_init.o)
 *fill*         0x10006862        0x2 
 .bss.g_chirpM0
                0x10006864        0x4 C:\Users\ouroborus\Documents\BACHELOR\AimBot\Pixy\gcc\pixy_m4\Release\libpixy_m4.a(pixy_init.o)
                0x10006864                g_chirpM0
 .bss._ZZ9handleAWBvE5timer
                0x10006868        0x4 C:\Users\ouroborus\Documents\BACHELOR\AimBot\Pixy\gcc\pixy_m4\Release\libpixy_m4.a(pixy_init.o)
 .bss.ep_read_len
                0x1000686c       0x10 C:\Users\ouroborus\Documents\BACHELOR\AimBot\Pixy\gcc\pixy_m4\Release\libpixy_m4.a(usbhw.o)
 .bss.DevStatusFS2HS
                0x1000687c        0x4 C:\Users\ouroborus\Documents\BACHELOR\AimBot\Pixy\gcc\pixy_m4\Release\libpixy_m4.a(usbhw.o)
                0x1000687c                DevStatusFS2HS
 .bss.__malloc_sbrk_start
                0x10006880        0x4 c:/nxp/lpcxpresso_7.6.2_326/lpcxpresso/tools/bin/../lib/gcc/arm-none-eabi/4.9.3/../../../../arm-none-eabi/lib/armv7e-m/softfp\libc_nano.a(lib_a-nano-mallocr.o)
                0x10006880                __malloc_sbrk_start
 .bss.__malloc_free_list
                0x10006884        0x4 c:/nxp/lpcxpresso_7.6.2_326/lpcxpresso/tools/bin/../lib/gcc/arm-none-eabi/4.9.3/../../../../arm-none-eabi/lib/armv7e-m/softfp\libc_nano.a(lib_a-nano-mallocr.o)
                0x10006884                __malloc_free_list
 .bss._ZN12_GLOBAL__N_113__new_handlerE
                0x10006888        0x4 c:/nxp/lpcxpresso_7.6.2_326/lpcxpresso/tools/bin/../lib/gcc/arm-none-eabi/4.9.3/../../../../arm-none-eabi/lib/armv7e-m/softfp\libstdc++_nano.a(new_handler.o)
 .bss           0x1000688c       0x1c c:/nxp/lpcxpresso_7.6.2_326/lpcxpresso/tools/bin/../lib/gcc/arm-none-eabi/4.9.3/armv7e-m/softfp\crtbegin.o
 *(COMMON)
 COMMON         0x100068a8       0x80 C:\Users\ouroborus\Documents\BACHELOR\AimBot\Pixy\gcc\pixy_m4\Release\libpixy_m4.a(platform_config.o)
                0x100068a8                g_spifi
 COMMON         0x10006928        0xc C:\Users\ouroborus\Documents\BACHELOR\AimBot\Pixy\gcc\pixy_m4\Release\libpixy_m4.a(ipc_mbx.o)
                0x10006928                mbxFlags
                0x1000692c                mbxLocalTablePtr
                0x10006930                mbxRemoteTablePtr
 *fill*         0x10006934      0x6cc 
 COMMON         0x10007000      0x340 C:\Users\ouroborus\Documents\BACHELOR\AimBot\Pixy\gcc\pixy_m4\Release\libpixy_m4.a(usbhw.o)
                0x10007000                ep_QH
                0x10007200                g_drv
                0x10007240                ep_TD
 COMMON         0x10007340        0x4 c:/nxp/lpcxpresso_7.6.2_326/lpcxpresso/tools/bin/../lib/gcc/arm-none-eabi/4.9.3/../../../../arm-none-eabi/lib/armv7e-m/softfp\libc_nano.a(lib_a-reent.o)
                0x10007340                errno
 COMMON         0x10007344        0x4 c:/nxp/lpcxpresso_7.6.2_326/lpcxpresso/tools/bin/../lib/gcc/arm-none-eabi/4.9.3/../../../../arm-none-eabi/lib/armv7e-m/softfp\libcr_newlib_nohost.a(_cr_sbrk.o)
                0x10007344                __end_of_heap
                0x10007348                . = ALIGN (0x4)
                0x10007348                _ebss = .
                0x10007348                PROVIDE (end, .)

.noinit_RAM2    0x20000000        0x0
 *(.noinit.$RAM2*)
 *(.noinit.$RamAHB32*)
                0x20000000                . = ALIGN (0x4)

.noinit_RAM3    0x10080000        0x0
 *(.noinit.$RAM3*)
 *(.noinit.$RamLoc72*)
                0x10080000                . = ALIGN (0x4)

.noinit_RAM4    0x2000a264        0x0
 *(.noinit.$RAM4*)
 *(.noinit.$RamAHB16*)
                0x2000a264                . = ALIGN (0x4)

.noinit_RAM5    0x2000c000        0x0
 *(.noinit.$RAM5*)
 *(.noinit.$RamAHB_ETB16*)
                0x2000c000                . = ALIGN (0x4)

.noinit         0x10007348        0x0
                0x10007348                _noinit = .
 *(.noinit*)
                0x10007348                . = ALIGN (0x4)
                0x10007348                _end_noinit = .
                0x20000000                PROVIDE (_pvHeapStart, ADDR (.data_RAM2))
                0x20008000                PROVIDE (_vStackTop, __top_RamAHB32)
OUTPUT(video.axf elf32-littlearm)

.debug_info     0x00000000    0x1b4b2
 .debug_info    0x00000000      0x213 ./src/cr_cpp_config.o
 .debug_info    0x00000213      0x199 ./src/cr_start_m0.o
 .debug_info    0x000003ac      0x30c ./src/cr_startup_lpc43xx.o
 .debug_info    0x000006b8      0x9f2 ./src/exec.o
 .debug_info    0x000010aa      0x534 ./src/flash.o
 .debug_info    0x000015de      0x209 ./src/main_m4.o
 .debug_info    0x000017e7     0x79bb ./src/proggreyshades.o
 .debug_info    0x000091a2      0x6b5 ./src/system_LPC43xx.o
 .debug_info    0x00009857     0x1227 C:\Users\ouroborus\Documents\BACHELOR\AimBot\Pixy\gcc\pixy_m4\Release\libpixy_m4.a(camera.o)
 .debug_info    0x0000aa7e     0x2e21 C:\Users\ouroborus\Documents\BACHELOR\AimBot\Pixy\gcc\pixy_m4\Release\libpixy_m4.a(chirp.o)
 .debug_info    0x0000d89f     0x1764 C:\Users\ouroborus\Documents\BACHELOR\AimBot\Pixy\gcc\pixy_m4\Release\libpixy_m4.a(lpc43xx_cgu.o)
 .debug_info    0x0000f003      0x130 C:\Users\ouroborus\Documents\BACHELOR\AimBot\Pixy\gcc\pixy_m4\Release\libpixy_m4.a(lpc43xx_scu.o)
 .debug_info    0x0000f133     0x158b C:\Users\ouroborus\Documents\BACHELOR\AimBot\Pixy\gcc\pixy_m4\Release\libpixy_m4.a(lpc43xx_uart.o)
 .debug_info    0x000106be     0x1257 C:\Users\ouroborus\Documents\BACHELOR\AimBot\Pixy\gcc\pixy_m4\Release\libpixy_m4.a(param.o)
 .debug_info    0x00011915     0x10a9 C:\Users\ouroborus\Documents\BACHELOR\AimBot\Pixy\gcc\pixy_m4\Release\libpixy_m4.a(pixy_init.o)
 .debug_info    0x000129be     0x27ad C:\Users\ouroborus\Documents\BACHELOR\AimBot\Pixy\gcc\pixy_m4\Release\libpixy_m4.a(platform_config.o)
 .debug_info    0x0001516b      0x443 C:\Users\ouroborus\Documents\BACHELOR\AimBot\Pixy\gcc\pixy_m4\Release\libpixy_m4.a(power.o)
 .debug_info    0x000155ae      0xb18 C:\Users\ouroborus\Documents\BACHELOR\AimBot\Pixy\gcc\pixy_m4\Release\libpixy_m4.a(sccb.o)
 .debug_info    0x000160c6      0x924 C:\Users\ouroborus\Documents\BACHELOR\AimBot\Pixy\gcc\pixy_m4\Release\libpixy_m4.a(smlink.o)
 .debug_info    0x000169ea      0xffb C:\Users\ouroborus\Documents\BACHELOR\AimBot\Pixy\gcc\pixy_m4\Release\libpixy_m4.a(debug_frmwrk.o)
 .debug_info    0x000179e5      0x113 C:\Users\ouroborus\Documents\BACHELOR\AimBot\Pixy\gcc\pixy_m4\Release\libpixy_m4.a(fpu_init.o)
 .debug_info    0x00017af8     0x12e8 C:\Users\ouroborus\Documents\BACHELOR\AimBot\Pixy\gcc\pixy_m4\Release\libpixy_m4.a(ipc_mbx.o)
 .debug_info    0x00018de0      0x608 C:\Users\ouroborus\Documents\BACHELOR\AimBot\Pixy\gcc\pixy_m4\Release\libpixy_m4.a(lpc43xx_adc.o)
 .debug_info    0x000193e8      0x940 C:\Users\ouroborus\Documents\BACHELOR\AimBot\Pixy\gcc\pixy_m4\Release\libpixy_m4.a(misc.o)
 .debug_info    0x00019d28     0x15f3 C:\Users\ouroborus\Documents\BACHELOR\AimBot\Pixy\gcc\pixy_m4\Release\libpixy_m4.a(usbhw.o)
 .debug_info    0x0001b31b      0x12d c:/nxp/lpcxpresso_7.6.2_326/lpcxpresso/tools/bin/../lib/gcc/arm-none-eabi/4.9.3/../../../../arm-none-eabi/lib/armv7e-m/softfp\libcr_newlib_nohost.a(_cr_sbrk.o)
 .debug_info    0x0001b448       0x6a c:/nxp/lpcxpresso_7.6.2_326/lpcxpresso/tools/bin/../lib/gcc/arm-none-eabi/4.9.3/../../../../arm-none-eabi/lib/armv7e-m/softfp\libcr_newlib_nohost.a(_cr_check_heap.o)

.debug_abbrev   0x00000000     0x45f7
 .debug_abbrev  0x00000000      0x13f ./src/cr_cpp_config.o
 .debug_abbrev  0x0000013f       0xe7 ./src/cr_start_m0.o
 .debug_abbrev  0x00000226      0x153 ./src/cr_startup_lpc43xx.o
 .debug_abbrev  0x00000379      0x31d ./src/exec.o
 .debug_abbrev  0x00000696      0x1b1 ./src/flash.o
 .debug_abbrev  0x00000847      0x137 ./src/main_m4.o
 .debug_abbrev  0x0000097e      0x8ed ./src/proggreyshades.o
 .debug_abbrev  0x0000126b      0x10b ./src/system_LPC43xx.o
 .debug_abbrev  0x00001376      0x3fa C:\Users\ouroborus\Documents\BACHELOR\AimBot\Pixy\gcc\pixy_m4\Release\libpixy_m4.a(camera.o)
 .debug_abbrev  0x00001770      0x5db C:\Users\ouroborus\Documents\BACHELOR\AimBot\Pixy\gcc\pixy_m4\Release\libpixy_m4.a(chirp.o)
 .debug_abbrev  0x00001d4b      0x2dd C:\Users\ouroborus\Documents\BACHELOR\AimBot\Pixy\gcc\pixy_m4\Release\libpixy_m4.a(lpc43xx_cgu.o)
 .debug_abbrev  0x00002028       0xae C:\Users\ouroborus\Documents\BACHELOR\AimBot\Pixy\gcc\pixy_m4\Release\libpixy_m4.a(lpc43xx_scu.o)
 .debug_abbrev  0x000020d6      0x342 C:\Users\ouroborus\Documents\BACHELOR\AimBot\Pixy\gcc\pixy_m4\Release\libpixy_m4.a(lpc43xx_uart.o)
 .debug_abbrev  0x00002418      0x416 C:\Users\ouroborus\Documents\BACHELOR\AimBot\Pixy\gcc\pixy_m4\Release\libpixy_m4.a(param.o)
 .debug_abbrev  0x0000282e      0x3d3 C:\Users\ouroborus\Documents\BACHELOR\AimBot\Pixy\gcc\pixy_m4\Release\libpixy_m4.a(pixy_init.o)
 .debug_abbrev  0x00002c01      0x269 C:\Users\ouroborus\Documents\BACHELOR\AimBot\Pixy\gcc\pixy_m4\Release\libpixy_m4.a(platform_config.o)
 .debug_abbrev  0x00002e6a      0x1b1 C:\Users\ouroborus\Documents\BACHELOR\AimBot\Pixy\gcc\pixy_m4\Release\libpixy_m4.a(power.o)
 .debug_abbrev  0x0000301b      0x2bd C:\Users\ouroborus\Documents\BACHELOR\AimBot\Pixy\gcc\pixy_m4\Release\libpixy_m4.a(sccb.o)
 .debug_abbrev  0x000032d8      0x2d6 C:\Users\ouroborus\Documents\BACHELOR\AimBot\Pixy\gcc\pixy_m4\Release\libpixy_m4.a(smlink.o)
 .debug_abbrev  0x000035ae      0x283 C:\Users\ouroborus\Documents\BACHELOR\AimBot\Pixy\gcc\pixy_m4\Release\libpixy_m4.a(debug_frmwrk.o)
 .debug_abbrev  0x00003831       0x8e C:\Users\ouroborus\Documents\BACHELOR\AimBot\Pixy\gcc\pixy_m4\Release\libpixy_m4.a(fpu_init.o)
 .debug_abbrev  0x000038bf      0x38e C:\Users\ouroborus\Documents\BACHELOR\AimBot\Pixy\gcc\pixy_m4\Release\libpixy_m4.a(ipc_mbx.o)
 .debug_abbrev  0x00003c4d      0x197 C:\Users\ouroborus\Documents\BACHELOR\AimBot\Pixy\gcc\pixy_m4\Release\libpixy_m4.a(lpc43xx_adc.o)
 .debug_abbrev  0x00003de4      0x2c8 C:\Users\ouroborus\Documents\BACHELOR\AimBot\Pixy\gcc\pixy_m4\Release\libpixy_m4.a(misc.o)
 .debug_abbrev  0x000040ac      0x3f3 C:\Users\ouroborus\Documents\BACHELOR\AimBot\Pixy\gcc\pixy_m4\Release\libpixy_m4.a(usbhw.o)
 .debug_abbrev  0x0000449f       0xf6 c:/nxp/lpcxpresso_7.6.2_326/lpcxpresso/tools/bin/../lib/gcc/arm-none-eabi/4.9.3/../../../../arm-none-eabi/lib/armv7e-m/softfp\libcr_newlib_nohost.a(_cr_sbrk.o)
 .debug_abbrev  0x00004595       0x62 c:/nxp/lpcxpresso_7.6.2_326/lpcxpresso/tools/bin/../lib/gcc/arm-none-eabi/4.9.3/../../../../arm-none-eabi/lib/armv7e-m/softfp\libcr_newlib_nohost.a(_cr_check_heap.o)

.debug_loc      0x00000000     0x8833
 .debug_loc     0x00000000       0xa5 ./src/cr_cpp_config.o
 .debug_loc     0x000000a5       0xae ./src/cr_start_m0.o
 .debug_loc     0x00000153      0x232 ./src/cr_startup_lpc43xx.o
 .debug_loc     0x00000385      0x206 ./src/exec.o
 .debug_loc     0x0000058b      0x1d8 ./src/flash.o
 .debug_loc     0x00000763     0x168e ./src/proggreyshades.o
 .debug_loc     0x00001df1      0x714 C:\Users\ouroborus\Documents\BACHELOR\AimBot\Pixy\gcc\pixy_m4\Release\libpixy_m4.a(camera.o)
 .debug_loc     0x00002505     0x2524 C:\Users\ouroborus\Documents\BACHELOR\AimBot\Pixy\gcc\pixy_m4\Release\libpixy_m4.a(chirp.o)
 .debug_loc     0x00004a29      0x903 C:\Users\ouroborus\Documents\BACHELOR\AimBot\Pixy\gcc\pixy_m4\Release\libpixy_m4.a(lpc43xx_cgu.o)
 .debug_loc     0x0000532c       0x42 C:\Users\ouroborus\Documents\BACHELOR\AimBot\Pixy\gcc\pixy_m4\Release\libpixy_m4.a(lpc43xx_scu.o)
 .debug_loc     0x0000536e      0xe51 C:\Users\ouroborus\Documents\BACHELOR\AimBot\Pixy\gcc\pixy_m4\Release\libpixy_m4.a(lpc43xx_uart.o)
 .debug_loc     0x000061bf      0x7c1 C:\Users\ouroborus\Documents\BACHELOR\AimBot\Pixy\gcc\pixy_m4\Release\libpixy_m4.a(param.o)
 .debug_loc     0x00006980       0x26 C:\Users\ouroborus\Documents\BACHELOR\AimBot\Pixy\gcc\pixy_m4\Release\libpixy_m4.a(pixy_init.o)
 .debug_loc     0x000069a6       0x13 C:\Users\ouroborus\Documents\BACHELOR\AimBot\Pixy\gcc\pixy_m4\Release\libpixy_m4.a(platform_config.o)
 .debug_loc     0x000069b9       0x75 C:\Users\ouroborus\Documents\BACHELOR\AimBot\Pixy\gcc\pixy_m4\Release\libpixy_m4.a(power.o)
 .debug_loc     0x00006a2e      0x1fb C:\Users\ouroborus\Documents\BACHELOR\AimBot\Pixy\gcc\pixy_m4\Release\libpixy_m4.a(sccb.o)
 .debug_loc     0x00006c29      0x338 C:\Users\ouroborus\Documents\BACHELOR\AimBot\Pixy\gcc\pixy_m4\Release\libpixy_m4.a(smlink.o)
 .debug_loc     0x00006f61      0x8c1 C:\Users\ouroborus\Documents\BACHELOR\AimBot\Pixy\gcc\pixy_m4\Release\libpixy_m4.a(debug_frmwrk.o)
 .debug_loc     0x00007822       0x20 C:\Users\ouroborus\Documents\BACHELOR\AimBot\Pixy\gcc\pixy_m4\Release\libpixy_m4.a(fpu_init.o)
 .debug_loc     0x00007842      0x511 C:\Users\ouroborus\Documents\BACHELOR\AimBot\Pixy\gcc\pixy_m4\Release\libpixy_m4.a(ipc_mbx.o)
 .debug_loc     0x00007d53      0x259 C:\Users\ouroborus\Documents\BACHELOR\AimBot\Pixy\gcc\pixy_m4\Release\libpixy_m4.a(lpc43xx_adc.o)
 .debug_loc     0x00007fac      0x1a5 C:\Users\ouroborus\Documents\BACHELOR\AimBot\Pixy\gcc\pixy_m4\Release\libpixy_m4.a(misc.o)
 .debug_loc     0x00008151      0x661 C:\Users\ouroborus\Documents\BACHELOR\AimBot\Pixy\gcc\pixy_m4\Release\libpixy_m4.a(usbhw.o)
 .debug_loc     0x000087b2       0x47 c:/nxp/lpcxpresso_7.6.2_326/lpcxpresso/tools/bin/../lib/gcc/arm-none-eabi/4.9.3/../../../../arm-none-eabi/lib/armv7e-m/softfp\libcr_newlib_nohost.a(_cr_sbrk.o)
 .debug_loc     0x000087f9       0x3a c:/nxp/lpcxpresso_7.6.2_326/lpcxpresso/tools/bin/../lib/gcc/arm-none-eabi/4.9.3/../../../../arm-none-eabi/lib/armv7e-m/softfp\libcr_newlib_nohost.a(_cr_check_heap.o)

.debug_aranges  0x00000000      0xc18
 .debug_aranges
                0x00000000       0x48 ./src/cr_cpp_config.o
 .debug_aranges
                0x00000048       0x20 ./src/cr_start_m0.o
 .debug_aranges
                0x00000068       0x80 ./src/cr_startup_lpc43xx.o
 .debug_aranges
                0x000000e8       0x90 ./src/exec.o
 .debug_aranges
                0x00000178       0x30 ./src/flash.o
 .debug_aranges
                0x000001a8       0x20 ./src/main_m4.o
 .debug_aranges
                0x000001c8       0xc8 ./src/proggreyshades.o
 .debug_aranges
                0x00000290       0x20 ./src/system_LPC43xx.o
 .debug_aranges
                0x000002b0       0xd8 C:\Users\ouroborus\Documents\BACHELOR\AimBot\Pixy\gcc\pixy_m4\Release\libpixy_m4.a(camera.o)
 .debug_aranges
                0x00000388      0x188 C:\Users\ouroborus\Documents\BACHELOR\AimBot\Pixy\gcc\pixy_m4\Release\libpixy_m4.a(chirp.o)
 .debug_aranges
                0x00000510       0x80 C:\Users\ouroborus\Documents\BACHELOR\AimBot\Pixy\gcc\pixy_m4\Release\libpixy_m4.a(lpc43xx_cgu.o)
 .debug_aranges
                0x00000590       0x20 C:\Users\ouroborus\Documents\BACHELOR\AimBot\Pixy\gcc\pixy_m4\Release\libpixy_m4.a(lpc43xx_scu.o)
 .debug_aranges
                0x000005b0       0xe0 C:\Users\ouroborus\Documents\BACHELOR\AimBot\Pixy\gcc\pixy_m4\Release\libpixy_m4.a(lpc43xx_uart.o)
 .debug_aranges
                0x00000690       0xb0 C:\Users\ouroborus\Documents\BACHELOR\AimBot\Pixy\gcc\pixy_m4\Release\libpixy_m4.a(param.o)
 .debug_aranges
                0x00000740       0x70 C:\Users\ouroborus\Documents\BACHELOR\AimBot\Pixy\gcc\pixy_m4\Release\libpixy_m4.a(pixy_init.o)
 .debug_aranges
                0x000007b0       0x38 C:\Users\ouroborus\Documents\BACHELOR\AimBot\Pixy\gcc\pixy_m4\Release\libpixy_m4.a(platform_config.o)
 .debug_aranges
                0x000007e8       0x40 C:\Users\ouroborus\Documents\BACHELOR\AimBot\Pixy\gcc\pixy_m4\Release\libpixy_m4.a(power.o)
 .debug_aranges
                0x00000828       0x68 C:\Users\ouroborus\Documents\BACHELOR\AimBot\Pixy\gcc\pixy_m4\Release\libpixy_m4.a(sccb.o)
 .debug_aranges
                0x00000890       0x68 C:\Users\ouroborus\Documents\BACHELOR\AimBot\Pixy\gcc\pixy_m4\Release\libpixy_m4.a(smlink.o)
 .debug_aranges
                0x000008f8       0x78 C:\Users\ouroborus\Documents\BACHELOR\AimBot\Pixy\gcc\pixy_m4\Release\libpixy_m4.a(debug_frmwrk.o)
 .debug_aranges
                0x00000970       0x20 C:\Users\ouroborus\Documents\BACHELOR\AimBot\Pixy\gcc\pixy_m4\Release\libpixy_m4.a(fpu_init.o)
 .debug_aranges
                0x00000990       0xa8 C:\Users\ouroborus\Documents\BACHELOR\AimBot\Pixy\gcc\pixy_m4\Release\libpixy_m4.a(ipc_mbx.o)
 .debug_aranges
                0x00000a38       0x78 C:\Users\ouroborus\Documents\BACHELOR\AimBot\Pixy\gcc\pixy_m4\Release\libpixy_m4.a(lpc43xx_adc.o)
 .debug_aranges
                0x00000ab0       0x50 C:\Users\ouroborus\Documents\BACHELOR\AimBot\Pixy\gcc\pixy_m4\Release\libpixy_m4.a(misc.o)
 .debug_aranges
                0x00000b00       0xd8 C:\Users\ouroborus\Documents\BACHELOR\AimBot\Pixy\gcc\pixy_m4\Release\libpixy_m4.a(usbhw.o)
 .debug_aranges
                0x00000bd8       0x20 c:/nxp/lpcxpresso_7.6.2_326/lpcxpresso/tools/bin/../lib/gcc/arm-none-eabi/4.9.3/../../../../arm-none-eabi/lib/armv7e-m/softfp\libcr_newlib_nohost.a(_cr_sbrk.o)
 .debug_aranges
                0x00000bf8       0x20 c:/nxp/lpcxpresso_7.6.2_326/lpcxpresso/tools/bin/../lib/gcc/arm-none-eabi/4.9.3/../../../../arm-none-eabi/lib/armv7e-m/softfp\libcr_newlib_nohost.a(_cr_check_heap.o)

.debug_ranges   0x00000000     0x1368
 .debug_ranges  0x00000000       0x38 ./src/cr_cpp_config.o
 .debug_ranges  0x00000038       0x28 ./src/cr_start_m0.o
 .debug_ranges  0x00000060       0x70 ./src/cr_startup_lpc43xx.o
 .debug_ranges  0x000000d0       0xb0 ./src/exec.o
 .debug_ranges  0x00000180       0x50 ./src/flash.o
 .debug_ranges  0x000001d0       0x10 ./src/main_m4.o
 .debug_ranges  0x000001e0      0x468 ./src/proggreyshades.o
 .debug_ranges  0x00000648       0x10 ./src/system_LPC43xx.o
 .debug_ranges  0x00000658      0x160 C:\Users\ouroborus\Documents\BACHELOR\AimBot\Pixy\gcc\pixy_m4\Release\libpixy_m4.a(camera.o)
 .debug_ranges  0x000007b8      0x398 C:\Users\ouroborus\Documents\BACHELOR\AimBot\Pixy\gcc\pixy_m4\Release\libpixy_m4.a(chirp.o)
 .debug_ranges  0x00000b50       0xa0 C:\Users\ouroborus\Documents\BACHELOR\AimBot\Pixy\gcc\pixy_m4\Release\libpixy_m4.a(lpc43xx_cgu.o)
 .debug_ranges  0x00000bf0       0x10 C:\Users\ouroborus\Documents\BACHELOR\AimBot\Pixy\gcc\pixy_m4\Release\libpixy_m4.a(lpc43xx_scu.o)
 .debug_ranges  0x00000c00       0xd0 C:\Users\ouroborus\Documents\BACHELOR\AimBot\Pixy\gcc\pixy_m4\Release\libpixy_m4.a(lpc43xx_uart.o)
 .debug_ranges  0x00000cd0      0x130 C:\Users\ouroborus\Documents\BACHELOR\AimBot\Pixy\gcc\pixy_m4\Release\libpixy_m4.a(param.o)
 .debug_ranges  0x00000e00       0xa8 C:\Users\ouroborus\Documents\BACHELOR\AimBot\Pixy\gcc\pixy_m4\Release\libpixy_m4.a(pixy_init.o)
 .debug_ranges  0x00000ea8       0x28 C:\Users\ouroborus\Documents\BACHELOR\AimBot\Pixy\gcc\pixy_m4\Release\libpixy_m4.a(platform_config.o)
 .debug_ranges  0x00000ed0       0x30 C:\Users\ouroborus\Documents\BACHELOR\AimBot\Pixy\gcc\pixy_m4\Release\libpixy_m4.a(power.o)
 .debug_ranges  0x00000f00       0xb8 C:\Users\ouroborus\Documents\BACHELOR\AimBot\Pixy\gcc\pixy_m4\Release\libpixy_m4.a(sccb.o)
 .debug_ranges  0x00000fb8       0xe0 C:\Users\ouroborus\Documents\BACHELOR\AimBot\Pixy\gcc\pixy_m4\Release\libpixy_m4.a(smlink.o)
 .debug_ranges  0x00001098       0x68 C:\Users\ouroborus\Documents\BACHELOR\AimBot\Pixy\gcc\pixy_m4\Release\libpixy_m4.a(debug_frmwrk.o)
 .debug_ranges  0x00001100       0x10 C:\Users\ouroborus\Documents\BACHELOR\AimBot\Pixy\gcc\pixy_m4\Release\libpixy_m4.a(fpu_init.o)
 .debug_ranges  0x00001110       0xb0 C:\Users\ouroborus\Documents\BACHELOR\AimBot\Pixy\gcc\pixy_m4\Release\libpixy_m4.a(ipc_mbx.o)
 .debug_ranges  0x000011c0       0x68 C:\Users\ouroborus\Documents\BACHELOR\AimBot\Pixy\gcc\pixy_m4\Release\libpixy_m4.a(lpc43xx_adc.o)
 .debug_ranges  0x00001228       0x58 C:\Users\ouroborus\Documents\BACHELOR\AimBot\Pixy\gcc\pixy_m4\Release\libpixy_m4.a(misc.o)
 .debug_ranges  0x00001280       0xc8 C:\Users\ouroborus\Documents\BACHELOR\AimBot\Pixy\gcc\pixy_m4\Release\libpixy_m4.a(usbhw.o)
 .debug_ranges  0x00001348       0x10 c:/nxp/lpcxpresso_7.6.2_326/lpcxpresso/tools/bin/../lib/gcc/arm-none-eabi/4.9.3/../../../../arm-none-eabi/lib/armv7e-m/softfp\libcr_newlib_nohost.a(_cr_sbrk.o)
 .debug_ranges  0x00001358       0x10 c:/nxp/lpcxpresso_7.6.2_326/lpcxpresso/tools/bin/../lib/gcc/arm-none-eabi/4.9.3/../../../../arm-none-eabi/lib/armv7e-m/softfp\libcr_newlib_nohost.a(_cr_check_heap.o)

.debug_macro    0x00000000     0x65e2
 .debug_macro   0x00000000       0xcf ./src/cr_cpp_config.o
 .debug_macro   0x000000cf      0x8da ./src/cr_cpp_config.o
 .debug_macro   0x000009a9       0x58 ./src/cr_cpp_config.o
 .debug_macro   0x00000a01       0x22 ./src/cr_cpp_config.o
 .debug_macro   0x00000a23       0x35 ./src/cr_cpp_config.o
 .debug_macro   0x00000a58       0x9c ./src/cr_cpp_config.o
 .debug_macro   0x00000af4       0x16 ./src/cr_cpp_config.o
 .debug_macro   0x00000b0a      0x10e ./src/cr_cpp_config.o
 .debug_macro   0x00000c18       0x7f ./src/cr_cpp_config.o
 .debug_macro   0x00000c97       0x4a ./src/cr_cpp_config.o
 .debug_macro   0x00000ce1       0x52 ./src/cr_cpp_config.o
 .debug_macro   0x00000d33       0x16 ./src/cr_cpp_config.o
 .debug_macro   0x00000d49       0x43 ./src/cr_cpp_config.o
 .debug_macro   0x00000d8c      0x180 ./src/cr_cpp_config.o
 .debug_macro   0x00000f0c       0x16 ./src/cr_cpp_config.o
 .debug_macro   0x00000f22       0x29 ./src/cr_cpp_config.o
 .debug_macro   0x00000f4b       0x78 ./src/cr_start_m0.o
 .debug_macro   0x00000fc3      0x8b6 ./src/cr_start_m0.o
 .debug_macro   0x00001879       0x16 ./src/cr_start_m0.o
 .debug_macro   0x0000188f       0x44 ./src/cr_start_m0.o
 .debug_macro   0x000018d3       0x1c ./src/cr_start_m0.o
 .debug_macro   0x000018ef      0x1f7 ./src/cr_start_m0.o
 .debug_macro   0x00001ae6       0x1d ./src/cr_startup_lpc43xx.o
 .debug_macro   0x00001b03      0x322 ./src/exec.o
 .debug_macro   0x00001e25       0x16 ./src/exec.o
 .debug_macro   0x00001e3b       0x97 ./src/exec.o
 .debug_macro   0x00001ed2      0x2b2 ./src/exec.o
 .debug_macro   0x00002184       0xef ./src/exec.o
 .debug_macro   0x00002273       0x10 ./src/exec.o
 .debug_macro   0x00002283       0x10 ./src/exec.o
 .debug_macro   0x00002293       0x22 ./src/exec.o
 .debug_macro   0x000022b5       0xbd ./src/exec.o
 .debug_macro   0x00002372       0x16 ./src/exec.o
 .debug_macro   0x00002388      0x16d ./src/exec.o
 .debug_macro   0x000024f5       0x60 ./src/exec.o
 .debug_macro   0x00002555       0x2d ./src/exec.o
 .debug_macro   0x00002582       0x35 ./src/exec.o
 .debug_macro   0x000025b7       0x18 ./src/exec.o
 .debug_macro   0x000025cf       0x57 ./src/exec.o
 .debug_macro   0x00002626      0x8cb ./src/exec.o
 .debug_macro   0x00002ef1      0x329 ./src/exec.o
 .debug_macro   0x0000321a      0x3ad ./src/exec.o
 .debug_macro   0x000035c7       0x58 ./src/exec.o
 .debug_macro   0x0000361f       0x10 ./src/exec.o
 .debug_macro   0x0000362f       0xff ./src/exec.o
 .debug_macro   0x0000372e      0x26c ./src/exec.o
 .debug_macro   0x0000399a       0xc4 ./src/exec.o
 .debug_macro   0x00003a5e       0x10 ./src/exec.o
 .debug_macro   0x00003a6e       0xc8 ./src/exec.o
 .debug_macro   0x00003b36       0x51 ./src/exec.o
 .debug_macro   0x00003b87       0x10 ./src/exec.o
 .debug_macro   0x00003b97       0x36 ./src/exec.o
 .debug_macro   0x00003bcd       0x35 ./src/exec.o
 .debug_macro   0x00003c02       0x52 ./src/exec.o
 .debug_macro   0x00003c54       0x40 ./src/exec.o
 .debug_macro   0x00003c94      0x351 ./src/exec.o
 .debug_macro   0x00003fe5       0x5e ./src/exec.o
 .debug_macro   0x00004043       0x22 ./src/exec.o
 .debug_macro   0x00004065       0x10 ./src/exec.o
 .debug_macro   0x00004075       0x10 ./src/exec.o
 .debug_macro   0x00004085      0x448 ./src/exec.o
 .debug_macro   0x000044cd       0x28 ./src/exec.o
 .debug_macro   0x000044f5       0x28 ./src/exec.o
 .debug_macro   0x0000451d       0x2e ./src/exec.o
 .debug_macro   0x0000454b       0x7c ./src/exec.o
 .debug_macro   0x000045c7       0x5e ./src/exec.o
 .debug_macro   0x00004625      0x10b ./src/flash.o
 .debug_macro   0x00004730      0x166 ./src/flash.o
 .debug_macro   0x00004896       0x10 ./src/flash.o
 .debug_macro   0x000048a6      0x134 ./src/flash.o
 .debug_macro   0x000049da       0x34 ./src/flash.o
 .debug_macro   0x00004a0e      0x3bd ./src/main_m4.o
 .debug_macro   0x00004dcb       0x58 ./src/main_m4.o
 .debug_macro   0x00004e23       0x22 ./src/main_m4.o
 .debug_macro   0x00004e45       0x66 ./src/main_m4.o
 .debug_macro   0x00004eab       0x10 ./src/main_m4.o
 .debug_macro   0x00004ebb       0xef ./src/main_m4.o
 .debug_macro   0x00004faa      0x330 ./src/main_m4.o
 .debug_macro   0x000052da       0x1c ./src/main_m4.o
 .debug_macro   0x000052f6       0x6e ./src/main_m4.o
 .debug_macro   0x00005364       0x28 ./src/main_m4.o
 .debug_macro   0x0000538c       0x12 ./src/main_m4.o
 .debug_macro   0x0000539e       0x82 ./src/main_m4.o
 .debug_macro   0x00005420       0x12 ./src/main_m4.o
 .debug_macro   0x00005432       0x12 ./src/main_m4.o
 .debug_macro   0x00005444       0x3a ./src/main_m4.o
 .debug_macro   0x0000547e      0x31b ./src/proggreyshades.o
 .debug_macro   0x00005799       0x22 ./src/proggreyshades.o
 .debug_macro   0x000057bb       0x8e ./src/proggreyshades.o
 .debug_macro   0x00005849       0x10 ./src/proggreyshades.o
 .debug_macro   0x00005859       0xb5 ./src/system_LPC43xx.o
 .debug_macro   0x0000590e       0x2d ./src/system_LPC43xx.o
 .debug_macro   0x0000593b      0x8cb ./src/system_LPC43xx.o
 .debug_macro   0x00006206      0x329 ./src/system_LPC43xx.o
 .debug_macro   0x0000652f       0x6d ./src/system_LPC43xx.o
 .debug_macro   0x0000659c       0x46 ./src/system_LPC43xx.o

.debug_line     0x00000000     0x66d5
 .debug_line    0x00000000      0x272 ./src/cr_cpp_config.o
 .debug_line    0x00000272      0x249 ./src/cr_start_m0.o
 .debug_line    0x000004bb       0xdf ./src/cr_startup_lpc43xx.o
 .debug_line    0x0000059a      0x6e5 ./src/exec.o
 .debug_line    0x00000c7f      0x328 ./src/flash.o
 .debug_line    0x00000fa7      0x885 ./src/main_m4.o
 .debug_line    0x0000182c      0xd4d ./src/proggreyshades.o
 .debug_line    0x00002579      0x304 ./src/system_LPC43xx.o
 .debug_line    0x0000287d      0x3de C:\Users\ouroborus\Documents\BACHELOR\AimBot\Pixy\gcc\pixy_m4\Release\libpixy_m4.a(camera.o)