Archive member included because of file (symbol)

C:\Users\ouroborus\Documents\BACHELOR\AimBot\Pixy\gcc\video\src\libfalcon_m4_spifi_drv.a(spifi_rom_api.o)
                              ./src/flash.o (spifi_program)
C:\Users\ouroborus\Documents\BACHELOR\AimBot\Pixy\gcc\video\src\libfalcon_m4_spifi_drv.a(falcon_details.o)
                              C:\Users\ouroborus\Documents\BACHELOR\AimBot\Pixy\gcc\video\src\libfalcon_m4_spifi_drv.a(spifi_rom_api.o) (pullMISO)
C:\Users\ouroborus\Documents\BACHELOR\AimBot\Pixy\gcc\video\src\libfalcon_m4_spifi_drv.a(amic.o)
                              C:\Users\ouroborus\Documents\BACHELOR\AimBot\Pixy\gcc\video\src\libfalcon_m4_spifi_drv.a(spifi_rom_api.o) (amic)
C:\Users\ouroborus\Documents\BACHELOR\AimBot\Pixy\gcc\video\src\libfalcon_m4_spifi_drv.a(atmel.o)
                              C:\Users\ouroborus\Documents\BACHELOR\AimBot\Pixy\gcc\video\src\libfalcon_m4_spifi_drv.a(spifi_rom_api.o) (atm)
C:\Users\ouroborus\Documents\BACHELOR\AimBot\Pixy\gcc\video\src\libfalcon_m4_spifi_drv.a(chi.o)
                              C:\Users\ouroborus\Documents\BACHELOR\AimBot\Pixy\gcc\video\src\libfalcon_m4_spifi_drv.a(spifi_rom_api.o) (chi)
C:\Users\ouroborus\Documents\BACHELOR\AimBot\Pixy\gcc\video\src\libfalcon_m4_spifi_drv.a(eon.o)
                              C:\Users\ouroborus\Documents\BACHELOR\AimBot\Pixy\gcc\video\src\libfalcon_m4_spifi_drv.a(spifi_rom_api.o) (eon)
C:\Users\ouroborus\Documents\BACHELOR\AimBot\Pixy\gcc\video\src\libfalcon_m4_spifi_drv.a(esmt.o)
                              C:\Users\ouroborus\Documents\BACHELOR\AimBot\Pixy\gcc\video\src\libfalcon_m4_spifi_drv.a(spifi_rom_api.o) (esmt)
C:\Users\ouroborus\Documents\BACHELOR\AimBot\Pixy\gcc\video\src\libfalcon_m4_spifi_drv.a(giga.o)
                              C:\Users\ouroborus\Documents\BACHELOR\AimBot\Pixy\gcc\video\src\libfalcon_m4_spifi_drv.a(spifi_rom_api.o) (giga)
C:\Users\ouroborus\Documents\BACHELOR\AimBot\Pixy\gcc\video\src\libfalcon_m4_spifi_drv.a(macronix.o)
                              C:\Users\ouroborus\Documents\BACHELOR\AimBot\Pixy\gcc\video\src\libfalcon_m4_spifi_drv.a(spifi_rom_api.o) (mxic)
C:\Users\ouroborus\Documents\BACHELOR\AimBot\Pixy\gcc\video\src\libfalcon_m4_spifi_drv.a(numonyx.o)
                              C:\Users\ouroborus\Documents\BACHELOR\AimBot\Pixy\gcc\video\src\libfalcon_m4_spifi_drv.a(spifi_rom_api.o) (numo)
C:\Users\ouroborus\Documents\BACHELOR\AimBot\Pixy\gcc\video\src\libfalcon_m4_spifi_drv.a(spansion.o)
                              C:\Users\ouroborus\Documents\BACHELOR\AimBot\Pixy\gcc\video\src\libfalcon_m4_spifi_drv.a(spifi_rom_api.o) (span)
C:\Users\ouroborus\Documents\BACHELOR\AimBot\Pixy\gcc\video\src\libfalcon_m4_spifi_drv.a(sst.o)
                              C:\Users\ouroborus\Documents\BACHELOR\AimBot\Pixy\gcc\video\src\libfalcon_m4_spifi_drv.a(spifi_rom_api.o) (sst)
C:\Users\ouroborus\Documents\BACHELOR\AimBot\Pixy\gcc\video\src\libfalcon_m4_spifi_drv.a(winbond.o)
                              C:\Users\ouroborus\Documents\BACHELOR\AimBot\Pixy\gcc\video\src\libfalcon_m4_spifi_drv.a(spifi_rom_api.o) (wbd)
C:\Users\ouroborus\Documents\BACHELOR\AimBot\Pixy\gcc\pixy_m4\Release\libpixy_m4.a(camera.o)
                              ./src/proggreyshades.o (cam_setMode(unsigned char const&))
C:\Users\ouroborus\Documents\BACHELOR\AimBot\Pixy\gcc\pixy_m4\Release\libpixy_m4.a(chirp.o)
                              C:\Users\ouroborus\Documents\BACHELOR\AimBot\Pixy\gcc\pixy_m4\Release\libpixy_m4.a(camera.o) (Chirp::useBuffer(unsigned char*, unsigned long))
C:\Users\ouroborus\Documents\BACHELOR\AimBot\Pixy\gcc\pixy_m4\Release\libpixy_m4.a(lpc43xx_cgu.o)
                              ./src/system_LPC43xx.o (CGU_Init)
C:\Users\ouroborus\Documents\BACHELOR\AimBot\Pixy\gcc\pixy_m4\Release\libpixy_m4.a(lpc43xx_scu.o)
                              ./src/proggreyshades.o (scu_pinmux)
C:\Users\ouroborus\Documents\BACHELOR\AimBot\Pixy\gcc\pixy_m4\Release\libpixy_m4.a(lpc43xx_uart.o)
                              ./src/proggreyshades.o (UART_Init)
C:\Users\ouroborus\Documents\BACHELOR\AimBot\Pixy\gcc\pixy_m4\Release\libpixy_m4.a(param.o)
                              ./src/exec.o (prm_get(char const*, ...))
C:\Users\ouroborus\Documents\BACHELOR\AimBot\Pixy\gcc\pixy_m4\Release\libpixy_m4.a(pixy_init.o)
                              ./src/exec.o (periodic())
C:\Users\ouroborus\Documents\BACHELOR\AimBot\Pixy\gcc\pixy_m4\Release\libpixy_m4.a(platform_config.o)
                              ./src/flash.o (g_spifi)
C:\Users\ouroborus\Documents\BACHELOR\AimBot\Pixy\gcc\pixy_m4\Release\libpixy_m4.a(power.o)
                              C:\Users\ouroborus\Documents\BACHELOR\AimBot\Pixy\gcc\pixy_m4\Release\libpixy_m4.a(pixy_init.o) (pwr_init())
C:\Users\ouroborus\Documents\BACHELOR\AimBot\Pixy\gcc\pixy_m4\Release\libpixy_m4.a(sccb.o)
                              C:\Users\ouroborus\Documents\BACHELOR\AimBot\Pixy\gcc\pixy_m4\Release\libpixy_m4.a(camera.o) (CSccb::CSccb(unsigned char))
[...]
Memory Configuration

Name             Origin             Length             Attributes
SPIflash         0x14000000         0x00020000         xr
RamLoc128        0x10000000         0x00020000         xrw
RamAHB32         0x20000000         0x00008000         xrw
RamLoc72         0x10080000         0x00012000         xrw
RamAHB16         0x20008000         0x00004000         xrw
RamAHB_ETB16     0x2000c000         0x00004000         xrw
*default*        0x00000000         0xffffffff

Linker script and memory map

LOAD ./src/cr_cpp_config.o
LOAD ./src/cr_start_m0.o
LOAD ./src/cr_startup_lpc43xx.o
LOAD ./src/exec.o
LOAD ./src/flash.o
LOAD ./src/main_m4.o
LOAD ./src/proggreyshades.o
LOAD ./src/system_LPC43xx.o
LOAD C:/Users/ouroborus/Documents/BACHELOR/AimBot/Pixy/gcc/m0/Release/m0.axf.o
LOAD C:\Users\ouroborus\Documents\BACHELOR\AimBot\Pixy\gcc\video\src\libfalcon_m4_spifi_drv.a
LOAD C:\Users\ouroborus\Documents\BACHELOR\AimBot\Pixy\gcc\pixy_m4\Release\libpixy_m4.a
START GROUP
LOAD c:/nxp/lpcxpresso_7.6.2_326/lpcxpresso/tools/bin/../lib/gcc/arm-none-eabi/4.9.3/armv7e-m/softfp\libgcc.a
LOAD c:/nxp/lpcxpresso_7.6.2_326/lpcxpresso/tools/bin/../lib/gcc/arm-none-eabi/4.9.3/../../../../arm-none-eabi/lib/armv7e-m/softfp\libc_nano.a
LOAD c:/nxp/lpcxpresso_7.6.2_326/lpcxpresso/tools/bin/../lib/gcc/arm-none-eabi/4.9.3/../../../../arm-none-eabi/lib/armv7e-m/softfp\libstdc++_nano.a
LOAD c:/nxp/lpcxpresso_7.6.2_326/lpcxpresso/tools/bin/../lib/gcc/arm-none-eabi/4.9.3/../../../../arm-none-eabi/lib/armv7e-m/softfp\libm.a
LOAD c:/nxp/lpcxpresso_7.6.2_326/lpcxpresso/tools/bin/../lib/gcc/arm-none-eabi/4.9.3/../../../../arm-none-eabi/lib/armv7e-m/softfp\libcr_newlib_nohost.a
LOAD c:/nxp/lpcxpresso_7.6.2_326/lpcxpresso/tools/bin/../lib/gcc/arm-none-eabi/4.9.3/armv7e-m/softfp\crti.o
LOAD c:/nxp/lpcxpresso_7.6.2_326/lpcxpresso/tools/bin/../lib/gcc/arm-none-eabi/4.9.3/armv7e-m/softfp\crtn.o
LOAD c:/nxp/lpcxpresso_7.6.2_326/lpcxpresso/tools/bin/../lib/gcc/arm-none-eabi/4.9.3/armv7e-m/softfp\crtbegin.o
LOAD c:/nxp/lpcxpresso_7.6.2_326/lpcxpresso/tools/bin/../lib/gcc/arm-none-eabi/4.9.3/armv7e-m/softfp\crtend.o
END GROUP
START GROUP
LOAD c:/nxp/lpcxpresso_7.6.2_326/lpcxpresso/tools/bin/../lib/gcc/arm-none-eabi/4.9.3/../../../../arm-none-eabi/lib/armv7e-m/softfp\libcr_nohost.a
LOAD c:/nxp/lpcxpresso_7.6.2_326/lpcxpresso/tools/bin/../lib/gcc/arm-none-eabi/4.9.3/armv7e-m/softfp\libcr_eabihelpers.a
END GROUP
                0x14020000                __top_SPIflash = 0x14020000
                0x10020000                __top_RamLoc128 = 0x10020000
                0x20008000                __top_RamAHB32 = 0x20008000
                0x10092000                __top_RamLoc72 = 0x10092000
                0x2000c000                __top_RamAHB16 = 0x2000c000
                0x20010000                __top_RamAHB_ETB16 = 0x20010000

.text           0x14000000      0x278
 FILL mask 0xff
                0x14000000                __vectors_start__ = ABSOLUTE (.)
 *(.isr_vector)
 .isr_vector    0x14000000      0x114 ./src/cr_startup_lpc43xx.o
                0x14000000                g_pfnVectors
                0x14000114                . = ALIGN (0x4)
                0x14000114                __section_table_start = .
                0x14000114                __data_section_table = .
                0x14000114        0x4 LONG 0x14008b84 LOADADDR (.data)
                0x14000118        0x4 LONG 0x100066a8 ADDR (.data)
                0x1400011c        0x4 LONG 0xcc SIZEOF (.data)
                0x14000120        0x4 LONG 0x14006920 LOADADDR (.data_RAM2)
                0x14000124        0x4 LONG 0x20000000 ADDR (.data_RAM2)
                0x14000128        0x4 LONG 0x0 SIZEOF (.data_RAM2)
                0x1400012c        0x4 LONG 0x14006920 LOADADDR (.data_RAM3)
                0x14000130        0x4 LONG 0x10080000 ADDR (.data_RAM3)
                0x14000134        0x4 LONG 0x0 SIZEOF (.data_RAM3)
                0x14000138        0x4 LONG 0x14006920 LOADADDR (.data_RAM4)
                0x1400013c        0x4 LONG 0x20008000 ADDR (.data_RAM4)
                0x14000140        0x4 LONG 0x2264 SIZEOF (.data_RAM4)
                0x14000144        0x4 LONG 0x14008b84 LOADADDR (.data_RAM5)
                0x14000148        0x4 LONG 0x2000c000 ADDR (.data_RAM5)
                0x1400014c        0x4 LONG 0x0 SIZEOF (.data_RAM5)
                0x14000150        0x4 LONG 0x14000278 LOADADDR (.text_ram)
                0x14000154        0x4 LONG 0x10000000 ADDR (.text_ram)
                0x14000158        0x4 LONG 0x66a0 SIZEOF (.text_ram)
                0x1400015c                __data_section_table_end = .
                0x1400015c                __bss_section_table = .
                0x1400015c        0x4 LONG 0x10006800 ADDR (.bss)
                0x14000160        0x4 LONG 0xb48 SIZEOF (.bss)
                0x14000164        0x4 LONG 0x20000000 ADDR (.bss_RAM2)
                0x14000168        0x4 LONG 0x0 SIZEOF (.bss_RAM2)
                0x1400016c        0x4 LONG 0x10080000 ADDR (.bss_RAM3)
                0x14000170        0x4 LONG 0x0 SIZEOF (.bss_RAM3)
                0x14000174        0x4 LONG 0x2000a264 ADDR (.bss_RAM4)
                0x14000178        0x4 LONG 0x0 SIZEOF (.bss_RAM4)
                0x1400017c        0x4 LONG 0x2000c000 ADDR (.bss_RAM5)
                0x14000180        0x4 LONG 0x0 SIZEOF (.bss_RAM5)
                0x14000184                __bss_section_table_end = .
                0x14000184                __section_table_end = .
 *(.after_vectors*)
 .after_vectors
                0x14000184       0x3c ./src/cr_startup_lpc43xx.o
                0x14000184                NMI_Handler
                0x14000186                HardFault_Handler
                0x14000188                MemManage_Handler
                0x1400018a                BusFault_Handler
                0x1400018c                UsageFault_Handler
                0x1400018e                SVC_Handler
                0x14000190                DebugMon_Handler
                0x14000192                PendSV_Handler
                0x14000194                SysTick_Handler
                0x14000196                ATIMER_IRQHandler
                0x14000196                I2C0_IRQHandler
                0x14000196                I2C1_IRQHandler
                0x14000196                UART1_IRQHandler
                0x14000196                GPIO5_IRQHandler
                0x14000196                CAN1_IRQHandler
                0x14000196                USB1_IRQHandler
                0x14000196                I2S0_IRQHandler
                0x14000196                TIMER3_IRQHandler
                0x14000196                UART0_IRQHandler
                0x14000196                SGPIO_IRQHandler
                0x14000196                ADC0_IRQHandler
                0x14000196                FLASH_EEPROM_IRQHandler
                0x14000196                RIT_IRQHandler
                0x14000196                SDIO_IRQHandler
                0x14000196                GPIO1_IRQHandler
                0x14000196                SSP0_IRQHandler
                0x14000196                ADC1_IRQHandler
                0x14000196                RTC_IRQHandler
                0x14000196                TIMER0_IRQHandler
                0x14000196                SPI_IRQHandler
                0x14000196                LCD_IRQHandler
                0x14000196                VADC_IRQHandler
                0x14000196                TIMER1_IRQHandler
                0x14000196                UART2_IRQHandler
                0x14000196                GPIO2_IRQHandler
                0x14000196                I2S1_IRQHandler
                0x14000196                SSP1_IRQHandler
                0x14000196                GINT1_IRQHandler
                0x14000196                GPIO3_IRQHandler
                0x14000196                SCT_IRQHandler
                0x14000196                IntDefaultHandler
                0x14000196                MCPWM_IRQHandler
                0x14000196                WDT_IRQHandler
                0x14000196                GPIO6_IRQHandler
                0x14000196                GPIO7_IRQHandler
                0x14000196                SPIFI_IRQHandler
                0x14000196                QEI_IRQHandler
                0x14000196                ETH_IRQHandler
                0x14000196                CAN0_IRQHandler
                0x14000196                GINT0_IRQHandler
                0x14000196                DAC_IRQHandler
                0x14000196                M0SUB_IRQHandler
                0x14000196                GPIO0_IRQHandler
                0x14000196                DMA_IRQHandler
                0x14000196                EVRT_IRQHandler
                0x14000196                TIMER2_IRQHandler
                0x14000196                UART3_IRQHandler
                0x14000196                GPIO4_IRQHandler
                0x14000198                data_init(unsigned int, unsigned int, unsigned int)
                0x140001ae                bss_init(unsigned int, unsigned int)
 *cr_startup_lpc43xx.o(.text* .rodata .rodata.* .constdata .constdata.*)
 .text.ResetISR
                0x140001c0       0x98 ./src/cr_startup_lpc43xx.o
                0x140001c0                ResetISR
 .text.ResetISR.__stub
                0x14000258       0x20 linker stubs
 *(.text.main)

.glue_7         0x14000278        0x0
 .glue_7        0x00000000        0x0 linker stubs

.glue_7t        0x14000278        0x0
 .glue_7t       0x00000000        0x0 linker stubs

.vfp11_veneer   0x14000278        0x0
 .vfp11_veneer  0x00000000        0x0 linker stubs

.v4_bx          0x14000278        0x0
 .v4_bx         0x00000000        0x0 linker stubs

.iplt           0x14000278        0x0
 .iplt          0x00000000        0x0 ./src/cr_cpp_config.o

.text_ram       0x10000000     0x66a0 load address 0x14000278
 *(.text*)
 .text._Znwj    0x10000000        0x4 ./src/cr_cpp_config.o
                0x10000000                operator new(unsigned int)
 .text._ZdlPv   0x10000004        0x4 ./src/cr_cpp_config.o
                0x10000004                operator delete(void*)
 .text._ZdaPv   0x10000008        0x4 ./src/cr_cpp_config.o
                0x10000008                operator delete[](void*)
 .text.__aeabi_atexit
                0x1000000c        0x4 ./src/cr_cpp_config.o
                0x1000000c                __aeabi_atexit
 .text.cr_start_m0
                0x10000010       0x9c ./src/cr_start_m0.o
                0x10000010                cr_start_m0
 .text._Z8exec_runv
                0x100000ac       0x18 ./src/exec.o
                0x100000ac                exec_run()
 .text._ZL10loadParamsv
                0x100000c4       0x20 ./src/exec.o
 .text._Z12exec_runprogRKh
                0x100000e4       0x5c ./src/exec.o
                0x100000e4                exec_runprog(unsigned char const&)
 .text._Z12exec_addProgP7Programb
                0x10000140       0x20 ./src/exec.o
                0x10000140                exec_addProg(Program*, bool)
 .text._Z11exec_stopM0v
                0x10000160       0x2c ./src/exec.o
                0x10000160                exec_stopM0()
 .text._Z15exec_loadParamsv
                0x1000018c        0xe ./src/exec.o
                0x1000018c                exec_loadParams()
 .text._Z13exec_periodicv
                0x1000019a       0x16 ./src/exec.o
                0x1000019a                exec_periodic()
 .text._Z9exec_loopv
                0x100001b0       0x88 ./src/exec.o
                0x100001b0                exec_loop()
 .text._Z13flash_programmPKhm
                0x10000238       0x54 ./src/flash.o
                0x10000238                flash_program(unsigned long, unsigned char const*, unsigned long)
 .text.startup.main
                0x1000028c       0x1c ./src/main_m4.o
                0x1000028c                main
 .text._ZN13AimBot_Serial8echoBackEPhh.isra.1
                0x100002a8       0x30 ./src/proggreyshades.o
 .text._ZN13AimBot_SerialD2Ev
                0x100002d8       0x3c ./src/proggreyshades.o
                0x100002d8                AimBot_Serial::~AimBot_Serial()
                0x100002d8                AimBot_Serial::~AimBot_Serial()
 .text._ZN13AimBot_Serial11setupSerialEv
                0x10000314       0xc0 ./src/proggreyshades.o
                0x10000314                AimBot_Serial::setupSerial()
 .text._ZN10GreyShadesC2EPh
                0x100003d4       0x14 ./src/proggreyshades.o
                0x100003d4                GreyShades::GreyShades(unsigned char*)
                0x100003d4                GreyShades::GreyShades(unsigned char*)
 .text._ZN10GreyShades9setParamsEht
                0x100003e8       0x20 ./src/proggreyshades.o
                0x100003e8                GreyShades::setParams(unsigned char, unsigned short)
 .text._ZN10GreyShades16convertRawToGreyEb
                0x10000408       0xa0 ./src/proggreyshades.o
                0x10000408                GreyShades::convertRawToGrey(bool)
 .text._ZN10GreyShades15separateObjectsEv
                0x100004a8       0xc0 ./src/proggreyshades.o
                0x100004a8                GreyShades::separateObjects()
 .text._Z14greyLoadParamsv
                0x10000568       0x14 ./src/proggreyshades.o
                0x10000568                greyLoadParams()
 .text._Z9greySetupv
                0x1000057c       0x40 ./src/proggreyshades.o
                0x1000057c                greySetup()
 .text._ZNSt4listIiSaIiEE9pop_frontEv
                0x100005bc       0x14 ./src/proggreyshades.o
                0x100005bc                std::list<int, std::allocator<int> >::pop_front()
 .text._ZNSt10_List_baseI14DetectedObjectSaIS0_EE8_M_clearEv
                0x100005d0       0x16 ./src/proggreyshades.o
                0x100005d0                std::_List_base<DetectedObject, std::allocator<DetectedObject> >::_M_clear()
 .text._ZNSt10_List_baseI8sPoint16SaIS0_EE8_M_clearEv
                0x100005e6       0x16 ./src/proggreyshades.o
                0x100005e6                std::_List_base<sPoint16, std::allocator<sPoint16> >::_M_clear()
 .text._ZN10GreyShadesD2Ev
                0x100005fc       0x16 ./src/proggreyshades.o
                0x100005fc                GreyShades::~GreyShades()
                0x100005fc                GreyShades::~GreyShades()
 *fill*         0x10000612        0x2 
 .text._ZN10GreyShades5resetEv
                0x10000614       0x2c ./src/proggreyshades.o
                0x10000614                GreyShades::reset()
 .text._ZN13AimBot_Serial12updateSerialEv
                0x10000640       0xf8 ./src/proggreyshades.o
                0x10000640                AimBot_Serial::updateSerial()
 .text._ZNSt10_List_baseIiSaIiEE8_M_clearEv
                0x10000738       0x16 ./src/proggreyshades.o
                0x10000738                std::_List_base<int, std::allocator<int> >::_M_clear()
 .text._ZNSt4listIiSaIiEE5mergeERS1_
                0x1000074e       0x44 ./src/proggreyshades.o
                0x1000074e                std::list<int, std::allocator<int> >::merge(std::list<int, std::allocator<int> >&)
 .text._ZNSt4listIiSaIiEE4sortEv
                0x10000792       0xbc ./src/proggreyshades.o
                0x10000792                std::list<int, std::allocator<int> >::sort()
 *fill*         0x1000084e        0x2 
 .text._ZN10GreyShades8objCalcsEv
                0x10000850      0x1a8 ./src/proggreyshades.o
                0x10000850                GreyShades::objCalcs()
 .text._ZN10GreyShades11handleImageEv
                0x100009f8      0x13c ./src/proggreyshades.o
                0x100009f8                GreyShades::handleImage()
 .text._Z8greyLoopv
                0x10000b34       0x24 ./src/proggreyshades.o
                0x10000b34                greyLoop()
 .text.startup._GLOBAL__sub_I_g_progGreyshades
                0x10000b58       0x4c ./src/proggreyshades.o
 .text.SystemInit
                0x10000ba4       0x34 ./src/system_LPC43xx.o
                0x10000ba4                SystemInit
 .text          0x10000bd8     0x12ec C:\Users\ouroborus\Documents\BACHELOR\AimBot\Pixy\gcc\video\src\libfalcon_m4_spifi_drv.a(spifi_rom_api.o)
                0x10000bd8                memcpy_spifi_lib
                0x10000c02                memset_spifi_lib
                0x10000c14                spifi_get_version
                0x10000c1a                read_flash
                0x10000c4c                cmd
                0x10000c62                all_quad
                0x10000c72                read04
                0x10000c94                readAd
                0x10000ca6                send04
                0x10000cd2                wren
                0x10000cd8                wren_send04
                0x10000cf4                wren_sendAd
                0x10000d3e                cancel_mem_mode
                0x10000d7e                wait_busy
                0x10000e58                write_stat
                0x10000e8a                set_mem_mode
                0x10000f1a                setWPSEL
                0x10000f4c                setProtEnts
                0x10000f88                getProtBytes
                0x10000fa4                readProt
                0x10001014                setSize
                0x1000102a                setDev
                0x100011d6                spifi_init
                0x100013a8                setProt
                0x100017c8                checkAd
                0x10001810                send_erase_cmd
                0x10001852                send_prog_cmd
                0x1000186a                prog_block
                0x1000195a                ck_erase
                0x10001972                ck_setup
                0x10001988                ck_prog
                0x100019ea                check_block
                0x10001a68                spifi_program
                0x10001cbe                spifi_erase
 .text          0x10001ec4      0x160 C:\Users\ouroborus\Documents\BACHELOR\AimBot\Pixy\gcc\video\src\libfalcon_m4_spifi_drv.a(falcon_details.o)
                0x10001ec4                set_uart
                0x10001efa                pullMISO
                0x10001f10                set_spifi_io
                0x10001f28                set_spifi_clk
 .text          0x10002024       0xa0 C:\Users\ouroborus\Documents\BACHELOR\AimBot\Pixy\gcc\video\src\libfalcon_m4_spifi_drv.a(amic.o)
                0x10002024                amic
 .text          0x100020c4      0x114 C:\Users\ouroborus\Documents\BACHELOR\AimBot\Pixy\gcc\video\src\libfalcon_m4_spifi_drv.a(atmel.o)
                0x100020c4                atm
 .text          0x100021d8       0xdc C:\Users\ouroborus\Documents\BACHELOR\AimBot\Pixy\gcc\video\src\libfalcon_m4_spifi_drv.a(chi.o)
                0x100021d8                chi
 .text          0x100022b4       0xb8 C:\Users\ouroborus\Documents\BACHELOR\AimBot\Pixy\gcc\video\src\libfalcon_m4_spifi_drv.a(eon.o)
                0x100022b4                eon
 .text          0x1000236c       0xbc C:\Users\ouroborus\Documents\BACHELOR\AimBot\Pixy\gcc\video\src\libfalcon_m4_spifi_drv.a(esmt.o)
                0x1000236c                esmt
 .text          0x10002428       0xb0 C:\Users\ouroborus\Documents\BACHELOR\AimBot\Pixy\gcc\video\src\libfalcon_m4_spifi_drv.a(giga.o)
                0x10002428                giga
 .text          0x100024d8      0x194 C:\Users\ouroborus\Documents\BACHELOR\AimBot\Pixy\gcc\video\src\libfalcon_m4_spifi_drv.a(macronix.o)
                0x100024d8                mxic
 .text          0x1000266c      0x178 C:\Users\ouroborus\Documents\BACHELOR\AimBot\Pixy\gcc\video\src\libfalcon_m4_spifi_drv.a(numonyx.o)
                0x1000266c                numo_dummies
                0x1000269e                numo
 .text          0x100027e4       0xec C:\Users\ouroborus\Documents\BACHELOR\AimBot\Pixy\gcc\video\src\libfalcon_m4_spifi_drv.a(spansion.o)
                0x100027e4                moreId
                0x10002826                span
 .text          0x100028d0       0xb8 C:\Users\ouroborus\Documents\BACHELOR\AimBot\Pixy\gcc\video\src\libfalcon_m4_spifi_drv.a(sst.o)
                0x100028d0                sst
 .text          0x10002988       0xfc C:\Users\ouroborus\Documents\BACHELOR\AimBot\Pixy\gcc\video\src\libfalcon_m4_spifi_drv.a(winbond.o)
                0x10002988                wbd_dummies
                0x100029a6                wbd
 .text._Z10cam_setAWBRKh
                0x10002a84       0x48 C:\Users\ouroborus\Documents\BACHELOR\AimBot\Pixy\gcc\pixy_m4\Release\libpixy_m4.a(camera.o)
                0x10002a84                cam_setAWB(unsigned char const&)
 .text._Z17cam_setBrightnessRKh
                0x10002acc       0x38 C:\Users\ouroborus\Documents\BACHELOR\AimBot\Pixy\gcc\pixy_m4\Release\libpixy_m4.a(camera.o)
                0x10002acc                cam_setBrightness(unsigned char const&)
 .text._ZL11cam_setRegsPKhi
                0x10002b04       0x5c C:\Users\ouroborus\Documents\BACHELOR\AimBot\Pixy\gcc\pixy_m4\Release\libpixy_m4.a(camera.o)
 .text._Z11cam_setModeRKh
                0x10002b60       0x38 C:\Users\ouroborus\Documents\BACHELOR\AimBot\Pixy\gcc\pixy_m4\Release\libpixy_m4.a(camera.o)
                0x10002b60                cam_setMode(unsigned char const&)
 .text._Z12cam_getFramePhmhtttt
                0x10002b98       0xdc C:\Users\ouroborus\Documents\BACHELOR\AimBot\Pixy\gcc\pixy_m4\Release\libpixy_m4.a(camera.o)
                0x10002b98                cam_getFrame(unsigned char*, unsigned long, unsigned char, unsigned short, unsigned short, unsigned short, unsigned short)
 .text._Z14cam_loadParamsv
                0x10002c74       0x3c C:\Users\ouroborus\Documents\BACHELOR\AimBot\Pixy\gcc\pixy_m4\Release\libpixy_m4.a(camera.o)
                0x10002c74                cam_loadParams()
 .text._Z8cam_initv
                0x10002cb0       0x68 C:\Users\ouroborus\Documents\BACHELOR\AimBot\Pixy\gcc\pixy_m4\Release\libpixy_m4.a(camera.o)
                0x10002cb0                cam_init()
 .text.startup._GLOBAL__sub_I_g_sccb
                0x10002d18       0x10 C:\Users\ouroborus\Documents\BACHELOR\AimBot\Pixy\gcc\pixy_m4\Release\libpixy_m4.a(camera.o)
 .text._ZN5Chirp11handleXdataEPPv
                0x10002d28        0x2 C:\Users\ouroborus\Documents\BACHELOR\AimBot\Pixy\gcc\pixy_m4\Release\libpixy_m4.a(chirp.o)
                0x10002d28                Chirp::handleXdata(void**)
 .text._ZN5Chirp4initEb
                0x10002d2a        0x4 C:\Users\ouroborus\Documents\BACHELOR\AimBot\Pixy\gcc\pixy_m4\Release\libpixy_m4.a(chirp.o)
                0x10002d2a                Chirp::init(bool)
 .text._Z9copyAlignPcPKci
                0x10002d2e       0x12 C:\Users\ouroborus\Documents\BACHELOR\AimBot\Pixy\gcc\pixy_m4\Release\libpixy_m4.a(chirp.o)
                0x10002d2e                copyAlign(char*, char const*, int)
 .text._ZN5Chirp13restoreBufferEv
                0x10002d40        0xc C:\Users\ouroborus\Documents\BACHELOR\AimBot\Pixy\gcc\pixy_m4\Release\libpixy_m4.a(chirp.o)
                0x10002d40                Chirp::restoreBuffer()
 .text._ZN5Chirp8loadArgsEPSt9__va_listPPv
                0x10002d4c       0x84 C:\Users\ouroborus\Documents\BACHELOR\AimBot\Pixy\gcc\pixy_m4\Release\libpixy_m4.a(chirp.o)
                0x10002d4c                Chirp::loadArgs(std::__va_list*, void**)
 .text._ZN5Chirp14sendChirpRetryEhs
                0x10002dd0       0x58 C:\Users\ouroborus\Documents\BACHELOR\AimBot\Pixy\gcc\pixy_m4\Release\libpixy_m4.a(chirp.o)
                0x10002dd0                Chirp::sendChirpRetry(unsigned char, short)
 .text._ZN5Chirp12reallocTableEv
                0x10002e28       0x44 C:\Users\ouroborus\Documents\BACHELOR\AimBot\Pixy\gcc\pixy_m4\Release\libpixy_m4.a(chirp.o)
                0x10002e28                Chirp::reallocTable()
 .text._ZN5Chirp11lookupTableEPKc
                0x10002e6c       0x32 C:\Users\ouroborus\Documents\BACHELOR\AimBot\Pixy\gcc\pixy_m4\Release\libpixy_m4.a(chirp.o)
                0x10002e6c                Chirp::lookupTable(char const*)
 .text._ZN5Chirp11updateTableEPKcPFmPS_E
                0x10002e9e       0x54 C:\Users\ouroborus\Documents\BACHELOR\AimBot\Pixy\gcc\pixy_m4\Release\libpixy_m4.a(chirp.o)
                0x10002e9e                Chirp::updateTable(char const*, unsigned long (*)(Chirp*))
 .text._ZN5Chirp15handleEnumerateEPcPs
                0x10002ef2       0x16 C:\Users\ouroborus\Documents\BACHELOR\AimBot\Pixy\gcc\pixy_m4\Release\libpixy_m4.a(chirp.o)
                0x10002ef2                Chirp::handleEnumerate(char*, short*)
 .text._ZN5Chirp7reallocEm
                0x10002f08       0x44 C:\Users\ouroborus\Documents\BACHELOR\AimBot\Pixy\gcc\pixy_m4\Release\libpixy_m4.a(chirp.o)
                0x10002f08                Chirp::realloc(unsigned long)
 .text._ZN5Chirp10vserializeEPS_PhmPSt9__va_list
                0x10002f4c      0x206 C:\Users\ouroborus\Documents\BACHELOR\AimBot\Pixy\gcc\pixy_m4\Release\libpixy_m4.a(chirp.o)
                0x10002f4c                Chirp::vserialize(Chirp*, unsigned char*, unsigned long, std::__va_list*)
 .text._ZN5Chirp9vassembleEPSt9__va_list
                0x10003152       0x1c C:\Users\ouroborus\Documents\BACHELOR\AimBot\Pixy\gcc\pixy_m4\Release\libpixy_m4.a(chirp.o)
                0x10003152                Chirp::vassemble(std::__va_list*)
 .text._ZN5Chirp8assembleEhz
                0x1000316e       0x4e C:\Users\ouroborus\Documents\BACHELOR\AimBot\Pixy\gcc\pixy_m4\Release\libpixy_m4.a(chirp.o)
                0x1000316e                Chirp::assemble(unsigned char, ...)
 .text._ZN5Chirp10handleInitEPtPh
                0x100031bc       0x48 C:\Users\ouroborus\Documents\BACHELOR\AimBot\Pixy\gcc\pixy_m4\Release\libpixy_m4.a(chirp.o)
                0x100031bc                Chirp::handleInit(unsigned short*, unsigned char*)
 .text._ZN5Chirp19handleEnumerateInfoEPs
                0x10003204       0x64 C:\Users\ouroborus\Documents\BACHELOR\AimBot\Pixy\gcc\pixy_m4\Release\libpixy_m4.a(chirp.o)
                0x10003204                Chirp::handleEnumerateInfo(short*)
 .text._ZN5Chirp11handleChirpEhsPPv
                0x10003268      0x1a2 C:\Users\ouroborus\Documents\BACHELOR\AimBot\Pixy\gcc\pixy_m4\Release\libpixy_m4.a(chirp.o)
                0x10003268                Chirp::handleChirp(unsigned char, short, void**)
 .text._ZN5Chirp16deserializeParseEPhmPPv
                0x1000340a       0xb8 C:\Users\ouroborus\Documents\BACHELOR\AimBot\Pixy\gcc\pixy_m4\Release\libpixy_m4.a(chirp.o)
                0x1000340a                Chirp::deserializeParse(unsigned char*, unsigned long, void**)
 .text._ZN5Chirp12vdeserializeEPhmPSt9__va_list
                0x100034c2       0x1c C:\Users\ouroborus\Documents\BACHELOR\AimBot\Pixy\gcc\pixy_m4\Release\libpixy_m4.a(chirp.o)
                0x100034c2                Chirp::vdeserialize(unsigned char*, unsigned long, std::__va_list*)
 .text._ZN5Chirp7calcCrcEPhm
                0x100034de       0x1a C:\Users\ouroborus\Documents\BACHELOR\AimBot\Pixy\gcc\pixy_m4\Release\libpixy_m4.a(chirp.o)
                0x100034de                Chirp::calcCrc(unsigned char*, unsigned long)
 .text._ZN5Chirp8sendFullEhs
                0x100034f8       0x50 C:\Users\ouroborus\Documents\BACHELOR\AimBot\Pixy\gcc\pixy_m4\Release\libpixy_m4.a(chirp.o)
                0x100034f8                Chirp::sendFull(unsigned char, short)
 .text._ZN5Chirp7sendAckEb
                0x10003548       0x2e C:\Users\ouroborus\Documents\BACHELOR\AimBot\Pixy\gcc\pixy_m4\Release\libpixy_m4.a(chirp.o)
                0x10003548                Chirp::sendAck(bool)
 *fill*         0x10003576        0x2 
 .text._ZN5Chirp10recvHeaderEPhPsb
                0x10003578       0xf4 C:\Users\ouroborus\Documents\BACHELOR\AimBot\Pixy\gcc\pixy_m4\Release\libpixy_m4.a(chirp.o)
                0x10003578                Chirp::recvHeader(unsigned char*, short*, bool)
 .text._ZN5Chirp8recvFullEPhPsb
                0x1000366c       0x94 C:\Users\ouroborus\Documents\BACHELOR\AimBot\Pixy\gcc\pixy_m4\Release\libpixy_m4.a(chirp.o)
                0x1000366c                Chirp::recvFull(unsigned char*, short*, bool)
 .text._ZN5Chirp8recvDataEv
                0x10003700       0xd4 C:\Users\ouroborus\Documents\BACHELOR\AimBot\Pixy\gcc\pixy_m4\Release\libpixy_m4.a(chirp.o)
                0x10003700                Chirp::recvData()
 .text._ZN5Chirp9recvChirpEPhPsPPvb
                0x100037d4       0x92 C:\Users\ouroborus\Documents\BACHELOR\AimBot\Pixy\gcc\pixy_m4\Release\libpixy_m4.a(chirp.o)
                0x100037d4                Chirp::recvChirp(unsigned char*, short*, void**, bool)
 .text._ZN5Chirp4callEhsz
                0x10003866       0xf0 C:\Users\ouroborus\Documents\BACHELOR\AimBot\Pixy\gcc\pixy_m4\Release\libpixy_m4.a(chirp.o)
                0x10003866                Chirp::call(unsigned char, short, ...)
 .text._ZN5Chirp7getProcEPKcPFmPS_E
                0x10003956       0x44 C:\Users\ouroborus\Documents\BACHELOR\AimBot\Pixy\gcc\pixy_m4\Release\libpixy_m4.a(chirp.o)
                0x10003956                Chirp::getProc(char const*, unsigned long (*)(Chirp*))
 .text._ZN5Chirp10remoteInitEb
                0x1000399a       0x4e C:\Users\ouroborus\Documents\BACHELOR\AimBot\Pixy\gcc\pixy_m4\Release\libpixy_m4.a(chirp.o)
                0x1000399a                Chirp::remoteInit(bool)
 .text._ZN5Chirp7setLinkEP4Link
                0x100039e8       0x7c C:\Users\ouroborus\Documents\BACHELOR\AimBot\Pixy\gcc\pixy_m4\Release\libpixy_m4.a(chirp.o)
                0x100039e8                Chirp::setLink(Link*)
 .text._ZN5ChirpC2EbbP4Link
                0x10003a64       0x70 C:\Users\ouroborus\Documents\BACHELOR\AimBot\Pixy\gcc\pixy_m4\Release\libpixy_m4.a(chirp.o)
                0x10003a64                Chirp::Chirp(bool, bool, Link*)
                0x10003a64                Chirp::Chirp(bool, bool, Link*)
 .text._ZN5Chirp7recvAckEPbt
                0x10003ad4       0x3c C:\Users\ouroborus\Documents\BACHELOR\AimBot\Pixy\gcc\pixy_m4\Release\libpixy_m4.a(chirp.o)
                0x10003ad4                Chirp::recvAck(bool*, unsigned short)
 .text._ZN5Chirp10sendHeaderEhs
                0x10003b10       0xb8 C:\Users\ouroborus\Documents\BACHELOR\AimBot\Pixy\gcc\pixy_m4\Release\libpixy_m4.a(chirp.o)
                0x10003b10                Chirp::sendHeader(unsigned char, short)
 .text._ZN5Chirp8sendDataEv
                0x10003bc8       0xa2 C:\Users\ouroborus\Documents\BACHELOR\AimBot\Pixy\gcc\pixy_m4\Release\libpixy_m4.a(chirp.o)
                0x10003bc8                Chirp::sendData()
 .text._ZN5Chirp9sendChirpEhs
                0x10003c6a       0x30 C:\Users\ouroborus\Documents\BACHELOR\AimBot\Pixy\gcc\pixy_m4\Release\libpixy_m4.a(chirp.o)
                0x10003c6a                Chirp::sendChirp(unsigned char, short)
 *fill*         0x10003c9a        0x2 
 .text.CGU_GetPCLKFrequency
                0x10003c9c       0x7c C:\Users\ouroborus\Documents\BACHELOR\AimBot\Pixy\gcc\pixy_m4\Release\libpixy_m4.a(lpc43xx_cgu.o)
                0x10003c9c                CGU_GetPCLKFrequency
 .text.CGU_UpdateClock
                0x10003d18       0x8c C:\Users\ouroborus\Documents\BACHELOR\AimBot\Pixy\gcc\pixy_m4\Release\libpixy_m4.a(lpc43xx_cgu.o)
                0x10003d18                CGU_UpdateClock
 .text.CGU_SetXTALOSC
                0x10003da4       0x3c C:\Users\ouroborus\Documents\BACHELOR\AimBot\Pixy\gcc\pixy_m4\Release\libpixy_m4.a(lpc43xx_cgu.o)
                0x10003da4                CGU_SetXTALOSC
 .text.CGU_SetDIV
                0x10003de0       0x38 C:\Users\ouroborus\Documents\BACHELOR\AimBot\Pixy\gcc\pixy_m4\Release\libpixy_m4.a(lpc43xx_cgu.o)
                0x10003de0                CGU_SetDIV
 .text.CGU_EnableEntity
                0x10003e18       0xc4 C:\Users\ouroborus\Documents\BACHELOR\AimBot\Pixy\gcc\pixy_m4\Release\libpixy_m4.a(lpc43xx_cgu.o)
                0x10003e18                CGU_EnableEntity
 .text.CGU_EntityConnect
                0x10003edc       0x74 C:\Users\ouroborus\Documents\BACHELOR\AimBot\Pixy\gcc\pixy_m4\Release\libpixy_m4.a(lpc43xx_cgu.o)
                0x10003edc                CGU_EntityConnect
 .text.CGU_SetPLL1
                0x10003f50       0x7c C:\Users\ouroborus\Documents\BACHELOR\AimBot\Pixy\gcc\pixy_m4\Release\libpixy_m4.a(lpc43xx_cgu.o)
                0x10003f50                CGU_SetPLL1
 .text.CGU_Init
                0x10003fcc       0x40 C:\Users\ouroborus\Documents\BACHELOR\AimBot\Pixy\gcc\pixy_m4\Release\libpixy_m4.a(lpc43xx_cgu.o)
                0x10003fcc                CGU_Init
 .text.scu_pinmux
                0x1000400c       0x14 C:\Users\ouroborus\Documents\BACHELOR\AimBot\Pixy\gcc\pixy_m4\Release\libpixy_m4.a(lpc43xx_scu.o)
                0x1000400c                scu_pinmux
 .text.UART_Send.part.0
                0x10004020       0x40 C:\Users\ouroborus\Documents\BACHELOR\AimBot\Pixy\gcc\pixy_m4\Release\libpixy_m4.a(lpc43xx_uart.o)
 .text.UART_setBaudRate
                0x10004060      0x144 C:\Users\ouroborus\Documents\BACHELOR\AimBot\Pixy\gcc\pixy_m4\Release\libpixy_m4.a(lpc43xx_uart.o)
                0x10004060                UART_setBaudRate
 .text.UART_Init
                0x100041a4      0x104 C:\Users\ouroborus\Documents\BACHELOR\AimBot\Pixy\gcc\pixy_m4\Release\libpixy_m4.a(lpc43xx_uart.o)
                0x100041a4                UART_Init
 .text.UART_ConfigStructInit
                0x100042a8       0x14 C:\Users\ouroborus\Documents\BACHELOR\AimBot\Pixy\gcc\pixy_m4\Release\libpixy_m4.a(lpc43xx_uart.o)
                0x100042a8                UART_ConfigStructInit
 .text.UART_ReceiveByte
                0x100042bc        0x6 C:\Users\ouroborus\Documents\BACHELOR\AimBot\Pixy\gcc\pixy_m4\Release\libpixy_m4.a(lpc43xx_uart.o)
                0x100042bc                UART_ReceiveByte
 .text.UART_Send
                0x100042c2       0x4a C:\Users\ouroborus\Documents\BACHELOR\AimBot\Pixy\gcc\pixy_m4\Release\libpixy_m4.a(lpc43xx_uart.o)
                0x100042c2                UART_Send
 .text.UART_IntConfig
                0x1000430c       0x3c C:\Users\ouroborus\Documents\BACHELOR\AimBot\Pixy\gcc\pixy_m4\Release\libpixy_m4.a(lpc43xx_uart.o)
                0x1000430c                UART_IntConfig
 .text.UART_CheckBusy
                0x10004348        0xc C:\Users\ouroborus\Documents\BACHELOR\AimBot\Pixy\gcc\pixy_m4\Release\libpixy_m4.a(lpc43xx_uart.o)
                0x10004348                UART_CheckBusy
 .text.UART_FIFOConfig
                0x10004354       0x3c C:\Users\ouroborus\Documents\BACHELOR\AimBot\Pixy\gcc\pixy_m4\Release\libpixy_m4.a(lpc43xx_uart.o)
                0x10004354                UART_FIFOConfig
 .text.UART_TxCmd
                0x10004390       0x34 C:\Users\ouroborus\Documents\BACHELOR\AimBot\Pixy\gcc\pixy_m4\Release\libpixy_m4.a(lpc43xx_uart.o)
                0x10004390                UART_TxCmd
 .text._Z17prm_getDataOffsetPK11ParamRecord
                0x100043c4       0x26 C:\Users\ouroborus\Documents\BACHELOR\AimBot\Pixy\gcc\pixy_m4\Release\libpixy_m4.a(param.o)
                0x100043c4                prm_getDataOffset(ParamRecord const*)
 .text._Z7prm_crcPK11ParamRecord
                0x100043ea       0x28 C:\Users\ouroborus\Documents\BACHELOR\AimBot\Pixy\gcc\pixy_m4\Release\libpixy_m4.a(param.o)
                0x100043ea                prm_crc(ParamRecord const*)
 *fill*         0x10004412        0x2 
 .text._Z8prm_findPKcPh
                0x10004414       0x4c C:\Users\ouroborus\Documents\BACHELOR\AimBot\Pixy\gcc\pixy_m4\Release\libpixy_m4.a(param.o)
                0x10004414                prm_find(char const*, unsigned char*)
 .text._Z12prm_nextFreev
                0x10004460       0x30 C:\Users\ouroborus\Documents\BACHELOR\AimBot\Pixy\gcc\pixy_m4\Release\libpixy_m4.a(param.o)
                0x10004460                prm_nextFree()
 .text._Z7prm_getPKcz
                0x10004490       0x36 C:\Users\ouroborus\Documents\BACHELOR\AimBot\Pixy\gcc\pixy_m4\Release\libpixy_m4.a(param.o)
                0x10004490                prm_get(char const*, ...)
 .text._Z7prm_addPKcmS0_z
                0x100044c6       0xc4 C:\Users\ouroborus\Documents\BACHELOR\AimBot\Pixy\gcc\pixy_m4\Release\libpixy_m4.a(param.o)
                0x100044c6                prm_add(char const*, unsigned long, char const*, ...)
 *fill*         0x1000458a        0x2 
 .text._Z9prm_dirtyv
                0x1000458c       0x10 C:\Users\ouroborus\Documents\BACHELOR\AimBot\Pixy\gcc\pixy_m4\Release\libpixy_m4.a(param.o)
                0x1000458c                prm_dirty()
 .text._Z7ADCInitv
                0x1000459c       0x24 C:\Users\ouroborus\Documents\BACHELOR\AimBot\Pixy\gcc\pixy_m4\Release\libpixy_m4.a(pixy_init.o)
                0x1000459c                ADCInit()
 .text._Z10CameraInitv
                0x100045c0       0x58 C:\Users\ouroborus\Documents\BACHELOR\AimBot\Pixy\gcc\pixy_m4\Release\libpixy_m4.a(pixy_init.o)
                0x100045c0                CameraInit()
 .text._Z8GPIOInitv
                0x10004618       0x24 C:\Users\ouroborus\Documents\BACHELOR\AimBot\Pixy\gcc\pixy_m4\Release\libpixy_m4.a(pixy_init.o)
                0x10004618                GPIOInit()
 .text._Z9timerInitv
                0x1000463c       0x20 C:\Users\ouroborus\Documents\BACHELOR\AimBot\Pixy\gcc\pixy_m4\Release\libpixy_m4.a(pixy_init.o)
                0x1000463c                timerInit()
 .text._Z10commonInitv
                0x1000465c       0x1c C:\Users\ouroborus\Documents\BACHELOR\AimBot\Pixy\gcc\pixy_m4\Release\libpixy_m4.a(pixy_init.o)
                0x1000465c                commonInit()
 .text._Z9handleAWBv
                0x10004678       0x48 C:\Users\ouroborus\Documents\BACHELOR\AimBot\Pixy\gcc\pixy_m4\Release\libpixy_m4.a(pixy_init.o)
                0x10004678                handleAWB()
 .text._Z8periodicv
                0x100046c0        0x4 C:\Users\ouroborus\Documents\BACHELOR\AimBot\Pixy\gcc\pixy_m4\Release\libpixy_m4.a(pixy_init.o)
                0x100046c0                periodic()
 .text._Z8pixyInitv
                0x100046c4       0x50 C:\Users\ouroborus\Documents\BACHELOR\AimBot\Pixy\gcc\pixy_m4\Release\libpixy_m4.a(pixy_init.o)
                0x100046c4                pixyInit()
 .text.delayus.constprop.0
                0x10004714       0x2a C:\Users\ouroborus\Documents\BACHELOR\AimBot\Pixy\gcc\pixy_m4\Release\libpixy_m4.a(platform_config.o)
 *fill*         0x1000473e        0x2 
 .text.vIOInit  0x10004740      0x234 C:\Users\ouroborus\Documents\BACHELOR\AimBot\Pixy\gcc\pixy_m4\Release\libpixy_m4.a(platform_config.o)
                0x10004740                vIOInit
 .text.clockInit
                0x10004974      0x12c C:\Users\ouroborus\Documents\BACHELOR\AimBot\Pixy\gcc\pixy_m4\Release\libpixy_m4.a(platform_config.o)
                0x10004974                clockInit
 .text.platformInit
                0x10004aa0       0x16 C:\Users\ouroborus\Documents\BACHELOR\AimBot\Pixy\gcc\pixy_m4\Release\libpixy_m4.a(platform_config.o)
                0x10004aa0                platformInit
 .text._Z10pwr_getVinv
                0x10004ab6       0x16 C:\Users\ouroborus\Documents\BACHELOR\AimBot\Pixy\gcc\pixy_m4\Release\libpixy_m4.a(power.o)
                0x10004ab6                pwr_getVin()
 .text._Z8pwr_initv
                0x10004acc       0x34 C:\Users\ouroborus\Documents\BACHELOR\AimBot\Pixy\gcc\pixy_m4\Release\libpixy_m4.a(power.o)
                0x10004acc                pwr_init()
 .text._ZN5CSccb9PortWriteEhh.isra.0
                0x10004b00       0x38 C:\Users\ouroborus\Documents\BACHELOR\AimBot\Pixy\gcc\pixy_m4\Release\libpixy_m4.a(sccb.o)
 .text._ZN5CSccb5DriveEv.isra.1
                0x10004b38       0x24 C:\Users\ouroborus\Documents\BACHELOR\AimBot\Pixy\gcc\pixy_m4\Release\libpixy_m4.a(sccb.o)
 .text._ZN5CSccb8TriStateEv.isra.2
                0x10004b5c       0x24 C:\Users\ouroborus\Documents\BACHELOR\AimBot\Pixy\gcc\pixy_m4\Release\libpixy_m4.a(sccb.o)
 .text._ZN5CSccb5StartEv.isra.3
                0x10004b80       0x22 C:\Users\ouroborus\Documents\BACHELOR\AimBot\Pixy\gcc\pixy_m4\Release\libpixy_m4.a(sccb.o)
 .text._ZN5CSccb4StopEv.isra.4
                0x10004ba2       0x1a C:\Users\ouroborus\Documents\BACHELOR\AimBot\Pixy\gcc\pixy_m4\Release\libpixy_m4.a(sccb.o)
 .text._ZN5CSccbC2Eh
                0x10004bbc       0x24 C:\Users\ouroborus\Documents\BACHELOR\AimBot\Pixy\gcc\pixy_m4\Release\libpixy_m4.a(sccb.o)
                0x10004bbc                CSccb::CSccb(unsigned char)
                0x10004bbc                CSccb::CSccb(unsigned char)
 .text._ZN5CSccb5WriteEh
                0x10004be0       0x68 C:\Users\ouroborus\Documents\BACHELOR\AimBot\Pixy\gcc\pixy_m4\Release\libpixy_m4.a(sccb.o)
                0x10004be0                CSccb::Write(unsigned char)
 .text._ZN5CSccb5WriteEhh
                0x10004c48       0x2c C:\Users\ouroborus\Documents\BACHELOR\AimBot\Pixy\gcc\pixy_m4\Release\libpixy_m4.a(sccb.o)
                0x10004c48                CSccb::Write(unsigned char, unsigned char)
 .text._ZN5CSccb4ReadEh
                0x10004c74       0x88 C:\Users\ouroborus\Documents\BACHELOR\AimBot\Pixy\gcc\pixy_m4\Release\libpixy_m4.a(sccb.o)
                0x10004c74                CSccb::Read(unsigned char)
 .text._ZN4Link9blockSizeEv
                0x10004cfc        0x4 C:\Users\ouroborus\Documents\BACHELOR\AimBot\Pixy\gcc\pixy_m4\Release\libpixy_m4.a(smlink.o)
                0x10004cfc                Link::blockSize()
 .text._ZN4Link9getBufferEPPhPm
                0x10004d00        0x6 C:\Users\ouroborus\Documents\BACHELOR\AimBot\Pixy\gcc\pixy_m4\Release\libpixy_m4.a(smlink.o)
                0x10004d00                Link::getBuffer(unsigned char**, unsigned long*)
 *fill*         0x10004d06        0x2 
 .text._ZN6SMLink4sendEPKhmt
                0x10004d08       0x38 C:\Users\ouroborus\Documents\BACHELOR\AimBot\Pixy\gcc\pixy_m4\Release\libpixy_m4.a(smlink.o)
                0x10004d08                SMLink::send(unsigned char const*, unsigned long, unsigned short)
 .text._ZN6SMLink7receiveEPhmt
                0x10004d40       0x38 C:\Users\ouroborus\Documents\BACHELOR\AimBot\Pixy\gcc\pixy_m4\Release\libpixy_m4.a(smlink.o)
                0x10004d40                SMLink::receive(unsigned char*, unsigned long, unsigned short)
 .text._ZN6SMLink8setTimerEv
                0x10004d78        0x6 C:\Users\ouroborus\Documents\BACHELOR\AimBot\Pixy\gcc\pixy_m4\Release\libpixy_m4.a(smlink.o)
                0x10004d78                SMLink::setTimer()
 .text._ZN6SMLink8getTimerEv
                0x10004d7e        0x6 C:\Users\ouroborus\Documents\BACHELOR\AimBot\Pixy\gcc\pixy_m4\Release\libpixy_m4.a(smlink.o)
                0x10004d7e                SMLink::getTimer()
 .text._ZN6SMLink8getFlagsEh
                0x10004d84       0x20 C:\Users\ouroborus\Documents\BACHELOR\AimBot\Pixy\gcc\pixy_m4\Release\libpixy_m4.a(smlink.o)
                0x10004d84                SMLink::getFlags(unsigned char)
 .text._ZN6SMLinkC2Ev
                0x10004da4       0x1c C:\Users\ouroborus\Documents\BACHELOR\AimBot\Pixy\gcc\pixy_m4\Release\libpixy_m4.a(smlink.o)
                0x10004da4                SMLink::SMLink()
                0x10004da4                SMLink::SMLink()
 .text.debug_frmwrk_init_clk
                0x10004dc0       0x2c C:\Users\ouroborus\Documents\BACHELOR\AimBot\Pixy\gcc\pixy_m4\Release\libpixy_m4.a(debug_frmwrk.o)
                0x10004dc0                debug_frmwrk_init_clk
 .text.fpuInit  0x10004dec       0x48 C:\Users\ouroborus\Documents\BACHELOR\AimBot\Pixy\gcc\pixy_m4\Release\libpixy_m4.a(fpu_init.o)
                0x10004dec                fpuInit
 .text._mbxProcess
                0x10004e34       0x20 C:\Users\ouroborus\Documents\BACHELOR\AimBot\Pixy\gcc\pixy_m4\Release\libpixy_m4.a(ipc_mbx.o)
 .text.IPC_queryLocalMbx
                0x10004e54       0x10 C:\Users\ouroborus\Documents\BACHELOR\AimBot\Pixy\gcc\pixy_m4\Release\libpixy_m4.a(ipc_mbx.o)
                0x10004e54                IPC_queryLocalMbx
 .text.IPC_haltSlave
                0x10004e64       0x2c C:\Users\ouroborus\Documents\BACHELOR\AimBot\Pixy\gcc\pixy_m4\Release\libpixy_m4.a(ipc_mbx.o)
                0x10004e64                IPC_haltSlave
 .text.M0CORE_IRQHandler
                0x10004e90       0x30 C:\Users\ouroborus\Documents\BACHELOR\AimBot\Pixy\gcc\pixy_m4\Release\libpixy_m4.a(ipc_mbx.o)
                0x10004e90                M0CORE_IRQHandler
 .text.ADC_Init
                0x10004ec0       0x4c C:\Users\ouroborus\Documents\BACHELOR\AimBot\Pixy\gcc\pixy_m4\Release\libpixy_m4.a(lpc43xx_adc.o)
                0x10004ec0                ADC_Init
 .text.ADC_StartCmd
                0x10004f0c       0x12 C:\Users\ouroborus\Documents\BACHELOR\AimBot\Pixy\gcc\pixy_m4\Release\libpixy_m4.a(lpc43xx_adc.o)
                0x10004f0c                ADC_StartCmd
 .text.ADC_IntConfig
                0x10004f1e       0x18 C:\Users\ouroborus\Documents\BACHELOR\AimBot\Pixy\gcc\pixy_m4\Release\libpixy_m4.a(lpc43xx_adc.o)
                0x10004f1e                ADC_IntConfig
 .text.ADC_ChannelCmd
                0x10004f36       0x1e C:\Users\ouroborus\Documents\BACHELOR\AimBot\Pixy\gcc\pixy_m4\Release\libpixy_m4.a(lpc43xx_adc.o)
                0x10004f36                ADC_ChannelCmd
 .text.ADC_ChannelGetData
                0x10004f54        0xc C:\Users\ouroborus\Documents\BACHELOR\AimBot\Pixy\gcc\pixy_m4\Release\libpixy_m4.a(lpc43xx_adc.o)
                0x10004f54                ADC_ChannelGetData
 .text.ADC_ChannelGetStatus
                0x10004f60       0x1a C:\Users\ouroborus\Documents\BACHELOR\AimBot\Pixy\gcc\pixy_m4\Release\libpixy_m4.a(lpc43xx_adc.o)
                0x10004f60                ADC_ChannelGetStatus
 *fill*         0x10004f7a        0x2 
 .text.delayus  0x10004f7c       0x14 C:\Users\ouroborus\Documents\BACHELOR\AimBot\Pixy\gcc\pixy_m4\Release\libpixy_m4.a(misc.o)
                0x10004f7c                delayus
 .text.adc_get  0x10004f90       0x48 C:\Users\ouroborus\Documents\BACHELOR\AimBot\Pixy\gcc\pixy_m4\Release\libpixy_m4.a(misc.o)
                0x10004f90                adc_get
 .text.setTimer
                0x10004fd8        0xc C:\Users\ouroborus\Documents\BACHELOR\AimBot\Pixy\gcc\pixy_m4\Release\libpixy_m4.a(misc.o)
                0x10004fd8                setTimer
 .text.getTimer
                0x10004fe4        0xc C:\Users\ouroborus\Documents\BACHELOR\AimBot\Pixy\gcc\pixy_m4\Release\libpixy_m4.a(misc.o)
                0x10004fe4                getTimer
 .text.USB_Reset
                0x10004ff0       0xf8 C:\Users\ouroborus\Documents\BACHELOR\AimBot\Pixy\gcc\pixy_m4\Release\libpixy_m4.a(usbhw.o)
                0x10004ff0                USB_Reset
 .text.USB0_IRQHandler
                0x100050e8      0x15c C:\Users\ouroborus\Documents\BACHELOR\AimBot\Pixy\gcc\pixy_m4\Release\libpixy_m4.a(usbhw.o)
                0x100050e8                USB0_IRQHandler
 .text          0x10005244       0xa0 c:/nxp/lpcxpresso_7.6.2_326/lpcxpresso/tools/bin/../lib/gcc/arm-none-eabi/4.9.3/armv7e-m/softfp\libgcc.a(_arm_truncdfsf2.o)
                0x10005244                __truncdfsf2
                0x10005244                __aeabi_d2f
 .text          0x100052e4       0x2c c:/nxp/lpcxpresso_7.6.2_326/lpcxpresso/tools/bin/../lib/gcc/arm-none-eabi/4.9.3/armv7e-m/softfp\libgcc.a(_aeabi_uldivmod.o)
                0x100052e4                __aeabi_uldivmod
 .text          0x10005310       0x60 c:/nxp/lpcxpresso_7.6.2_326/lpcxpresso/tools/bin/../lib/gcc/arm-none-eabi/4.9.3/armv7e-m/softfp\libgcc.a(bpabi.o)
                0x10005310                __gnu_ldivmod_helper
                0x10005340                __gnu_uldivmod_helper
 .text          0x10005370        0x4 c:/nxp/lpcxpresso_7.6.2_326/lpcxpresso/tools/bin/../lib/gcc/arm-none-eabi/4.9.3/armv7e-m/softfp\libgcc.a(_dvmd_tls.o)
                0x10005370                __aeabi_idiv0
                0x10005370                __aeabi_ldiv0
 .text          0x10005374      0x29c c:/nxp/lpcxpresso_7.6.2_326/lpcxpresso/tools/bin/../lib/gcc/arm-none-eabi/4.9.3/armv7e-m/softfp\libgcc.a(_divdi3.o)
                0x10005374                __divdi3
 .text          0x10005610      0x26c c:/nxp/lpcxpresso_7.6.2_326/lpcxpresso/tools/bin/../lib/gcc/arm-none-eabi/4.9.3/armv7e-m/softfp\libgcc.a(_udivdi3.o)
                0x10005610                __udivdi3
 .text.abs      0x1000587c        0x8 c:/nxp/lpcxpresso_7.6.2_326/lpcxpresso/tools/bin/../lib/gcc/arm-none-eabi/4.9.3/../../../../arm-none-eabi/lib/armv7e-m/softfp\libc_nano.a(lib_a-abs.o)
                0x1000587c                abs
 .text.__aeabi_memcpy
                0x10005884        0x4 c:/nxp/lpcxpresso_7.6.2_326/lpcxpresso/tools/bin/../lib/gcc/arm-none-eabi/4.9.3/../../../../arm-none-eabi/lib/armv7e-m/softfp\libc_nano.a(lib_a-aeabi_memcpy.o)
                0x10005884                __aeabi_memcpy4
                0x10005884                __aeabi_memcpy8
                0x10005884                __aeabi_memcpy
 .text.__libc_init_array
                0x10005888       0x4c c:/nxp/lpcxpresso_7.6.2_326/lpcxpresso/tools/bin/../lib/gcc/arm-none-eabi/4.9.3/../../../../arm-none-eabi/lib/armv7e-m/softfp\libc_nano.a(lib_a-init.o)
                0x10005888                __libc_init_array
 .text.malloc   0x100058d4       0x10 c:/nxp/lpcxpresso_7.6.2_326/lpcxpresso/tools/bin/../lib/gcc/arm-none-eabi/4.9.3/../../../../arm-none-eabi/lib/armv7e-m/softfp\libc_nano.a(lib_a-malloc.o)
                0x100058d4                malloc
 .text.free     0x100058e4       0x10 c:/nxp/lpcxpresso_7.6.2_326/lpcxpresso/tools/bin/../lib/gcc/arm-none-eabi/4.9.3/../../../../arm-none-eabi/lib/armv7e-m/softfp\libc_nano.a(lib_a-malloc.o)
                0x100058e4                free
 .text.memcpy   0x100058f4       0x16 c:/nxp/lpcxpresso_7.6.2_326/lpcxpresso/tools/bin/../lib/gcc/arm-none-eabi/4.9.3/../../../../arm-none-eabi/lib/armv7e-m/softfp\libc_nano.a(lib_a-memcpy.o)
                0x100058f4                memcpy
 .text.memset   0x1000590a       0x10 c:/nxp/lpcxpresso_7.6.2_326/lpcxpresso/tools/bin/../lib/gcc/arm-none-eabi/4.9.3/../../../../arm-none-eabi/lib/armv7e-m/softfp\libc_nano.a(lib_a-memset.o)
                0x1000590a                memset
 *fill*         0x1000591a        0x2 
 .text._free_r  0x1000591c       0x88 c:/nxp/lpcxpresso_7.6.2_326/lpcxpresso/tools/bin/../lib/gcc/arm-none-eabi/4.9.3/../../../../arm-none-eabi/lib/armv7e-m/softfp\libc_nano.a(lib_a-nano-freer.o)
                0x1000591c                _free_r
 .text._malloc_r
                0x100059a4       0xac c:/nxp/lpcxpresso_7.6.2_326/lpcxpresso/tools/bin/../lib/gcc/arm-none-eabi/4.9.3/../../../../arm-none-eabi/lib/armv7e-m/softfp\libc_nano.a(lib_a-nano-mallocr.o)
                0x100059a4                _malloc_r
 .text._sbrk_r  0x10005a50       0x20 c:/nxp/lpcxpresso_7.6.2_326/lpcxpresso/tools/bin/../lib/gcc/arm-none-eabi/4.9.3/../../../../arm-none-eabi/lib/armv7e-m/softfp\libc_nano.a(lib_a-sbrkr.o)
                0x10005a50                _sbrk_r
 .text          0x10005a70       0x14 c:/nxp/lpcxpresso_7.6.2_326/lpcxpresso/tools/bin/../lib/gcc/arm-none-eabi/4.9.3/../../../../arm-none-eabi/lib/armv7e-m/softfp\libc_nano.a(lib_a-strcmp.o)
                0x10005a70                strcmp
 .text.strcpy   0x10005a84       0x10 c:/nxp/lpcxpresso_7.6.2_326/lpcxpresso/tools/bin/../lib/gcc/arm-none-eabi/4.9.3/../../../../arm-none-eabi/lib/armv7e-m/softfp\libc_nano.a(lib_a-strcpy.o)
                0x10005a84                strcpy
 .text.strlen   0x10005a94       0x10 c:/nxp/lpcxpresso_7.6.2_326/lpcxpresso/tools/bin/../lib/gcc/arm-none-eabi/4.9.3/../../../../arm-none-eabi/lib/armv7e-m/softfp\libc_nano.a(lib_a-strlen.o)
                0x10005a94                strlen
 .text._ZSt15get_new_handlerv
                0x10005aa4       0x10 c:/nxp/lpcxpresso_7.6.2_326/lpcxpresso/tools/bin/../lib/gcc/arm-none-eabi/4.9.3/../../../../arm-none-eabi/lib/armv7e-m/softfp\libstdc++_nano.a(new_handler.o)
                0x10005aa4                std::get_new_handler()
 .text._ZnajRKSt9nothrow_t
                0x10005ab4        0x4 c:/nxp/lpcxpresso_7.6.2_326/lpcxpresso/tools/bin/../lib/gcc/arm-none-eabi/4.9.3/../../../../arm-none-eabi/lib/armv7e-m/softfp\libstdc++_nano.a(new_opvnt.o)
                0x10005ab4                operator new[](unsigned int, std::nothrow_t const&)
 .text._ZNSt8__detail15_List_node_base4swapERS0_S1_
                0x10005ab8       0x4e c:/nxp/lpcxpresso_7.6.2_326/lpcxpresso/tools/bin/../lib/gcc/arm-none-eabi/4.9.3/../../../../arm-none-eabi/lib/armv7e-m/softfp\libstdc++_nano.a(list.o)
                0x10005ab8                std::__detail::_List_node_base::swap(std::__detail::_List_node_base&, std::__detail::_List_node_base&)
 .text._ZNSt8__detail15_List_node_base11_M_transferEPS0_S1_
                0x10005b06       0x1c c:/nxp/lpcxpresso_7.6.2_326/lpcxpresso/tools/bin/../lib/gcc/arm-none-eabi/4.9.3/../../../../arm-none-eabi/lib/armv7e-m/softfp\libstdc++_nano.a(list.o)
                0x10005b06                std::__detail::_List_node_base::_M_transfer(std::__detail::_List_node_base*, std::__detail::_List_node_base*)
 .text._ZNSt8__detail15_List_node_base7_M_hookEPS0_
                0x10005b22        0xe c:/nxp/lpcxpresso_7.6.2_326/lpcxpresso/tools/bin/../lib/gcc/arm-none-eabi/4.9.3/../../../../arm-none-eabi/lib/armv7e-m/softfp\libstdc++_nano.a(list.o)
                0x10005b22                std::__detail::_List_node_base::_M_hook(std::__detail::_List_node_base*)
 .text._ZNSt8__detail15_List_node_base9_M_unhookEv
                0x10005b30        0xa c:/nxp/lpcxpresso_7.6.2_326/lpcxpresso/tools/bin/../lib/gcc/arm-none-eabi/4.9.3/../../../../arm-none-eabi/lib/armv7e-m/softfp\libstdc++_nano.a(list.o)
                0x10005b30                std::__detail::_List_node_base::_M_unhook()
 .text._ZnwjRKSt9nothrow_t
                0x10005b3a       0x22 c:/nxp/lpcxpresso_7.6.2_326/lpcxpresso/tools/bin/../lib/gcc/arm-none-eabi/4.9.3/../../../../arm-none-eabi/lib/armv7e-m/softfp\libstdc++_nano.a(new_opnt.o)
                0x10005b3a                operator new(unsigned int, std::nothrow_t const&)
 .text._sbrk    0x10005b5c       0x3c c:/nxp/lpcxpresso_7.6.2_326/lpcxpresso/tools/bin/../lib/gcc/arm-none-eabi/4.9.3/../../../../arm-none-eabi/lib/armv7e-m/softfp\libcr_newlib_nohost.a(_cr_sbrk.o)
                0x10005b5c                _sbrk
 .text.__check_heap_overflow
                0x10005b98       0x18 c:/nxp/lpcxpresso_7.6.2_326/lpcxpresso/tools/bin/../lib/gcc/arm-none-eabi/4.9.3/../../../../arm-none-eabi/lib/armv7e-m/softfp\libcr_newlib_nohost.a(_cr_check_heap.o)
                0x10005b98                __check_heap_overflow
 .text          0x10005bb0       0x5c c:/nxp/lpcxpresso_7.6.2_326/lpcxpresso/tools/bin/../lib/gcc/arm-none-eabi/4.9.3/armv7e-m/softfp\crtbegin.o
 .text.__errno  0x10005c0c        0xc c:/nxp/lpcxpresso_7.6.2_326/lpcxpresso/tools/bin/../lib/gcc/arm-none-eabi/4.9.3/../../../../arm-none-eabi/lib/armv7e-m/softfp\libc_nano.a(lib_a-errno.o)
                0x10005c0c                __errno
 *(.rodata .rodata.* .constdata .constdata.*)
 .rodata.str1.1
                0x10005c18      0x2ff ./src/exec.o
 .rodata.str1.1
                0x10005f17       0x25 ./src/proggreyshades.o
 .constdata     0x10005f3c       0x40 C:\Users\ouroborus\Documents\BACHELOR\AimBot\Pixy\gcc\video\src\libfalcon_m4_spifi_drv.a(atmel.o)
                0x10005f3c                AT25DF041E
                0x10005f5c                AT2xDF081AE
 .constdata     0x10005f7c       0x82 C:\Users\ouroborus\Documents\BACHELOR\AimBot\Pixy\gcc\video\src\libfalcon_m4_spifi_drv.a(macronix.o)
                0x10005f7c                MX25U80E
                0x10005f8c                MX25U16E
                0x10005f9c                MX25U32E
                0x10005fac                MX25L64E
                0x10005fc4                MX25L128E
                0x10005fdc                MX25L256E
                0x10005ff4                mxMasks
 *fill*         0x10005ffe        0x2 
 .constdata     0x10006000       0x78 C:\Users\ouroborus\Documents\BACHELOR\AimBot\Pixy\gcc\video\src\libfalcon_m4_spifi_drv.a(sst.o)
                0x10006000                SST16MbE
                0x10006028                SST32MbE
                0x10006050                SST64MbE
 .rodata._ZL11g_mode0Regs
                0x10006078       0x1e C:\Users\ouroborus\Documents\BACHELOR\AimBot\Pixy\gcc\pixy_m4\Release\libpixy_m4.a(camera.o)
 .rodata._ZL11g_mode1Regs
                0x10006096       0x1e C:\Users\ouroborus\Documents\BACHELOR\AimBot\Pixy\gcc\pixy_m4\Release\libpixy_m4.a(camera.o)
 .rodata.str1.1
                0x100060b4       0x65 C:\Users\ouroborus\Documents\BACHELOR\AimBot\Pixy\gcc\pixy_m4\Release\libpixy_m4.a(camera.o)
 .rodata._ZL10g_baseRegs
                0x10006119       0x28 C:\Users\ouroborus\Documents\BACHELOR\AimBot\Pixy\gcc\pixy_m4\Release\libpixy_m4.a(camera.o)
 *fill*         0x10006141        0x7 
 .rodata._ZTV5Chirp
                0x10006148       0x18 C:\Users\ouroborus\Documents\BACHELOR\AimBot\Pixy\gcc\pixy_m4\Release\libpixy_m4.a(chirp.o)
                0x10006148                vtable for Chirp
 .rodata.CGU_ConnectAlloc_Tbl
                0x10006160      0x2fd C:\Users\ouroborus\Documents\BACHELOR\AimBot\Pixy\gcc\pixy_m4\Release\libpixy_m4.a(lpc43xx_cgu.o)
                0x10006160                CGU_ConnectAlloc_Tbl
 *fill*         0x1000645d        0x1 
 .rodata.CGU_PERIPHERAL_Info
                0x1000645e      0x186 C:\Users\ouroborus\Documents\BACHELOR\AimBot\Pixy\gcc\pixy_m4\Release\libpixy_m4.a(lpc43xx_cgu.o)
                0x1000645e                CGU_PERIPHERAL_Info
 .rodata.CGU_Entity_ControlReg_Offset
                0x100065e4       0x5a C:\Users\ouroborus\Documents\BACHELOR\AimBot\Pixy\gcc\pixy_m4\Release\libpixy_m4.a(lpc43xx_cgu.o)
                0x100065e4                CGU_Entity_ControlReg_Offset
 .rodata.CSWTCH.15
                0x1000663e        0xe C:\Users\ouroborus\Documents\BACHELOR\AimBot\Pixy\gcc\pixy_m4\Release\libpixy_m4.a(lpc43xx_uart.o)
 .rodata.CSWTCH.19
                0x1000664c        0x3 C:\Users\ouroborus\Documents\BACHELOR\AimBot\Pixy\gcc\pixy_m4\Release\libpixy_m4.a(lpc43xx_uart.o)
 *fill*         0x1000664f        0x1 
 .rodata._ZTV6SMLink
                0x10006650       0x28 C:\Users\ouroborus\Documents\BACHELOR\AimBot\Pixy\gcc\pixy_m4\Release\libpixy_m4.a(smlink.o)
                0x10006650                vtable for SMLink
 .rodata.str1.1
                0x10006678        0x2 c:/nxp/lpcxpresso_7.6.2_326/lpcxpresso/tools/bin/../lib/gcc/arm-none-eabi/4.9.3/../../../../arm-none-eabi/lib/armv7e-m/softfp\libc_nano.a(lib_a-impure.o)
 .rodata._ZSt7nothrow
                0x1000667a        0x1 c:/nxp/lpcxpresso_7.6.2_326/lpcxpresso/tools/bin/../lib/gcc/arm-none-eabi/4.9.3/../../../../arm-none-eabi/lib/armv7e-m/softfp\libstdc++_nano.a(new_handler.o)
                0x1000667a                std::nothrow
                0x1000667c                . = ALIGN (0x4)
 *fill*         0x1000667b        0x1 
                0x1000667c                . = ALIGN (0x4)
 *(.init)
 .init          0x1000667c        0x4 c:/nxp/lpcxpresso_7.6.2_326/lpcxpresso/tools/bin/../lib/gcc/arm-none-eabi/4.9.3/armv7e-m/softfp\crti.o
                0x1000667c                _init
 .init          0x10006680        0x8 c:/nxp/lpcxpresso_7.6.2_326/lpcxpresso/tools/bin/../lib/gcc/arm-none-eabi/4.9.3/armv7e-m/softfp\crtn.o
                0x10006688                . = ALIGN (0x4)
                0x10006688                __preinit_array_start = .
 *(.preinit_array)
                0x10006688                __preinit_array_end = .
                0x10006688                . = ALIGN (0x4)
                0x10006688                __init_array_start = .
 *(SORT(.init_array.*))
 *(.init_array)
 .init_array    0x10006688        0x4 ./src/proggreyshades.o
 .init_array    0x1000668c        0x4 C:\Users\ouroborus\Documents\BACHELOR\AimBot\Pixy\gcc\pixy_m4\Release\libpixy_m4.a(camera.o)
 .init_array    0x10006690        0x4 c:/nxp/lpcxpresso_7.6.2_326/lpcxpresso/tools/bin/../lib/gcc/arm-none-eabi/4.9.3/armv7e-m/softfp\crtbegin.o
                0x10006694                __init_array_end = .
 *(.fini)
 .fini          0x10006694        0x4 c:/nxp/lpcxpresso_7.6.2_326/lpcxpresso/tools/bin/../lib/gcc/arm-none-eabi/4.9.3/armv7e-m/softfp\crti.o
                0x10006694                _fini
 .fini          0x10006698        0x8 c:/nxp/lpcxpresso_7.6.2_326/lpcxpresso/tools/bin/../lib/gcc/arm-none-eabi/4.9.3/armv7e-m/softfp\crtn.o
                0x100066a0                . = ALIGN (0x4)
 *crtbegin.o(.ctors)
 *(EXCLUDE_FILE(*crtend.o) .ctors)
 *(SORT(.ctors.*))
 *crtend.o(.ctors)
                0x100066a0                . = ALIGN (0x4)
 *crtbegin.o(.dtors)
 *(EXCLUDE_FILE(*crtend.o) .dtors)
 *(SORT(.dtors.*))
 *crtend.o(.dtors)
                0x100066a0                . = ALIGN (0x4)

.ARM.extab
 *(.ARM.extab* .gnu.linkonce.armextab.*)
                0x100066a0                __exidx_start = .

.ARM.exidx      0x100066a0        0x8 load address 0x14006918
 *(.ARM.exidx* .gnu.linkonce.armexidx.*)
 .ARM.exidx     0x100066a0        0x8 c:/nxp/lpcxpresso_7.6.2_326/lpcxpresso/tools/bin/../lib/gcc/arm-none-eabi/4.9.3/armv7e-m/softfp\libgcc.a(_divdi3.o)
 .ARM.exidx     0x100066a8        0x0 c:/nxp/lpcxpresso_7.6.2_326/lpcxpresso/tools/bin/../lib/gcc/arm-none-eabi/4.9.3/armv7e-m/softfp\libgcc.a(_udivdi3.o)
                                  0x8 (size before relaxing)
                0x100066a8                __exidx_end = .
                0x100066a8                _etext = .

.data_RAM2      0x20000000        0x0 load address 0x14006920
 FILL mask 0xff
 *(.ramfunc.$RAM2)
 *(.ramfunc.$RamAHB32)
 *(.data.$RAM2*)
 *(.data.$RamAHB32*)
                0x20000000                . = ALIGN (0x4)

.data_RAM3      0x10080000        0x0 load address 0x14006920
 FILL mask 0xff
 *(.ramfunc.$RAM3)
 *(.ramfunc.$RamLoc72)
 *(.data.$RAM3*)
 *(.data.$RamLoc72*)
                0x10080000                . = ALIGN (0x4)

.data_RAM4      0x20008000     0x2264 load address 0x14006920
 FILL mask 0xff
                0x20008000                __core_m0app_START__ = .
 *(.core_m0app)
 .core_m0app    0x20008000     0x2264 C:/Users/ouroborus/Documents/BACHELOR/AimBot/Pixy/gcc/m0/Release/m0.axf.o
                0x2000a264                __core_m0app_END__ = .
                0x00000001                ASSERT (! ((__core_m0app_START__ == __core_m0app_END__)), No slave code for _core_m0app)
                0x00000001                ASSERT ((ABSOLUTE (__core_m0app_START__) == __vectors_start___core_m0app), M0APP execute address differs from address provided in source image)
 *(.ramfunc.$RAM4)
 *(.ramfunc.$RamAHB16)
 *(.data.$RAM4*)
 *(.data.$RamAHB16*)
                0x2000a264                . = ALIGN (0x4)

.eh_frame       0x2000a264        0x0 load address 0x14008b84
 .eh_frame      0x2000a264        0x0 c:/nxp/lpcxpresso_7.6.2_326/lpcxpresso/tools/bin/../lib/gcc/arm-none-eabi/4.9.3/armv7e-m/softfp\crtbegin.o

.rel.dyn        0x2000a264        0x0 load address 0x14008b84
 .rel.iplt      0x00000000        0x0 ./src/cr_cpp_config.o

.data_RAM5      0x2000c000        0x0 load address 0x14008b84
 FILL mask 0xff
 *(.ramfunc.$RAM5)
 *(.ramfunc.$RamAHB_ETB16)
 *(.data.$RAM5*)
 *(.data.$RamAHB_ETB16*)
                0x2000c000                . = ALIGN (0x4)

.uninit_RESERVED
                0x100066a8        0x0
 *(.bss.$RESERVED*)
                0x100066a8                . = ALIGN (0x4)
                0x100066a8                _end_uninit_RESERVED = .

.data           0x100066a8       0xcc load address 0x14008b84
 FILL mask 0xff
                0x100066a8                _data = .
 *(vtable)
 *(.ramfunc*)
 *(.data*)
 .data._ZL8g_stopM0
                0x100066a8        0x2 ./src/exec.o
 *fill*         0x100066aa        0x2 
 .data.g_progGreyshades
                0x100066ac       0x10 ./src/proggreyshades.o
                0x100066ac                g_progGreyshades
 .data.SystemCoreClock
                0x100066bc        0x4 ./src/system_LPC43xx.o
                0x100066bc                SystemCoreClock
 .data._ZL12g_getFrameM0
                0x100066c0        0x2 C:\Users\ouroborus\Documents\BACHELOR\AimBot\Pixy\gcc\pixy_m4\Release\libpixy_m4.a(camera.o)
 .data._ZL5g_awb
                0x100066c2        0x1 C:\Users\ouroborus\Documents\BACHELOR\AimBot\Pixy\gcc\pixy_m4\Release\libpixy_m4.a(camera.o)
 .data._ZL12g_brightness
                0x100066c3        0x1 C:\Users\ouroborus\Documents\BACHELOR\AimBot\Pixy\gcc\pixy_m4\Release\libpixy_m4.a(camera.o)
 .data._ZL6g_mode
                0x100066c4        0x1 C:\Users\ouroborus\Documents\BACHELOR\AimBot\Pixy\gcc\pixy_m4\Release\libpixy_m4.a(camera.o)
 *fill*         0x100066c5        0x3 
 .data.CGU_ClockSourceFrequency
                0x100066c8       0x44 C:\Users\ouroborus\Documents\BACHELOR\AimBot\Pixy\gcc\pixy_m4\Release\libpixy_m4.a(lpc43xx_cgu.o)
                0x100066c8                CGU_ClockSourceFrequency
 .data.impure_data
                0x1000670c       0x60 c:/nxp/lpcxpresso_7.6.2_326/lpcxpresso/tools/bin/../lib/gcc/arm-none-eabi/4.9.3/../../../../arm-none-eabi/lib/armv7e-m/softfp\libc_nano.a(lib_a-impure.o)
 .data._impure_ptr
                0x1000676c        0x4 c:/nxp/lpcxpresso_7.6.2_326/lpcxpresso/tools/bin/../lib/gcc/arm-none-eabi/4.9.3/../../../../arm-none-eabi/lib/armv7e-m/softfp\libc_nano.a(lib_a-impure.o)
                0x1000676c                _impure_ptr
 .data          0x10006770        0x4 c:/nxp/lpcxpresso_7.6.2_326/lpcxpresso/tools/bin/../lib/gcc/arm-none-eabi/4.9.3/armv7e-m/softfp\crtbegin.o
                0x10006770                __dso_handle
                0x10006774                . = ALIGN (0x4)
                0x10006774                _edata = .

.igot.plt       0x10006774        0x0 load address 0x14008c50
 .igot.plt      0x00000000        0x0 ./src/cr_cpp_config.o

.jcr            0x10006774        0x0 load address 0x14008c50
 .jcr           0x10006774        0x0 c:/nxp/lpcxpresso_7.6.2_326/lpcxpresso/tools/bin/../lib/gcc/arm-none-eabi/4.9.3/armv7e-m/softfp\crtbegin.o

.bss_RAM2       0x20000000        0x0
 *(.bss.$RAM2*)
 *(.bss.$RamAHB32*)
                0x20000000                . = ALIGN (0x4)

.bss_RAM3       0x10080000        0x0
 *(.bss.$RAM3*)
 *(.bss.$RamLoc72*)
                0x10080000                . = ALIGN (0x4)

.bss_RAM4       0x2000a264        0x0
 *(.bss.$RAM4*)
 *(.bss.$RamAHB16*)
                0x2000a264                . = ALIGN (0x4)

.bss_RAM5       0x2000c000        0x0
 *(.bss.$RAM5*)
 *(.bss.$RamAHB_ETB16*)
                0x2000c000                . = ALIGN (0x4)

.bss            0x10006800      0xb48
                0x10006800                _bss = .
 *(.bss*)
 .bss.g_execArg
                0x10006800        0x4 ./src/exec.o
                0x10006800                g_execArg
 .bss.g_running
                0x10006804        0x1 ./src/exec.o
                0x10006804                g_running
 .bss.g_program
                0x10006805        0x1 ./src/exec.o
                0x10006805                g_program
 *fill*         0x10006806        0x2 
 .bss._ZL11g_progTable
                0x10006808       0x20 ./src/exec.o
 .bss.g_run     0x10006828        0x1 ./src/exec.o
                0x10006828                g_run
 *fill*         0x10006829        0x3 
 .bss.m_serial  0x1000682c        0x8 ./src/proggreyshades.o
                0x1000682c                m_serial
 .bss.g_greyShades
                0x10006834       0x18 ./src/proggreyshades.o
 .bss.running   0x1000684c        0x1 ./src/proggreyshades.o
                0x1000684c                running
 .bss.currentRegion
                0x1000684d        0x1 ./src/proggreyshades.o
                0x1000684d                currentRegion
 .bss.m_medianVector
                0x1000684e        0x4 ./src/proggreyshades.o
                0x1000684e                m_medianVector
 *fill*         0x10006852        0x2 
 .bss.g_rawFrame
                0x10006854        0x8 C:\Users\ouroborus\Documents\BACHELOR\AimBot\Pixy\gcc\pixy_m4\Release\libpixy_m4.a(camera.o)
                0x10006854                g_rawFrame
 .bss.g_sccb    0x1000685c        0x4 C:\Users\ouroborus\Documents\BACHELOR\AimBot\Pixy\gcc\pixy_m4\Release\libpixy_m4.a(camera.o)
                0x1000685c                g_sccb
 .bss._ZL7g_dirty
                0x10006860        0x1 C:\Users\ouroborus\Documents\BACHELOR\AimBot\Pixy\gcc\pixy_m4\Release\libpixy_m4.a(param.o)
 .bss._ZZ9handleAWBvE5state
                0x10006861        0x1 C:\Users\ouroborus\Documents\BACHELOR\AimBot\Pixy\gcc\pixy_m4\Release\libpixy_m4.a(pixy_init.o)
 *fill*         0x10006862        0x2 
 .bss.g_chirpM0
                0x10006864        0x4 C:\Users\ouroborus\Documents\BACHELOR\AimBot\Pixy\gcc\pixy_m4\Release\libpixy_m4.a(pixy_init.o)
                0x10006864                g_chirpM0
 .bss._ZZ9handleAWBvE5timer
                0x10006868        0x4 C:\Users\ouroborus\Documents\BACHELOR\AimBot\Pixy\gcc\pixy_m4\Release\libpixy_m4.a(pixy_init.o)
 .bss.ep_read_len
                0x1000686c       0x10 C:\Users\ouroborus\Documents\BACHELOR\AimBot\Pixy\gcc\pixy_m4\Release\libpixy_m4.a(usbhw.o)
 .bss.DevStatusFS2HS
                0x1000687c        0x4 C:\Users\ouroborus\Documents\BACHELOR\AimBot\Pixy\gcc\pixy_m4\Release\libpixy_m4.a(usbhw.o)
                0x1000687c                DevStatusFS2HS
 .bss.__malloc_sbrk_start
                0x10006880        0x4 c:/nxp/lpcxpresso_7.6.2_326/lpcxpresso/tools/bin/../lib/gcc/arm-none-eabi/4.9.3/../../../../arm-none-eabi/lib/armv7e-m/softfp\libc_nano.a(lib_a-nano-mallocr.o)
                0x10006880                __malloc_sbrk_start
 .bss.__malloc_free_list
                0x10006884        0x4 c:/nxp/lpcxpresso_7.6.2_326/lpcxpresso/tools/bin/../lib/gcc/arm-none-eabi/4.9.3/../../../../arm-none-eabi/lib/armv7e-m/softfp\libc_nano.a(lib_a-nano-mallocr.o)
                0x10006884                __malloc_free_list
 .bss._ZN12_GLOBAL__N_113__new_handlerE
                0x10006888        0x4 c:/nxp/lpcxpresso_7.6.2_326/lpcxpresso/tools/bin/../lib/gcc/arm-none-eabi/4.9.3/../../../../arm-none-eabi/lib/armv7e-m/softfp\libstdc++_nano.a(new_handler.o)
 .bss           0x1000688c       0x1c c:/nxp/lpcxpresso_7.6.2_326/lpcxpresso/tools/bin/../lib/gcc/arm-none-eabi/4.9.3/armv7e-m/softfp\crtbegin.o
 *(COMMON)
 COMMON         0x100068a8       0x80 C:\Users\ouroborus\Documents\BACHELOR\AimBot\Pixy\gcc\pixy_m4\Release\libpixy_m4.a(platform_config.o)
                0x100068a8                g_spifi
 COMMON         0x10006928        0xc C:\Users\ouroborus\Documents\BACHELOR\AimBot\Pixy\gcc\pixy_m4\Release\libpixy_m4.a(ipc_mbx.o)
                0x10006928                mbxFlags
                0x1000692c                mbxLocalTablePtr
                0x10006930                mbxRemoteTablePtr
 *fill*         0x10006934      0x6cc 
 COMMON         0x10007000      0x340 C:\Users\ouroborus\Documents\BACHELOR\AimBot\Pixy\gcc\pixy_m4\Release\libpixy_m4.a(usbhw.o)
                0x10007000                ep_QH
                0x10007200                g_drv
                0x10007240                ep_TD
 COMMON         0x10007340        0x4 c:/nxp/lpcxpresso_7.6.2_326/lpcxpresso/tools/bin/../lib/gcc/arm-none-eabi/4.9.3/../../../../arm-none-eabi/lib/armv7e-m/softfp\libc_nano.a(lib_a-reent.o)
                0x10007340                errno
 COMMON         0x10007344        0x4 c:/nxp/lpcxpresso_7.6.2_326/lpcxpresso/tools/bin/../lib/gcc/arm-none-eabi/4.9.3/../../../../arm-none-eabi/lib/armv7e-m/softfp\libcr_newlib_nohost.a(_cr_sbrk.o)
                0x10007344                __end_of_heap
                0x10007348                . = ALIGN (0x4)
                0x10007348                _ebss = .
                0x10007348                PROVIDE (end, .)

.noinit_RAM2    0x20000000        0x0
 *(.noinit.$RAM2*)
 *(.noinit.$RamAHB32*)
                0x20000000                . = ALIGN (0x4)

.noinit_RAM3    0x10080000        0x0
 *(.noinit.$RAM3*)
 *(.noinit.$RamLoc72*)
                0x10080000                . = ALIGN (0x4)

.noinit_RAM4    0x2000a264        0x0
 *(.noinit.$RAM4*)
 *(.noinit.$RamAHB16*)
                0x2000a264                . = ALIGN (0x4)

.noinit_RAM5    0x2000c000        0x0
 *(.noinit.$RAM5*)
 *(.noinit.$RamAHB_ETB16*)
                0x2000c000                . = ALIGN (0x4)

.noinit         0x10007348        0x0
                0x10007348                _noinit = .
 *(.noinit*)
                0x10007348                . = ALIGN (0x4)
                0x10007348                _end_noinit = .
                0x20000000                PROVIDE (_pvHeapStart, ADDR (.data_RAM2))
                0x20008000                PROVIDE (_vStackTop, __top_RamAHB32)
OUTPUT(video.axf elf32-littlearm)

.debug_info     0x00000000    0x1b73c
 .debug_info    0x00000000      0x213 ./src/cr_cpp_config.o
 .debug_info    0x00000213      0x199 ./src/cr_start_m0.o
 .debug_info    0x000003ac      0x30c ./src/cr_startup_lpc43xx.o
 .debug_info    0x000006b8      0x9f2 ./src/exec.o
 .debug_info    0x000010aa      0x534 ./src/flash.o
 .debug_info    0x000015de      0x209 ./src/main_m4.o
 .debug_info    0x000017e7     0x7c45 ./src/proggreyshades.o
 .debug_info    0x0000942c      0x6b5 ./src/system_LPC43xx.o
 .debug_info    0x00009ae1     0x1227 C:\Users\ouroborus\Documents\BACHELOR\AimBot\Pixy\gcc\pixy_m4\Release\libpixy_m4.a(camera.o)
 .debug_info    0x0000ad08     0x2e21 C:\Users\ouroborus\Documents\BACHELOR\AimBot\Pixy\gcc\pixy_m4\Release\libpixy_m4.a(chirp.o)
 .debug_info    0x0000db29     0x1764 C:\Users\ouroborus\Documents\BACHELOR\AimBot\Pixy\gcc\pixy_m4\Release\libpixy_m4.a(lpc43xx_cgu.o)
 .debug_info    0x0000f28d      0x130 C:\Users\ouroborus\Documents\BACHELOR\AimBot\Pixy\gcc\pixy_m4\Release\libpixy_m4.a(lpc43xx_scu.o)
 .debug_info    0x0000f3bd     0x158b C:\Users\ouroborus\Documents\BACHELOR\AimBot\Pixy\gcc\pixy_m4\Release\libpixy_m4.a(lpc43xx_uart.o)
 .debug_info    0x00010948     0x1257 C:\Users\ouroborus\Documents\BACHELOR\AimBot\Pixy\gcc\pixy_m4\Release\libpixy_m4.a(param.o)
 .debug_info    0x00011b9f     0x10a9 C:\Users\ouroborus\Documents\BACHELOR\AimBot\Pixy\gcc\pixy_m4\Release\libpixy_m4.a(pixy_init.o)
 .debug_info    0x00012c48     0x27ad C:\Users\ouroborus\Documents\BACHELOR\AimBot\Pixy\gcc\pixy_m4\Release\libpixy_m4.a(platform_config.o)
 .debug_info    0x000153f5      0x443 C:\Users\ouroborus\Documents\BACHELOR\AimBot\Pixy\gcc\pixy_m4\Release\libpixy_m4.a(power.o)
 .debug_info    0x00015838      0xb18 C:\Users\ouroborus\Documents\BACHELOR\AimBot\Pixy\gcc\pixy_m4\Release\libpixy_m4.a(sccb.o)
 .debug_info    0x00016350      0x924 C:\Users\ouroborus\Documents\BACHELOR\AimBot\Pixy\gcc\pixy_m4\Release\libpixy_m4.a(smlink.o)
 .debug_info    0x00016c74      0xffb C:\Users\ouroborus\Documents\BACHELOR\AimBot\Pixy\gcc\pixy_m4\Release\libpixy_m4.a(debug_frmwrk.o)
 .debug_info    0x00017c6f      0x113 C:\Users\ouroborus\Documents\BACHELOR\AimBot\Pixy\gcc\pixy_m4\Release\libpixy_m4.a(fpu_init.o)
 .debug_info    0x00017d82     0x12e8 C:\Users\ouroborus\Documents\BACHELOR\AimBot\Pixy\gcc\pixy_m4\Release\libpixy_m4.a(ipc_mbx.o)
 .debug_info    0x0001906a      0x608 C:\Users\ouroborus\Documents\BACHELOR\AimBot\Pixy\gcc\pixy_m4\Release\libpixy_m4.a(lpc43xx_adc.o)
 .debug_info    0x00019672      0x940 C:\Users\ouroborus\Documents\BACHELOR\AimBot\Pixy\gcc\pixy_m4\Release\libpixy_m4.a(misc.o)
 .debug_info    0x00019fb2     0x15f3 C:\Users\ouroborus\Documents\BACHELOR\AimBot\Pixy\gcc\pixy_m4\Release\libpixy_m4.a(usbhw.o)
 .debug_info    0x0001b5a5      0x12d c:/nxp/lpcxpresso_7.6.2_326/lpcxpresso/tools/bin/../lib/gcc/arm-none-eabi/4.9.3/../../../../arm-none-eabi/lib/armv7e-m/softfp\libcr_newlib_nohost.a(_cr_sbrk.o)
 .debug_info    0x0001b6d2       0x6a c:/nxp/lpcxpresso_7.6.2_326/lpcxpresso/tools/bin/../lib/gcc/arm-none-eabi/4.9.3/../../../../arm-none-eabi/lib/armv7e-m/softfp\libcr_newlib_nohost.a(_cr_check_heap.o)

.debug_abbrev   0x00000000     0x45f7
 .debug_abbrev  0x00000000      0x13f ./src/cr_cpp_config.o
 .debug_abbrev  0x0000013f       0xe7 ./src/cr_start_m0.o
 .debug_abbrev  0x00000226      0x153 ./src/cr_startup_lpc43xx.o
 .debug_abbrev  0x00000379      0x31d ./src/exec.o
 .debug_abbrev  0x00000696      0x1b1 ./src/flash.o
 .debug_abbrev  0x00000847      0x137 ./src/main_m4.o
 .debug_abbrev  0x0000097e      0x8ed ./src/proggreyshades.o
 .debug_abbrev  0x0000126b      0x10b ./src/system_LPC43xx.o
 .debug_abbrev  0x00001376      0x3fa C:\Users\ouroborus\Documents\BACHELOR\AimBot\Pixy\gcc\pixy_m4\Release\libpixy_m4.a(camera.o)
 .debug_abbrev  0x00001770      0x5db C:\Users\ouroborus\Documents\BACHELOR\AimBot\Pixy\gcc\pixy_m4\Release\libpixy_m4.a(chirp.o)
 .debug_abbrev  0x00001d4b      0x2dd C:\Users\ouroborus\Documents\BACHELOR\AimBot\Pixy\gcc\pixy_m4\Release\libpixy_m4.a(lpc43xx_cgu.o)
 .debug_abbrev  0x00002028       0xae C:\Users\ouroborus\Documents\BACHELOR\AimBot\Pixy\gcc\pixy_m4\Release\libpixy_m4.a(lpc43xx_scu.o)
 .debug_abbrev  0x000020d6      0x342 C:\Users\ouroborus\Documents\BACHELOR\AimBot\Pixy\gcc\pixy_m4\Release\libpixy_m4.a(lpc43xx_uart.o)
 .debug_abbrev  0x00002418      0x416 C:\Users\ouroborus\Documents\BACHELOR\AimBot\Pixy\gcc\pixy_m4\Release\libpixy_m4.a(param.o)
 .debug_abbrev  0x0000282e      0x3d3 C:\Users\ouroborus\Documents\BACHELOR\AimBot\Pixy\gcc\pixy_m4\Release\libpixy_m4.a(pixy_init.o)
 .debug_abbrev  0x00002c01      0x269 C:\Users\ouroborus\Documents\BACHELOR\AimBot\Pixy\gcc\pixy_m4\Release\libpixy_m4.a(platform_config.o)
 .debug_abbrev  0x00002e6a      0x1b1 C:\Users\ouroborus\Documents\BACHELOR\AimBot\Pixy\gcc\pixy_m4\Release\libpixy_m4.a(power.o)
 .debug_abbrev  0x0000301b      0x2bd C:\Users\ouroborus\Documents\BACHELOR\AimBot\Pixy\gcc\pixy_m4\Release\libpixy_m4.a(sccb.o)
 .debug_abbrev  0x000032d8      0x2d6 C:\Users\ouroborus\Documents\BACHELOR\AimBot\Pixy\gcc\pixy_m4\Release\libpixy_m4.a(smlink.o)
 .debug_abbrev  0x000035ae      0x283 C:\Users\ouroborus\Documents\BACHELOR\AimBot\Pixy\gcc\pixy_m4\Release\libpixy_m4.a(debug_frmwrk.o)
 .debug_abbrev  0x00003831       0x8e C:\Users\ouroborus\Documents\BACHELOR\AimBot\Pixy\gcc\pixy_m4\Release\libpixy_m4.a(fpu_init.o)
 .debug_abbrev  0x000038bf      0x38e C:\Users\ouroborus\Documents\BACHELOR\AimBot\Pixy\gcc\pixy_m4\Release\libpixy_m4.a(ipc_mbx.o)
 .debug_abbrev  0x00003c4d      0x197 C:\Users\ouroborus\Documents\BACHELOR\AimBot\Pixy\gcc\pixy_m4\Release\libpixy_m4.a(lpc43xx_adc.o)
 .debug_abbrev  0x00003de4      0x2c8 C:\Users\ouroborus\Documents\BACHELOR\AimBot\Pixy\gcc\pixy_m4\Release\libpixy_m4.a(misc.o)
 .debug_abbrev  0x000040ac      0x3f3 C:\Users\ouroborus\Documents\BACHELOR\AimBot\Pixy\gcc\pixy_m4\Release\libpixy_m4.a(usbhw.o)
 .debug_abbrev  0x0000449f       0xf6 c:/nxp/lpcxpresso_7.6.2_326/lpcxpresso/tools/bin/../lib/gcc/arm-none-eabi/4.9.3/../../../../arm-none-eabi/lib/armv7e-m/softfp\libcr_newlib_nohost.a(_cr_sbrk.o)
 .debug_abbrev  0x00004595       0x62 c:/nxp/lpcxpresso_7.6.2_326/lpcxpresso/tools/bin/../lib/gcc/arm-none-eabi/4.9.3/../../../../arm-none-eabi/lib/armv7e-m/softfp\libcr_newlib_nohost.a(_cr_check_heap.o)

.debug_loc      0x00000000     0x8833
 .debug_loc     0x00000000       0xa5 ./src/cr_cpp_config.o
 .debug_loc     0x000000a5       0xae ./src/cr_start_m0.o
 .debug_loc     0x00000153      0x232 ./src/cr_startup_lpc43xx.o
 .debug_loc     0x00000385      0x206 ./src/exec.o
 .debug_loc     0x0000058b      0x1d8 ./src/flash.o
 .debug_loc     0x00000763     0x168e ./src/proggreyshades.o
 .debug_loc     0x00001df1      0x714 C:\Users\ouroborus\Documents\BACHELOR\AimBot\Pixy\gcc\pixy_m4\Release\libpixy_m4.a(camera.o)
 .debug_loc     0x00002505     0x2524 C:\Users\ouroborus\Documents\BACHELOR\AimBot\Pixy\gcc\pixy_m4\Release\libpixy_m4.a(chirp.o)
 .debug_loc     0x00004a29      0x903 C:\Users\ouroborus\Documents\BACHELOR\AimBot\Pixy\gcc\pixy_m4\Release\libpixy_m4.a(lpc43xx_cgu.o)
 .debug_loc     0x0000532c       0x42 C:\Users\ouroborus\Documents\BACHELOR\AimBot\Pixy\gcc\pixy_m4\Release\libpixy_m4.a(lpc43xx_scu.o)
 .debug_loc     0x0000536e      0xe51 C:\Users\ouroborus\Documents\BACHELOR\AimBot\Pixy\gcc\pixy_m4\Release\libpixy_m4.a(lpc43xx_uart.o)
 .debug_loc     0x000061bf      0x7c1 C:\Users\ouroborus\Documents\BACHELOR\AimBot\Pixy\gcc\pixy_m4\Release\libpixy_m4.a(param.o)
 .debug_loc     0x00006980       0x26 C:\Users\ouroborus\Documents\BACHELOR\AimBot\Pixy\gcc\pixy_m4\Release\libpixy_m4.a(pixy_init.o)
 .debug_loc     0x000069a6       0x13 C:\Users\ouroborus\Documents\BACHELOR\AimBot\Pixy\gcc\pixy_m4\Release\libpixy_m4.a(platform_config.o)
 .debug_loc     0x000069b9       0x75 C:\Users\ouroborus\Documents\BACHELOR\AimBot\Pixy\gcc\pixy_m4\Release\libpixy_m4.a(power.o)
 .debug_loc     0x00006a2e      0x1fb C:\Users\ouroborus\Documents\BACHELOR\AimBot\Pixy\gcc\pixy_m4\Release\libpixy_m4.a(sccb.o)
 .debug_loc     0x00006c29      0x338 C:\Users\ouroborus\Documents\BACHELOR\AimBot\Pixy\gcc\pixy_m4\Release\libpixy_m4.a(smlink.o)
 .debug_loc     0x00006f61      0x8c1 C:\Users\ouroborus\Documents\BACHELOR\AimBot\Pixy\gcc\pixy_m4\Release\libpixy_m4.a(debug_frmwrk.o)
 .debug_loc     0x00007822       0x20 C:\Users\ouroborus\Documents\BACHELOR\AimBot\Pixy\gcc\pixy_m4\Release\libpixy_m4.a(fpu_init.o)
 .debug_loc     0x00007842      0x511 C:\Users\ouroborus\Documents\BACHELOR\AimBot\Pixy\gcc\pixy_m4\Release\libpixy_m4.a(ipc_mbx.o)
 .debug_loc     0x00007d53      0x259 C:\Users\ouroborus\Documents\BACHELOR\AimBot\Pixy\gcc\pixy_m4\Release\libpixy_m4.a(lpc43xx_adc.o)
 .debug_loc     0x00007fac      0x1a5 C:\Users\ouroborus\Documents\BACHELOR\AimBot\Pixy\gcc\pixy_m4\Release\libpixy_m4.a(misc.o)
 .debug_loc     0x00008151      0x661 C:\Users\ouroborus\Documents\BACHELOR\AimBot\Pixy\gcc\pixy_m4\Release\libpixy_m4.a(usbhw.o)
 .debug_loc     0x000087b2       0x47 c:/nxp/lpcxpresso_7.6.2_326/lpcxpresso/tools/bin/../lib/gcc/arm-none-eabi/4.9.3/../../../../arm-none-eabi/lib/armv7e-m/softfp\libcr_newlib_nohost.a(_cr_sbrk.o)
 .debug_loc     0x000087f9       0x3a c:/nxp/lpcxpresso_7.6.2_326/lpcxpresso/tools/bin/../lib/gcc/arm-none-eabi/4.9.3/../../../../arm-none-eabi/lib/armv7e-m/softfp\libcr_newlib_nohost.a(_cr_check_heap.o)

.debug_aranges  0x00000000      0xc18
 .debug_aranges
                0x00000000       0x48 ./src/cr_cpp_config.o
 .debug_aranges
                0x00000048       0x20 ./src/cr_start_m0.o
 .debug_aranges
                0x00000068       0x80 ./src/cr_startup_lpc43xx.o
 .debug_aranges
                0x000000e8       0x90 ./src/exec.o
 .debug_aranges
                0x00000178       0x30 ./src/flash.o
 .debug_aranges
                0x000001a8       0x20 ./src/main_m4.o
 .debug_aranges
                0x000001c8       0xc8 ./src/proggreyshades.o
 .debug_aranges
                0x00000290       0x20 ./src/system_LPC43xx.o
 .debug_aranges
                0x000002b0       0xd8 C:\Users\ouroborus\Documents\BACHELOR\AimBot\Pixy\gcc\pixy_m4\Release\libpixy_m4.a(camera.o)
 .debug_aranges
                0x00000388      0x188 C:\Users\ouroborus\Documents\BACHELOR\AimBot\Pixy\gcc\pixy_m4\Release\libpixy_m4.a(chirp.o)
 .debug_aranges
                0x00000510       0x80 C:\Users\ouroborus\Documents\BACHELOR\AimBot\Pixy\gcc\pixy_m4\Release\libpixy_m4.a(lpc43xx_cgu.o)
 .debug_aranges
                0x00000590       0x20 C:\Users\ouroborus\Documents\BACHELOR\AimBot\Pixy\gcc\pixy_m4\Release\libpixy_m4.a(lpc43xx_scu.o)
 .debug_aranges
                0x000005b0       0xe0 C:\Users\ouroborus\Documents\BACHELOR\AimBot\Pixy\gcc\pixy_m4\Release\libpixy_m4.a(lpc43xx_uart.o)
 .debug_aranges
                0x00000690       0xb0 C:\Users\ouroborus\Documents\BACHELOR\AimBot\Pixy\gcc\pixy_m4\Release\libpixy_m4.a(param.o)
 .debug_aranges
                0x00000740       0x70 C:\Users\ouroborus\Documents\BACHELOR\AimBot\Pixy\gcc\pixy_m4\Release\libpixy_m4.a(pixy_init.o)
 .debug_aranges
                0x000007b0       0x38 C:\Users\ouroborus\Documents\BACHELOR\AimBot\Pixy\gcc\pixy_m4\Release\libpixy_m4.a(platform_config.o)
 .debug_aranges
                0x000007e8       0x40 C:\Users\ouroborus\Documents\BACHELOR\AimBot\Pixy\gcc\pixy_m4\Release\libpixy_m4.a(power.o)
 .debug_aranges
                0x00000828       0x68 C:\Users\ouroborus\Documents\BACHELOR\AimBot\Pixy\gcc\pixy_m4\Release\libpixy_m4.a(sccb.o)
 .debug_aranges
                0x00000890       0x68 C:\Users\ouroborus\Documents\BACHELOR\AimBot\Pixy\gcc\pixy_m4\Release\libpixy_m4.a(smlink.o)
 .debug_aranges
                0x000008f8       0x78 C:\Users\ouroborus\Documents\BACHELOR\AimBot\Pixy\gcc\pixy_m4\Release\libpixy_m4.a(debug_frmwrk.o)
 .debug_aranges
                0x00000970       0x20 C:\Users\ouroborus\Documents\BACHELOR\AimBot\Pixy\gcc\pixy_m4\Release\libpixy_m4.a(fpu_init.o)
 .debug_aranges
                0x00000990       0xa8 C:\Users\ouroborus\Documents\BACHELOR\AimBot\Pixy\gcc\pixy_m4\Release\libpixy_m4.a(ipc_mbx.o)
 .debug_aranges
                0x00000a38       0x78 C:\Users\ouroborus\Documents\BACHELOR\AimBot\Pixy\gcc\pixy_m4\Release\libpixy_m4.a(lpc43xx_adc.o)
 .debug_aranges
                0x00000ab0       0x50 C:\Users\ouroborus\Documents\BACHELOR\AimBot\Pixy\gcc\pixy_m4\Release\libpixy_m4.a(misc.o)
 .debug_aranges
                0x00000b00       0xd8 C:\Users\ouroborus\Documents\BACHELOR\AimBot\Pixy\gcc\pixy_m4\Release\libpixy_m4.a(usbhw.o)
 .debug_aranges
                0x00000bd8       0x20 c:/nxp/lpcxpresso_7.6.2_326/lpcxpresso/tools/bin/../lib/gcc/arm-none-eabi/4.9.3/../../../../arm-none-eabi/lib/armv7e-m/softfp\libcr_newlib_nohost.a(_cr_sbrk.o)
 .debug_aranges
                0x00000bf8       0x20 c:/nxp/lpcxpresso_7.6.2_326/lpcxpresso/tools/bin/../lib/gcc/arm-none-eabi/4.9.3/../../../../arm-none-eabi/lib/armv7e-m/softfp\libcr_newlib_nohost.a(_cr_check_heap.o)

.debug_ranges   0x00000000     0x13b0
 .debug_ranges  0x00000000       0x38 ./src/cr_cpp_config.o
 .debug_ranges  0x00000038       0x28 ./src/cr_start_m0.o
 .debug_ranges  0x00000060       0x70 ./src/cr_startup_lpc43xx.o
 .debug_ranges  0x000000d0       0xb0 ./src/exec.o
 .debug_ranges  0x00000180       0x50 ./src/flash.o
 .debug_ranges  0x000001d0       0x10 ./src/main_m4.o
 .debug_ranges  0x000001e0      0x4b0 ./src/proggreyshades.o
 .debug_ranges  0x00000690       0x10 ./src/system_LPC43xx.o
 .debug_ranges  0x000006a0      0x160 C:\Users\ouroborus\Documents\BACHELOR\AimBot\Pixy\gcc\pixy_m4\Release\libpixy_m4.a(camera.o)
 .debug_ranges  0x00000800      0x398 C:\Users\ouroborus\Documents\BACHELOR\AimBot\Pixy\gcc\pixy_m4\Release\libpixy_m4.a(chirp.o)
 .debug_ranges  0x00000b98       0xa0 C:\Users\ouroborus\Documents\BACHELOR\AimBot\Pixy\gcc\pixy_m4\Release\libpixy_m4.a(lpc43xx_cgu.o)
 .debug_ranges  0x00000c38       0x10 C:\Users\ouroborus\Documents\BACHELOR\AimBot\Pixy\gcc\pixy_m4\Release\libpixy_m4.a(lpc43xx_scu.o)
 .debug_ranges  0x00000c48       0xd0 C:\Users\ouroborus\Documents\BACHELOR\AimBot\Pixy\gcc\pixy_m4\Release\libpixy_m4.a(lpc43xx_uart.o)
 .debug_ranges  0x00000d18      0x130 C:\Users\ouroborus\Documents\BACHELOR\AimBot\Pixy\gcc\pixy_m4\Release\libpixy_m4.a(param.o)
 .debug_ranges  0x00000e48       0xa8 C:\Users\ouroborus\Documents\BACHELOR\AimBot\Pixy\gcc\pixy_m4\Release\libpixy_m4.a(pixy_init.o)
 .debug_ranges  0x00000ef0       0x28 C:\Users\ouroborus\Documents\BACHELOR\AimBot\Pixy\gcc\pixy_m4\Release\libpixy_m4.a(platform_config.o)
 .debug_ranges  0x00000f18       0x30 C:\Users\ouroborus\Documents\BACHELOR\AimBot\Pixy\gcc\pixy_m4\Release\libpixy_m4.a(power.o)
 .debug_ranges  0x00000f48       0xb8 C:\Users\ouroborus\Documents\BACHELOR\AimBot\Pixy\gcc\pixy_m4\Release\libpixy_m4.a(sccb.o)
 .debug_ranges  0x00001000       0xe0 C:\Users\ouroborus\Documents\BACHELOR\AimBot\Pixy\gcc\pixy_m4\Release\libpixy_m4.a(smlink.o)
 .debug_ranges  0x000010e0       0x68 C:\Users\ouroborus\Documents\BACHELOR\AimBot\Pixy\gcc\pixy_m4\Release\libpixy_m4.a(debug_frmwrk.o)
 .debug_ranges  0x00001148       0x10 C:\Users\ouroborus\Documents\BACHELOR\AimBot\Pixy\gcc\pixy_m4\Release\libpixy_m4.a(fpu_init.o)
 .debug_ranges  0x00001158       0xb0 C:\Users\ouroborus\Documents\BACHELOR\AimBot\Pixy\gcc\pixy_m4\Release\libpixy_m4.a(ipc_mbx.o)
 .debug_ranges  0x00001208       0x68 C:\Users\ouroborus\Documents\BACHELOR\AimBot\Pixy\gcc\pixy_m4\Release\libpixy_m4.a(lpc43xx_adc.o)
 .debug_ranges  0x00001270       0x58 C:\Users\ouroborus\Documents\BACHELOR\AimBot\Pixy\gcc\pixy_m4\Release\libpixy_m4.a(misc.o)
 .debug_ranges  0x000012c8       0xc8 C:\Users\ouroborus\Documents\BACHELOR\AimBot\Pixy\gcc\pixy_m4\Release\libpixy_m4.a(usbhw.o)
 .debug_ranges  0x00001390       0x10 c:/nxp/lpcxpresso_7.6.2_326/lpcxpresso/tools/bin/../lib/gcc/arm-none-eabi/4.9.3/../../../../arm-none-eabi/lib/armv7e-m/softfp\libcr_newlib_nohost.a(_cr_sbrk.o)
 .debug_ranges  0x000013a0       0x10 c:/nxp/lpcxpresso_7.6.2_326/lpcxpresso/tools/bin/../lib/gcc/arm-none-eabi/4.9.3/../../../../arm-none-eabi/lib/armv7e-m/softfp\libcr_newlib_nohost.a(_cr_check_heap.o)

.debug_macro    0x00000000     0x65e2
 .debug_macro   0x00000000       0xcf ./src/cr_cpp_config.o
 .debug_macro   0x000000cf      0x8da ./src/cr_cpp_config.o
 .debug_macro   0x000009a9       0x58 ./src/cr_cpp_config.o
 .debug_macro   0x00000a01       0x22 ./src/cr_cpp_config.o
 .debug_macro   0x00000a23       0x35 ./src/cr_cpp_config.o
 .debug_macro   0x00000a58       0x9c ./src/cr_cpp_config.o
 .debug_macro   0x00000af4       0x16 ./src/cr_cpp_config.o
 .debug_macro   0x00000b0a      0x10e ./src/cr_cpp_config.o
 .debug_macro   0x00000c18       0x7f ./src/cr_cpp_config.o
 .debug_macro   0x00000c97       0x4a ./src/cr_cpp_config.o
 .debug_macro   0x00000ce1       0x52 ./src/cr_cpp_config.o
 .debug_macro   0x00000d33       0x16 ./src/cr_cpp_config.o
 .debug_macro   0x00000d49       0x43 ./src/cr_cpp_config.o
 .debug_macro   0x00000d8c      0x180 ./src/cr_cpp_config.o
 .debug_macro   0x00000f0c       0x16 ./src/cr_cpp_config.o
 .debug_macro   0x00000f22       0x29 ./src/cr_cpp_config.o
 .debug_macro   0x00000f4b       0x78 ./src/cr_start_m0.o
 .debug_macro   0x00000fc3      0x8b6 ./src/cr_start_m0.o
 .debug_macro   0x00001879       0x16 ./src/cr_start_m0.o
 .debug_macro   0x0000188f       0x44 ./src/cr_start_m0.o
 .debug_macro   0x000018d3       0x1c ./src/cr_start_m0.o
 .debug_macro   0x000018ef      0x1f7 ./src/cr_start_m0.o
 .debug_macro   0x00001ae6       0x1d ./src/cr_startup_lpc43xx.o
 .debug_macro   0x00001b03      0x322 ./src/exec.o
 .debug_macro   0x00001e25       0x16 ./src/exec.o
 .debug_macro   0x00001e3b       0x97 ./src/exec.o
 .debug_macro   0x00001ed2      0x2b2 ./src/exec.o
 .debug_macro   0x00002184       0xef ./src/exec.o
 .debug_macro   0x00002273       0x10 ./src/exec.o
 .debug_macro   0x00002283       0x10 ./src/exec.o
 .debug_macro   0x00002293       0x22 ./src/exec.o
 .debug_macro   0x000022b5       0xbd ./src/exec.o
 .debug_macro   0x00002372       0x16 ./src/exec.o
 .debug_macro   0x00002388      0x16d ./src/exec.o
 .debug_macro   0x000024f5       0x60 ./src/exec.o
 .debug_macro   0x00002555       0x2d ./src/exec.o
 .debug_macro   0x00002582       0x35 ./src/exec.o
 .debug_macro   0x000025b7       0x18 ./src/exec.o
 .debug_macro   0x000025cf       0x57 ./src/exec.o
 .debug_macro   0x00002626      0x8cb ./src/exec.o
 .debug_macro   0x00002ef1      0x329 ./src/exec.o
 .debug_macro   0x0000321a      0x3ad ./src/exec.o
 .debug_macro   0x000035c7       0x58 ./src/exec.o
 .debug_macro   0x0000361f       0x10 ./src/exec.o
 .debug_macro   0x0000362f       0xff ./src/exec.o
 .debug_macro   0x0000372e      0x26c ./src/exec.o
 .debug_macro   0x0000399a       0xc4 ./src/exec.o
 .debug_macro   0x00003a5e       0x10 ./src/exec.o
 .debug_macro   0x00003a6e       0xc8 ./src/exec.o
 .debug_macro   0x00003b36       0x51 ./src/exec.o
 .debug_macro   0x00003b87       0x10 ./src/exec.o
 .debug_macro   0x00003b97       0x36 ./src/exec.o
 .debug_macro   0x00003bcd       0x35 ./src/exec.o
 .debug_macro   0x00003c02       0x52 ./src/exec.o
 .debug_macro   0x00003c54       0x40 ./src/exec.o
 .debug_macro   0x00003c94      0x351 ./src/exec.o
 .debug_macro   0x00003fe5       0x5e ./src/exec.o
 .debug_macro   0x00004043       0x22 ./src/exec.o
 .debug_macro   0x00004065       0x10 ./src/exec.o
 .debug_macro   0x00004075       0x10 ./src/exec.o
 .debug_macro   0x00004085      0x448 ./src/exec.o
 .debug_macro   0x000044cd       0x28 ./src/exec.o
 .debug_macro   0x000044f5       0x28 ./src/exec.o
 .debug_macro   0x0000451d       0x2e ./src/exec.o
 .debug_macro   0x0000454b       0x7c ./src/exec.o
 .debug_macro   0x000045c7       0x5e ./src/exec.o
 .debug_macro   0x00004625      0x10b ./src/flash.o
 .debug_macro   0x00004730      0x166 ./src/flash.o
 .debug_macro   0x00004896       0x10 ./src/flash.o
 .debug_macro   0x000048a6      0x134 ./src/flash.o
 .debug_macro   0x000049da       0x34 ./src/flash.o
 .debug_macro   0x00004a0e      0x3bd ./src/main_m4.o
 .debug_macro   0x00004dcb       0x58 ./src/main_m4.o
 .debug_macro   0x00004e23       0x22 ./src/main_m4.o
 .debug_macro   0x00004e45       0x66 ./src/main_m4.o
 .debug_macro   0x00004eab       0x10 ./src/main_m4.o
 .debug_macro   0x00004ebb       0xef ./src/main_m4.o
 .debug_macro   0x00004faa      0x330 ./src/main_m4.o
 .debug_macro   0x000052da       0x1c ./src/main_m4.o
 .debug_macro   0x000052f6       0x6e ./src/main_m4.o
 .debug_macro   0x00005364       0x28 ./src/main_m4.o
 .debug_macro   0x0000538c       0x12 ./src/main_m4.o
 .debug_macro   0x0000539e       0x82 ./src/main_m4.o
 .debug_macro   0x00005420       0x12 ./src/main_m4.o
 .debug_macro   0x00005432       0x12 ./src/main_m4.o
 .debug_macro   0x00005444       0x3a ./src/main_m4.o
 .debug_macro   0x0000547e      0x31b ./src/proggreyshades.o
 .debug_macro   0x00005799       0x22 ./src/proggreyshades.o
 .debug_macro   0x000057bb       0x8e ./src/proggreyshades.o
 .debug_macro   0x00005849       0x10 ./src/proggreyshades.o
 .debug_macro   0x00005859       0xb5 ./src/system_LPC43xx.o
 .debug_macro   0x0000590e       0x2d ./src/system_LPC43xx.o
 .debug_macro   0x0000593b      0x8cb ./src/system_LPC43xx.o
 .debug_macro   0x00006206      0x329 ./src/system_LPC43xx.o
 .debug_macro   0x0000652f       0x6d ./src/system_LPC43xx.o
 .debug_macro   0x0000659c       0x46 ./src/system_LPC43xx.o

.debug_line     0x00000000     0x6703
 .debug_line    0x00000000      0x272 ./src/cr_cpp_config.o
 .debug_line    0x00000272      0x249 ./src/cr_start_m0.o
 .debug_line    0x000004bb       0xdf ./src/cr_startup_lpc43xx.o
 .debug_line    0x0000059a      0x6e5 ./src/exec.o